Les modules suivants n'ont pas été elevés de votre environnement :
  (Utilisez "module --force purge" pour tous les enlever):

  1) CCconfig        6)  ucx/1.14.1         11) flexiblas/3.3.1
  2) gentoo/2023     7)  libfabric/1.18.0   12) aocl-blas/5.1
  3) gcccore/.12.3   8)  pmix/4.2.4         13) aocl-lapack/5.1
  4) gcc/12.3        9)  ucc/1.2.0          14) StdEnv/2023
  5) hwloc/2.9.1     10) openmpi/4.1.5

Dû à un changement dans la variable MODULEPATH, les modules suivants ont été rechargés :
  1) aocl-blas/5.1     2) aocl-lapack/5.1

Les modules suivants ont été rechargés avec un changement de version :
  1) flexiblas/3.3.1 => flexiblas/3.4.4       6) openmpi/4.1.5 => openmpi/5.0.3
  2) gcc/12.3 => gcc/13.3                     7) pmix/4.2.4 => pmix/5.0.2
  3) gcccore/.12.3 => gcccore/.13.3           8) ucc/1.2.0 => ucc/1.3.0
  4) hwloc/2.9.1 => hwloc/2.10.0              9) ucx/1.14.1 => ucx/1.16.0
  5) libfabric/1.18.0 => libfabric/1.21.0

created virtual environment CPython3.11.5.final.0-64 in 688ms
  creator CPython3Posix(dest=/localscratch/blgr.20850133.0/env, clear=False, no_vcs_ignore=False, global=False)
  seeder FromAppData(download=False, pip=bundle, setuptools=bundle, wheel=bundle, via=copy, app_data_dir=/home/blgr/.local/share/virtualenv)
    added seed packages: pip==26.1.2+computecanada, setuptools==83.0.0+computecanada, wheel==0.46.3+computecanada
  activators BashActivator,CShellActivator,FishActivator,NushellActivator,PowerShellActivator,PythonActivator
Looking in links: /cvmfs/soft.computecanada.ca/custom/python/wheelhouse/gentoo2023/x86-64-v4, /cvmfs/soft.computecanada.ca/custom/python/wheelhouse/gentoo2023/x86-64-v3, /cvmfs/soft.computecanada.ca/custom/python/wheelhouse/gentoo2023/generic, /cvmfs/soft.computecanada.ca/custom/python/wheelhouse/generic
Requirement already satisfied: pip in /localscratch/blgr.20850133.0/env/lib/python3.11/site-packages (26.1.2+computecanada)
Looking in links: /cvmfs/soft.computecanada.ca/custom/python/wheelhouse/gentoo2023/x86-64-v4, /cvmfs/soft.computecanada.ca/custom/python/wheelhouse/gentoo2023/x86-64-v3, /cvmfs/soft.computecanada.ca/custom/python/wheelhouse/gentoo2023/generic, /cvmfs/soft.computecanada.ca/custom/python/wheelhouse/generic
Processing /cvmfs/soft.computecanada.ca/custom/python/wheelhouse/gentoo2023/x86-64-v3/torch-2.14.0+computecanada-cp311-cp311-linux_x86_64.whl (from -r requirements-cluster.txt (line 13))
Processing /cvmfs/soft.computecanada.ca/custom/python/wheelhouse/gentoo2023/generic/torchvision-0.29.0+computecanada-cp311-cp311-linux_x86_64.whl (from -r requirements-cluster.txt (line 14))
Processing /cvmfs/soft.computecanada.ca/custom/python/wheelhouse/gentoo2023/generic/numpy-2.4.2+computecanada-cp311-cp311-linux_x86_64.whl (from -r requirements-cluster.txt (line 15))
Processing /cvmfs/soft.computecanada.ca/custom/python/wheelhouse/gentoo2023/x86-64-v3/matplotlib-3.11.1+computecanada-cp311-cp311-linux_x86_64.whl (from -r requirements-cluster.txt (line 16))
Processing /cvmfs/soft.computecanada.ca/custom/python/wheelhouse/generic/filelock-3.31.1+computecanada-py3-none-any.whl (from torch>=2.0->-r requirements-cluster.txt (line 13))
Processing /cvmfs/soft.computecanada.ca/custom/python/wheelhouse/generic/typing_extensions-4.16.0+computecanada-py3-none-any.whl (from torch>=2.0->-r requirements-cluster.txt (line 13))
Requirement already satisfied: setuptools>=77.0.3 in /localscratch/blgr.20850133.0/env/lib/python3.11/site-packages (from torch>=2.0->-r requirements-cluster.txt (line 13)) (83.0.0+computecanada)
Processing /cvmfs/soft.computecanada.ca/custom/python/wheelhouse/generic/sympy-1.14.0+computecanada-py3-none-any.whl (from torch>=2.0->-r requirements-cluster.txt (line 13))
Processing /cvmfs/soft.computecanada.ca/custom/python/wheelhouse/generic/networkx-3.6.1+computecanada-py3-none-any.whl (from torch>=2.0->-r requirements-cluster.txt (line 13))
Processing /cvmfs/soft.computecanada.ca/custom/python/wheelhouse/generic/jinja2-3.1.6+computecanada-py3-none-any.whl (from torch>=2.0->-r requirements-cluster.txt (line 13))
Processing /cvmfs/soft.computecanada.ca/custom/python/wheelhouse/generic/fsspec-2026.7.0+computecanada-py3-none-any.whl (from torch>=2.0->-r requirements-cluster.txt (line 13))
Processing /cvmfs/soft.computecanada.ca/custom/python/wheelhouse/gentoo2023/x86-64-v3/Pillow_SIMD-9.5.0.post2+computecanada-cp311-cp311-linux_x86_64.whl (from torchvision>=0.15->-r requirements-cluster.txt (line 14))
Processing /cvmfs/soft.computecanada.ca/custom/python/wheelhouse/gentoo2023/generic/contourpy-1.3.3+computecanada-cp311-cp311-linux_x86_64.whl (from matplotlib>=3.7->-r requirements-cluster.txt (line 16))
Processing /cvmfs/soft.computecanada.ca/custom/python/wheelhouse/generic/cycler-0.12.1+computecanada-py3-none-any.whl (from matplotlib>=3.7->-r requirements-cluster.txt (line 16))
Processing /cvmfs/soft.computecanada.ca/custom/python/wheelhouse/generic/fonttools-4.64.0+computecanada-cp311-cp311-linux_x86_64.whl (from matplotlib>=3.7->-r requirements-cluster.txt (line 16))
Processing /cvmfs/soft.computecanada.ca/custom/python/wheelhouse/generic/kiwisolver-1.4.9+computecanada-cp311-cp311-linux_x86_64.whl (from matplotlib>=3.7->-r requirements-cluster.txt (line 16))
Processing /cvmfs/soft.computecanada.ca/custom/python/wheelhouse/generic/packaging-26.3+computecanada-py3-none-any.whl (from matplotlib>=3.7->-r requirements-cluster.txt (line 16))
Processing /cvmfs/soft.computecanada.ca/custom/python/wheelhouse/gentoo2023/x86-64-v3/pillow-12.1.0+computecanada-cp311-cp311-linux_x86_64.whl (from matplotlib>=3.7->-r requirements-cluster.txt (line 16))
Processing /cvmfs/soft.computecanada.ca/custom/python/wheelhouse/generic/pyparsing-3.3.2+computecanada-py3-none-any.whl (from matplotlib>=3.7->-r requirements-cluster.txt (line 16))
Processing /cvmfs/soft.computecanada.ca/custom/python/wheelhouse/generic/python_dateutil-2.9.0.post0+computecanada-py2.py3-none-any.whl (from matplotlib>=3.7->-r requirements-cluster.txt (line 16))
Processing /cvmfs/soft.computecanada.ca/custom/python/wheelhouse/generic/six-1.17.0+computecanada-py2.py3-none-any.whl (from python-dateutil>=2.7->matplotlib>=3.7->-r requirements-cluster.txt (line 16))
Processing /cvmfs/soft.computecanada.ca/custom/python/wheelhouse/generic/mpmath-1.3.0+computecanada-py3-none-any.whl (from sympy>=1.13.3->torch>=2.0->-r requirements-cluster.txt (line 13))
Processing /cvmfs/soft.computecanada.ca/custom/python/wheelhouse/generic/markupsafe-3.0.3+computecanada-cp311-cp311-linux_x86_64.whl (from jinja2->torch>=2.0->-r requirements-cluster.txt (line 13))
Installing collected packages: mpmath, typing-extensions, sympy, six, pyparsing, pillow-simd, pillow, packaging, numpy, networkx, MarkupSafe, kiwisolver, fsspec, fonttools, filelock, cycler, python-dateutil, jinja2, contourpy, torch, matplotlib, torchvision

Successfully installed MarkupSafe-3.0.3+computecanada contourpy-1.3.3+computecanada cycler-0.12.1+computecanada filelock-3.31.1+computecanada fonttools-4.64.0+computecanada fsspec-2026.7.0+computecanada jinja2-3.1.6+computecanada kiwisolver-1.4.9+computecanada matplotlib-3.11.1+computecanada mpmath-1.3.0+computecanada networkx-3.6.1+computecanada numpy-2.4.2+computecanada packaging-26.3+computecanada pillow-12.1.0+computecanada pillow-simd-9.5.0.post2+computecanada pyparsing-3.3.2+computecanada python-dateutil-2.9.0.post0+computecanada six-1.17.0+computecanada sympy-1.14.0+computecanada torch-2.14.0+computecanada torchvision-0.29.0+computecanada typing-extensions-4.16.0+computecanada
/localscratch/blgr.20850133.0/env/lib/python3.11/site-packages/torchvision/datasets/cifar.py:83: VisibleDeprecationWarning: dtype(): align should be passed as Python or NumPy boolean but got `align=0`. Did you mean to pass a tuple to create a subarray type? (Deprecated NumPy 2.4)
  entry = pickle.load(f, encoding="latin1")
model=cct_2_3x2_cifar arms=['diag', 'kfac', 'ekfac', 'tkfac', 'tekfac', 'adam', 'adamw'] device=cuda hparams=HParams(lr=0.001, baseline_lr=0.0001, weight_decay=0.01, lam=0.003, beta=0.9, gammas=(0.92, 0.008), tcov=100, t_inv=100, t_eig=100, t_re=1, minmax=True, conv_sua=False, fisher_batch_samples=None, decoupled_wd=True)
[diag] budget=unbounded max_epochs=2 device=cuda
sys:1: UserWarning: Full backward hook is firing when gradients are computed with respect to module outputs since no inputs require gradients. See https://docs.pytorch.org/docs/main/generated/torch.nn.Module.html#torch.nn.Module.register_full_backward_hook for more details.
  epoch   0 | steps     39 |      1.0s | train 2.1813 | val_acc 21.80% | lr 5.00e-04
  epoch   1 | steps     78 |      1.7s | train 2.0497 | val_acc 25.20% | lr 0.00e+00
[diag] done: 78 steps, 2 epochs, test_acc=26.94%
[kfac] budget=unbounded max_epochs=2 device=cuda
  epoch   0 | steps     39 |      1.6s | train 2.2474 | val_acc 20.82% | lr 5.00e-04
  epoch   1 | steps     78 |      2.3s | train 2.1249 | val_acc 21.16% | lr 0.00e+00
[kfac] done: 78 steps, 2 epochs, test_acc=21.71%
[ekfac] budget=unbounded max_epochs=2 device=cuda
  epoch   0 | steps     39 |      0.8s | train 2.3092 | val_acc  9.40% | lr 5.00e-04
  epoch   1 | steps     78 |      1.5s | train 2.3066 | val_acc  9.52% | lr 0.00e+00
[ekfac] done: 78 steps, 2 epochs, test_acc=10.18%
[tkfac] budget=unbounded max_epochs=2 device=cuda
  epoch   0 | steps     39 |      0.7s | train 2.3016 | val_acc 10.56% | lr 5.00e-04
  epoch   1 | steps     78 |      1.4s | train 2.2863 | val_acc 12.22% | lr 0.00e+00
[tkfac] done: 78 steps, 2 epochs, test_acc=12.85%
[tekfac] budget=unbounded max_epochs=2 device=cuda
  epoch   0 | steps     39 |      0.8s | train 2.3092 | val_acc  9.40% | lr 5.00e-04
  epoch   1 | steps     78 |      1.5s | train 2.3066 | val_acc  9.52% | lr 0.00e+00
[tekfac] done: 78 steps, 2 epochs, test_acc=10.18%
[adam] budget=unbounded max_epochs=2 device=cuda
  epoch   0 | steps     39 |      0.7s | train 2.2709 | val_acc 20.50% | lr 5.00e-05
  epoch   1 | steps     78 |      1.3s | train 2.1822 | val_acc 20.28% | lr 0.00e+00
[adam] done: 78 steps, 2 epochs, test_acc=20.65%
[adamw] budget=unbounded max_epochs=2 device=cuda
  epoch   0 | steps     39 |      0.6s | train 2.2639 | val_acc 19.96% | lr 5.00e-05
  epoch   1 | steps     78 |      1.3s | train 2.1597 | val_acc 20.58% | lr 0.00e+00
[adamw] done: 78 steps, 2 epochs, test_acc=21.24%

| arm | steps | epochs | final train loss | best val acc | test acc | median fwd+bwd | median step | step/fwd+bwd | total wall-clock |
|---|---|---|---|---|---|---|---|---|---|
| diag | 78 | 2 | 2.0568 | 25.20% | 26.94% | 10.90 ms | 1.75 ms | 0.16x | 1.7s |
| kfac | 78 | 2 | 2.1388 | 21.16% | 21.71% | 10.89 ms | 1.88 ms | 0.17x | 2.2s |
| ekfac | 78 | 2 | 2.3061 | 9.52% | 10.18% | 10.88 ms | 2.59 ms | 0.24x | 1.5s |
| tkfac | 78 | 2 | 2.2877 | 12.22% | 12.85% | 10.88 ms | 1.95 ms | 0.18x | 1.4s |
| tekfac | 78 | 2 | 2.3061 | 9.52% | 10.18% | 10.88 ms | 2.53 ms | 0.23x | 1.4s |
| adam | 78 | 2 | 2.1935 | 20.50% | 20.65% | 10.82 ms | 0.58 ms | 0.05x | 1.3s |
| adamw | 78 | 2 | 2.1726 | 20.58% | 21.24% | 10.82 ms | 0.52 ms | 0.05x | 1.2s |

plots written to /home/blgr/new_adafisher/benchmarks/outputs/cct_2_3x2_cifar/_calibration
