Les modules suivants n'ont pas été elevés de votre environnement :
  (Utilisez "module --force purge" pour tous les enlever):

  1) CCconfig        6)  ucx/1.14.1         11) flexiblas/3.3.1
  2) gentoo/2023     7)  libfabric/1.18.0   12) aocl-blas/5.1
  3) gcccore/.12.3   8)  pmix/4.2.4         13) aocl-lapack/5.1
  4) gcc/12.3        9)  ucc/1.2.0          14) StdEnv/2023
  5) hwloc/2.9.1     10) openmpi/4.1.5
resnet50_cifar diag reference total_s=2822.771780946874
sbatch: NOTE: Your memory request of 16384.0M was likely submitted as 16.0G. Please note that Slurm interprets memory requests denominated in G as multiples of 1024M, not 1000M.
Submitted batch job 20857551
sbatch: NOTE: Your memory request of 16384.0M was likely submitted as 16.0G. Please note that Slurm interprets memory requests denominated in G as multiples of 1024M, not 1000M.
Submitted batch job 20857552
sbatch: NOTE: Your memory request of 16384.0M was likely submitted as 16.0G. Please note that Slurm interprets memory requests denominated in G as multiples of 1024M, not 1000M.
Submitted batch job 20857553
sbatch: NOTE: Your memory request of 16384.0M was likely submitted as 16.0G. Please note that Slurm interprets memory requests denominated in G as multiples of 1024M, not 1000M.
Submitted batch job 20857554
sbatch: NOTE: Your memory request of 16384.0M was likely submitted as 16.0G. Please note that Slurm interprets memory requests denominated in G as multiples of 1024M, not 1000M.
Submitted batch job 20857555
sbatch: NOTE: Your memory request of 16384.0M was likely submitted as 16.0G. Please note that Slurm interprets memory requests denominated in G as multiples of 1024M, not 1000M.
Submitted batch job 20857556
vit_small_cifar diag reference total_s=987.8230045729433
sbatch: NOTE: Your memory request of 16384.0M was likely submitted as 16.0G. Please note that Slurm interprets memory requests denominated in G as multiples of 1024M, not 1000M.
Submitted batch job 20857557
sbatch: NOTE: Your memory request of 16384.0M was likely submitted as 16.0G. Please note that Slurm interprets memory requests denominated in G as multiples of 1024M, not 1000M.
Submitted batch job 20857558
sbatch: NOTE: Your memory request of 16384.0M was likely submitted as 16.0G. Please note that Slurm interprets memory requests denominated in G as multiples of 1024M, not 1000M.
Submitted batch job 20857559
sbatch: NOTE: Your memory request of 16384.0M was likely submitted as 16.0G. Please note that Slurm interprets memory requests denominated in G as multiples of 1024M, not 1000M.
Submitted batch job 20857560
sbatch: NOTE: Your memory request of 16384.0M was likely submitted as 16.0G. Please note that Slurm interprets memory requests denominated in G as multiples of 1024M, not 1000M.
Submitted batch job 20857561
sbatch: NOTE: Your memory request of 16384.0M was likely submitted as 16.0G. Please note that Slurm interprets memory requests denominated in G as multiples of 1024M, not 1000M.
Submitted batch job 20857562
