Les modules suivants n'ont pas été elevés de votre environnement :
  (Utilisez "module --force purge" pour tous les enlever):

  1) CCconfig        6)  ucx/1.14.1         11) flexiblas/3.3.1
  2) gentoo/2023     7)  libfabric/1.18.0   12) aocl-blas/5.1
  3) gcccore/.12.3   8)  pmix/4.2.4         13) aocl-lapack/5.1
  4) gcc/12.3        9)  ucc/1.2.0          14) StdEnv/2023
  5) hwloc/2.9.1     10) openmpi/4.1.5
resnet50 diag reference total_s=2825.0777134391246
sbatch: NOTE: Your memory request of 16384.0M was likely submitted as 16.0G. Please note that Slurm interprets memory requests denominated in G as multiples of 1024M, not 1000M.
Submitted batch job 20676192
sbatch: NOTE: Your memory request of 16384.0M was likely submitted as 16.0G. Please note that Slurm interprets memory requests denominated in G as multiples of 1024M, not 1000M.
Submitted batch job 20676193
sbatch: NOTE: Your memory request of 16384.0M was likely submitted as 16.0G. Please note that Slurm interprets memory requests denominated in G as multiples of 1024M, not 1000M.
Submitted batch job 20676194
sbatch: NOTE: Your memory request of 16384.0M was likely submitted as 16.0G. Please note that Slurm interprets memory requests denominated in G as multiples of 1024M, not 1000M.
Submitted batch job 20676195
sbatch: NOTE: Your memory request of 16384.0M was likely submitted as 16.0G. Please note that Slurm interprets memory requests denominated in G as multiples of 1024M, not 1000M.
Submitted batch job 20676196
sbatch: NOTE: Your memory request of 16384.0M was likely submitted as 16.0G. Please note that Slurm interprets memory requests denominated in G as multiples of 1024M, not 1000M.
Submitted batch job 20676197
vit_small diag reference total_s=988.4330350905657
sbatch: NOTE: Your memory request of 16384.0M was likely submitted as 16.0G. Please note that Slurm interprets memory requests denominated in G as multiples of 1024M, not 1000M.
Submitted batch job 20676198
sbatch: NOTE: Your memory request of 16384.0M was likely submitted as 16.0G. Please note that Slurm interprets memory requests denominated in G as multiples of 1024M, not 1000M.
Submitted batch job 20676199
sbatch: NOTE: Your memory request of 16384.0M was likely submitted as 16.0G. Please note that Slurm interprets memory requests denominated in G as multiples of 1024M, not 1000M.
Submitted batch job 20676200
sbatch: NOTE: Your memory request of 16384.0M was likely submitted as 16.0G. Please note that Slurm interprets memory requests denominated in G as multiples of 1024M, not 1000M.
Submitted batch job 20676201
sbatch: NOTE: Your memory request of 16384.0M was likely submitted as 16.0G. Please note that Slurm interprets memory requests denominated in G as multiples of 1024M, not 1000M.
Submitted batch job 20676202
sbatch: NOTE: Your memory request of 16384.0M was likely submitted as 16.0G. Please note that Slurm interprets memory requests denominated in G as multiples of 1024M, not 1000M.
Submitted batch job 20676203
