Les modules suivants n'ont pas été elevés de votre environnement :
  (Utilisez "module --force purge" pour tous les enlever):

  1) CCconfig        6)  ucx/1.14.1         11) flexiblas/3.3.1
  2) gentoo/2023     7)  libfabric/1.18.0   12) aocl-blas/5.1
  3) gcccore/.12.3   8)  pmix/4.2.4         13) aocl-lapack/5.1
  4) gcc/12.3        9)  ucc/1.2.0          14) StdEnv/2023
  5) hwloc/2.9.1     10) openmpi/4.1.5

Dû à un changement dans la variable MODULEPATH, les modules suivants ont été rechargés :
  1) aocl-blas/5.1     2) aocl-lapack/5.1

Les modules suivants ont été rechargés avec un changement de version :
  1) flexiblas/3.3.1 => flexiblas/3.4.4       6) openmpi/4.1.5 => openmpi/5.0.3
  2) gcc/12.3 => gcc/13.3                     7) pmix/4.2.4 => pmix/5.0.2
  3) gcccore/.12.3 => gcccore/.13.3           8) ucc/1.2.0 => ucc/1.3.0
  4) hwloc/2.9.1 => hwloc/2.10.0              9) ucx/1.14.1 => ucx/1.16.0
  5) libfabric/1.18.0 => libfabric/1.21.0

created virtual environment CPython3.11.5.final.0-64 in 167ms
  creator CPython3Posix(dest=/localscratch/blgr.20851629.0/env, clear=False, no_vcs_ignore=False, global=False)
  seeder FromAppData(download=False, pip=bundle, setuptools=bundle, wheel=bundle, via=copy, app_data_dir=/home/blgr/.local/share/virtualenv)
    added seed packages: pip==26.1.2+computecanada, setuptools==83.0.0+computecanada, wheel==0.46.3+computecanada
  activators BashActivator,CShellActivator,FishActivator,NushellActivator,PowerShellActivator,PythonActivator
Looking in links: /cvmfs/soft.computecanada.ca/custom/python/wheelhouse/gentoo2023/x86-64-v4, /cvmfs/soft.computecanada.ca/custom/python/wheelhouse/gentoo2023/x86-64-v3, /cvmfs/soft.computecanada.ca/custom/python/wheelhouse/gentoo2023/generic, /cvmfs/soft.computecanada.ca/custom/python/wheelhouse/generic
Requirement already satisfied: pip in /localscratch/blgr.20851629.0/env/lib/python3.11/site-packages (26.1.2+computecanada)
Looking in links: /cvmfs/soft.computecanada.ca/custom/python/wheelhouse/gentoo2023/x86-64-v4, /cvmfs/soft.computecanada.ca/custom/python/wheelhouse/gentoo2023/x86-64-v3, /cvmfs/soft.computecanada.ca/custom/python/wheelhouse/gentoo2023/generic, /cvmfs/soft.computecanada.ca/custom/python/wheelhouse/generic
Processing /cvmfs/soft.computecanada.ca/custom/python/wheelhouse/gentoo2023/x86-64-v3/torch-2.14.0+computecanada-cp311-cp311-linux_x86_64.whl (from -r requirements-cluster.txt (line 13))
Processing /cvmfs/soft.computecanada.ca/custom/python/wheelhouse/gentoo2023/generic/torchvision-0.29.0+computecanada-cp311-cp311-linux_x86_64.whl (from -r requirements-cluster.txt (line 14))
Processing /cvmfs/soft.computecanada.ca/custom/python/wheelhouse/gentoo2023/generic/numpy-2.4.2+computecanada-cp311-cp311-linux_x86_64.whl (from -r requirements-cluster.txt (line 15))
Processing /cvmfs/soft.computecanada.ca/custom/python/wheelhouse/gentoo2023/x86-64-v3/matplotlib-3.11.1+computecanada-cp311-cp311-linux_x86_64.whl (from -r requirements-cluster.txt (line 16))
Processing /cvmfs/soft.computecanada.ca/custom/python/wheelhouse/generic/filelock-3.31.1+computecanada-py3-none-any.whl (from torch>=2.0->-r requirements-cluster.txt (line 13))
Processing /cvmfs/soft.computecanada.ca/custom/python/wheelhouse/generic/typing_extensions-4.16.0+computecanada-py3-none-any.whl (from torch>=2.0->-r requirements-cluster.txt (line 13))
Requirement already satisfied: setuptools>=77.0.3 in /localscratch/blgr.20851629.0/env/lib/python3.11/site-packages (from torch>=2.0->-r requirements-cluster.txt (line 13)) (83.0.0+computecanada)
Processing /cvmfs/soft.computecanada.ca/custom/python/wheelhouse/generic/sympy-1.14.0+computecanada-py3-none-any.whl (from torch>=2.0->-r requirements-cluster.txt (line 13))
Processing /cvmfs/soft.computecanada.ca/custom/python/wheelhouse/generic/networkx-3.6.1+computecanada-py3-none-any.whl (from torch>=2.0->-r requirements-cluster.txt (line 13))
Processing /cvmfs/soft.computecanada.ca/custom/python/wheelhouse/generic/jinja2-3.1.6+computecanada-py3-none-any.whl (from torch>=2.0->-r requirements-cluster.txt (line 13))
Processing /cvmfs/soft.computecanada.ca/custom/python/wheelhouse/generic/fsspec-2026.7.0+computecanada-py3-none-any.whl (from torch>=2.0->-r requirements-cluster.txt (line 13))
Processing /cvmfs/soft.computecanada.ca/custom/python/wheelhouse/gentoo2023/x86-64-v3/Pillow_SIMD-9.5.0.post2+computecanada-cp311-cp311-linux_x86_64.whl (from torchvision>=0.15->-r requirements-cluster.txt (line 14))
Processing /cvmfs/soft.computecanada.ca/custom/python/wheelhouse/gentoo2023/generic/contourpy-1.3.3+computecanada-cp311-cp311-linux_x86_64.whl (from matplotlib>=3.7->-r requirements-cluster.txt (line 16))
Processing /cvmfs/soft.computecanada.ca/custom/python/wheelhouse/generic/cycler-0.12.1+computecanada-py3-none-any.whl (from matplotlib>=3.7->-r requirements-cluster.txt (line 16))
Processing /cvmfs/soft.computecanada.ca/custom/python/wheelhouse/generic/fonttools-4.64.0+computecanada-cp311-cp311-linux_x86_64.whl (from matplotlib>=3.7->-r requirements-cluster.txt (line 16))
Processing /cvmfs/soft.computecanada.ca/custom/python/wheelhouse/generic/kiwisolver-1.4.9+computecanada-cp311-cp311-linux_x86_64.whl (from matplotlib>=3.7->-r requirements-cluster.txt (line 16))
Processing /cvmfs/soft.computecanada.ca/custom/python/wheelhouse/generic/packaging-26.3+computecanada-py3-none-any.whl (from matplotlib>=3.7->-r requirements-cluster.txt (line 16))
Processing /cvmfs/soft.computecanada.ca/custom/python/wheelhouse/gentoo2023/x86-64-v3/pillow-12.1.0+computecanada-cp311-cp311-linux_x86_64.whl (from matplotlib>=3.7->-r requirements-cluster.txt (line 16))
Processing /cvmfs/soft.computecanada.ca/custom/python/wheelhouse/generic/pyparsing-3.3.2+computecanada-py3-none-any.whl (from matplotlib>=3.7->-r requirements-cluster.txt (line 16))
Processing /cvmfs/soft.computecanada.ca/custom/python/wheelhouse/generic/python_dateutil-2.9.0.post0+computecanada-py2.py3-none-any.whl (from matplotlib>=3.7->-r requirements-cluster.txt (line 16))
Processing /cvmfs/soft.computecanada.ca/custom/python/wheelhouse/generic/six-1.17.0+computecanada-py2.py3-none-any.whl (from python-dateutil>=2.7->matplotlib>=3.7->-r requirements-cluster.txt (line 16))
Processing /cvmfs/soft.computecanada.ca/custom/python/wheelhouse/generic/mpmath-1.3.0+computecanada-py3-none-any.whl (from sympy>=1.13.3->torch>=2.0->-r requirements-cluster.txt (line 13))
Processing /cvmfs/soft.computecanada.ca/custom/python/wheelhouse/generic/markupsafe-3.0.3+computecanada-cp311-cp311-linux_x86_64.whl (from jinja2->torch>=2.0->-r requirements-cluster.txt (line 13))
Installing collected packages: mpmath, typing-extensions, sympy, six, pyparsing, pillow-simd, pillow, packaging, numpy, networkx, MarkupSafe, kiwisolver, fsspec, fonttools, filelock, cycler, python-dateutil, jinja2, contourpy, torch, matplotlib, torchvision

Successfully installed MarkupSafe-3.0.3+computecanada contourpy-1.3.3+computecanada cycler-0.12.1+computecanada filelock-3.31.1+computecanada fonttools-4.64.0+computecanada fsspec-2026.7.0+computecanada jinja2-3.1.6+computecanada kiwisolver-1.4.9+computecanada matplotlib-3.11.1+computecanada mpmath-1.3.0+computecanada networkx-3.6.1+computecanada numpy-2.4.2+computecanada packaging-26.3+computecanada pillow-12.1.0+computecanada pillow-simd-9.5.0.post2+computecanada pyparsing-3.3.2+computecanada python-dateutil-2.9.0.post0+computecanada six-1.17.0+computecanada sympy-1.14.0+computecanada torch-2.14.0+computecanada torchvision-0.29.0+computecanada typing-extensions-4.16.0+computecanada
model=mnist_autoencoder arms=['diag', 'kfac', 'ekfac', 'tkfac', 'tekfac', 'adam', 'adamw'] device=cuda hparams=HParams(lr=0.001, baseline_lr=0.001, weight_decay=0.0, lam=0.001, beta=0.9, gammas=(0.92, 0.008), tcov=100, t_inv=100, t_eig=100, t_re=1, minmax=True, conv_sua=False, fisher_batch_samples=None, decoupled_wd=False)
[diag] budget=unbounded max_epochs=20 device=cuda
sys:1: UserWarning: Full backward hook is firing when gradients are computed with respect to module outputs since no inputs require gradients. See https://docs.pytorch.org/docs/main/generated/torch.nn.Module.html#torch.nn.Module.register_full_backward_hook for more details.
  epoch   0 | steps    110 |      1.0s | train 0.7252 | val_acc   nan% | lr 9.94e-04
  epoch   1 | steps    220 |      1.6s | train 0.7088 | val_acc   nan% | lr 9.76e-04
  epoch   2 | steps    330 |      2.3s | train 0.7088 | val_acc   nan% | lr 9.46e-04
  epoch   3 | steps    440 |      3.0s | train 0.7088 | val_acc   nan% | lr 9.05e-04
  epoch   4 | steps    550 |      3.6s | train 0.7087 | val_acc   nan% | lr 8.54e-04
  epoch   5 | steps    660 |      4.3s | train 0.7087 | val_acc   nan% | lr 7.94e-04
  epoch   6 | steps    770 |      5.0s | train 0.7087 | val_acc   nan% | lr 7.27e-04
  epoch   7 | steps    880 |      5.7s | train 0.7086 | val_acc   nan% | lr 6.55e-04
  epoch   8 | steps    990 |      6.3s | train 0.7086 | val_acc   nan% | lr 5.78e-04
  epoch   9 | steps   1100 |      7.0s | train 0.7086 | val_acc   nan% | lr 5.00e-04
  epoch  10 | steps   1210 |      7.7s | train 0.7085 | val_acc   nan% | lr 4.22e-04
  epoch  11 | steps   1320 |      8.4s | train 0.7085 | val_acc   nan% | lr 3.45e-04
  epoch  12 | steps   1430 |      9.0s | train 0.7084 | val_acc   nan% | lr 2.73e-04
  epoch  13 | steps   1540 |      9.7s | train 0.7084 | val_acc   nan% | lr 2.06e-04
  epoch  14 | steps   1650 |     10.4s | train 0.7084 | val_acc   nan% | lr 1.46e-04
  epoch  15 | steps   1760 |     11.0s | train 0.7083 | val_acc   nan% | lr 9.55e-05
  epoch  16 | steps   1870 |     11.7s | train 0.7083 | val_acc   nan% | lr 5.45e-05
  epoch  17 | steps   1980 |     12.3s | train 0.7083 | val_acc   nan% | lr 2.45e-05
  epoch  18 | steps   2090 |     13.0s | train 0.7083 | val_acc   nan% | lr 6.16e-06
  epoch  19 | steps   2200 |     13.7s | train 0.7083 | val_acc   nan% | lr 0.00e+00
[diag] done: 2200 steps, 20 epochs, test_acc=nan%, peak VRAM=114 MiB
[wct] reference arm 'diag' took 13.7s — that is every other arm's budget
[kfac] budget=13.7s max_epochs=60 device=cuda
  epoch   0 | steps    110 |      1.0s | train 0.9752 | val_acc   nan% | lr 9.94e-04
  epoch   1 | steps    220 |      1.8s | train 0.7782 | val_acc   nan% | lr 9.76e-04
  epoch   2 | steps    330 |      2.6s | train 0.7100 | val_acc   nan% | lr 9.46e-04
  epoch   3 | steps    440 |      3.4s | train 0.7083 | val_acc   nan% | lr 9.05e-04
  epoch   4 | steps    550 |      4.2s | train 0.7085 | val_acc   nan% | lr 8.54e-04
  epoch   5 | steps    660 |      5.0s | train 0.7086 | val_acc   nan% | lr 7.94e-04
  epoch   6 | steps    770 |      5.8s | train 0.7086 | val_acc   nan% | lr 7.27e-04
  epoch   7 | steps    880 |      6.6s | train 0.7086 | val_acc   nan% | lr 6.55e-04
  epoch   8 | steps    990 |      7.4s | train 0.7086 | val_acc   nan% | lr 5.78e-04
  epoch   9 | steps   1100 |      8.2s | train 0.7086 | val_acc   nan% | lr 5.00e-04
  epoch  10 | steps   1210 |      9.0s | train 0.7085 | val_acc   nan% | lr 4.22e-04
  epoch  11 | steps   1320 |      9.8s | train 0.7085 | val_acc   nan% | lr 3.45e-04
  epoch  12 | steps   1430 |     10.6s | train 0.7085 | val_acc   nan% | lr 2.73e-04
  epoch  13 | steps   1540 |     11.4s | train 0.7084 | val_acc   nan% | lr 2.06e-04
  epoch  14 | steps   1650 |     12.2s | train 0.7084 | val_acc   nan% | lr 1.46e-04
  epoch  15 | steps   1760 |     13.0s | train 0.7084 | val_acc   nan% | lr 9.55e-05
  epoch  16 | steps   1847 |     13.7s | train 0.7075 | val_acc   nan% | lr 9.55e-05
[kfac] done: 1847 steps, 17 epochs, test_acc=nan%, peak VRAM=209 MiB
[ekfac] budget=13.7s max_epochs=60 device=cuda
  epoch   0 | steps    110 |      1.3s | train 1.0402 | val_acc   nan% | lr 9.94e-04
  epoch   1 | steps    220 |      2.5s | train 0.8198 | val_acc   nan% | lr 9.76e-04
  epoch   2 | steps    330 |      3.6s | train 0.7089 | val_acc   nan% | lr 9.46e-04
  epoch   3 | steps    440 |      4.7s | train 0.7086 | val_acc   nan% | lr 9.05e-04
  epoch   4 | steps    550 |      5.8s | train 0.7087 | val_acc   nan% | lr 8.54e-04
  epoch   5 | steps    660 |      6.9s | train 0.7087 | val_acc   nan% | lr 7.94e-04
  epoch   6 | steps    770 |      8.0s | train 0.7087 | val_acc   nan% | lr 7.27e-04
  epoch   7 | steps    880 |      9.1s | train 0.7086 | val_acc   nan% | lr 6.55e-04
  epoch   8 | steps    990 |     10.3s | train 0.7086 | val_acc   nan% | lr 5.78e-04
  epoch   9 | steps   1100 |     11.4s | train 0.7086 | val_acc   nan% | lr 5.00e-04
  epoch  10 | steps   1210 |     12.7s | train 0.7085 | val_acc   nan% | lr 4.22e-04
  epoch  11 | steps   1310 |     13.7s | train 0.7086 | val_acc   nan% | lr 4.22e-04
[ekfac] done: 1310 steps, 12 epochs, test_acc=nan%, peak VRAM=312 MiB
[tkfac] budget=13.7s max_epochs=60 device=cuda
  epoch   0 | steps    110 |      0.9s | train 0.8890 | val_acc   nan% | lr 9.94e-04
  epoch   1 | steps    220 |      1.7s | train 0.7093 | val_acc   nan% | lr 9.76e-04
  epoch   2 | steps    330 |      2.4s | train 0.7085 | val_acc   nan% | lr 9.46e-04
  epoch   3 | steps    440 |      3.2s | train 0.7086 | val_acc   nan% | lr 9.05e-04
  epoch   4 | steps    550 |      4.1s | train 0.7087 | val_acc   nan% | lr 8.54e-04
  epoch   5 | steps    660 |      4.9s | train 0.7087 | val_acc   nan% | lr 7.94e-04
  epoch   6 | steps    770 |      5.6s | train 0.7087 | val_acc   nan% | lr 7.27e-04
  epoch   7 | steps    880 |      6.4s | train 0.7086 | val_acc   nan% | lr 6.55e-04
  epoch   8 | steps    990 |      7.3s | train 0.7086 | val_acc   nan% | lr 5.78e-04
  epoch   9 | steps   1100 |      8.1s | train 0.7086 | val_acc   nan% | lr 5.00e-04
  epoch  10 | steps   1210 |      8.9s | train 0.7085 | val_acc   nan% | lr 4.22e-04
  epoch  11 | steps   1320 |      9.7s | train 0.7085 | val_acc   nan% | lr 3.45e-04
  epoch  12 | steps   1430 |     10.5s | train 0.7084 | val_acc   nan% | lr 2.73e-04
  epoch  13 | steps   1540 |     11.3s | train 0.7084 | val_acc   nan% | lr 2.06e-04
  epoch  14 | steps   1650 |     12.1s | train 0.7084 | val_acc   nan% | lr 1.46e-04
  epoch  15 | steps   1760 |     12.9s | train 0.7083 | val_acc   nan% | lr 9.55e-05
  epoch  16 | steps   1863 |     13.7s | train 0.7082 | val_acc   nan% | lr 9.55e-05
[tkfac] done: 1863 steps, 17 epochs, test_acc=nan%, peak VRAM=395 MiB
[tekfac] budget=13.7s max_epochs=60 device=cuda
  epoch   0 | steps    110 |      1.3s | train 1.0402 | val_acc   nan% | lr 9.94e-04
  epoch   1 | steps    220 |      2.4s | train 0.8198 | val_acc   nan% | lr 9.76e-04
  epoch   2 | steps    330 |      3.5s | train 0.7089 | val_acc   nan% | lr 9.46e-04
  epoch   3 | steps    440 |      4.6s | train 0.7086 | val_acc   nan% | lr 9.05e-04
  epoch   4 | steps    550 |      5.7s | train 0.7087 | val_acc   nan% | lr 8.54e-04
  epoch   5 | steps    660 |      6.9s | train 0.7087 | val_acc   nan% | lr 7.94e-04
  epoch   6 | steps    770 |      8.0s | train 0.7087 | val_acc   nan% | lr 7.27e-04
  epoch   7 | steps    880 |      9.1s | train 0.7086 | val_acc   nan% | lr 6.55e-04
  epoch   8 | steps    990 |     10.3s | train 0.7086 | val_acc   nan% | lr 5.78e-04
  epoch   9 | steps   1100 |     11.4s | train 0.7086 | val_acc   nan% | lr 5.00e-04
  epoch  10 | steps   1210 |     12.6s | train 0.7085 | val_acc   nan% | lr 4.22e-04
  epoch  11 | steps   1311 |     13.7s | train 0.7086 | val_acc   nan% | lr 4.22e-04
[tekfac] done: 1311 steps, 12 epochs, test_acc=nan%, peak VRAM=498 MiB
[adam] budget=13.7s max_epochs=60 device=cuda
  epoch   0 | steps    110 |      0.7s | train 0.7126 | val_acc   nan% | lr 9.94e-04
  epoch   1 | steps    220 |      1.4s | train 0.6473 | val_acc   nan% | lr 9.76e-04
  epoch   2 | steps    330 |      2.0s | train 0.6231 | val_acc   nan% | lr 9.46e-04
  epoch   3 | steps    440 |      2.6s | train 0.6057 | val_acc   nan% | lr 9.05e-04
  epoch   4 | steps    550 |      3.3s | train 0.5821 | val_acc   nan% | lr 8.54e-04
  epoch   5 | steps    660 |      3.9s | train 0.5707 | val_acc   nan% | lr 7.94e-04
  epoch   6 | steps    770 |      4.6s | train 0.5641 | val_acc   nan% | lr 7.27e-04
  epoch   7 | steps    880 |      5.2s | train 0.5558 | val_acc   nan% | lr 6.55e-04
  epoch   8 | steps    990 |      5.9s | train 0.5457 | val_acc   nan% | lr 5.78e-04
  epoch   9 | steps   1100 |      6.5s | train 0.5353 | val_acc   nan% | lr 5.00e-04
  epoch  10 | steps   1210 |      7.2s | train 0.5269 | val_acc   nan% | lr 4.22e-04
  epoch  11 | steps   1320 |      7.9s | train 0.5185 | val_acc   nan% | lr 3.45e-04
  epoch  12 | steps   1430 |      8.5s | train 0.5088 | val_acc   nan% | lr 2.73e-04
  epoch  13 | steps   1540 |      9.2s | train 0.5014 | val_acc   nan% | lr 2.06e-04
  epoch  14 | steps   1650 |      9.8s | train 0.4951 | val_acc   nan% | lr 1.46e-04
  epoch  15 | steps   1760 |     10.6s | train 0.4908 | val_acc   nan% | lr 9.55e-05
  epoch  16 | steps   1870 |     11.4s | train 0.4875 | val_acc   nan% | lr 5.45e-05
  epoch  17 | steps   1980 |     12.2s | train 0.4852 | val_acc   nan% | lr 2.45e-05
  epoch  18 | steps   2090 |     12.9s | train 0.4839 | val_acc   nan% | lr 6.16e-06
  epoch  19 | steps   2198 |     13.7s | train 0.4832 | val_acc   nan% | lr 6.16e-06
[adam] done: 2198 steps, 20 epochs, test_acc=nan%, peak VRAM=525 MiB
[adamw] budget=13.7s max_epochs=60 device=cuda
  epoch   0 | steps    110 |      0.8s | train 0.7126 | val_acc   nan% | lr 9.94e-04
  epoch   1 | steps    220 |      1.6s | train 0.6473 | val_acc   nan% | lr 9.76e-04
  epoch   2 | steps    330 |      2.4s | train 0.6231 | val_acc   nan% | lr 9.46e-04
  epoch   3 | steps    440 |      3.2s | train 0.6057 | val_acc   nan% | lr 9.05e-04
  epoch   4 | steps    550 |      4.1s | train 0.5821 | val_acc   nan% | lr 8.54e-04
  epoch   5 | steps    660 |      4.7s | train 0.5707 | val_acc   nan% | lr 7.94e-04
  epoch   6 | steps    770 |      5.4s | train 0.5641 | val_acc   nan% | lr 7.27e-04
  epoch   7 | steps    880 |      6.1s | train 0.5558 | val_acc   nan% | lr 6.55e-04
  epoch   8 | steps    990 |      6.7s | train 0.5457 | val_acc   nan% | lr 5.78e-04
  epoch   9 | steps   1100 |      7.4s | train 0.5353 | val_acc   nan% | lr 5.00e-04
  epoch  10 | steps   1210 |      8.0s | train 0.5269 | val_acc   nan% | lr 4.22e-04
  epoch  11 | steps   1320 |      8.7s | train 0.5185 | val_acc   nan% | lr 3.45e-04
  epoch  12 | steps   1430 |      9.3s | train 0.5088 | val_acc   nan% | lr 2.73e-04
  epoch  13 | steps   1540 |     10.0s | train 0.5014 | val_acc   nan% | lr 2.06e-04
  epoch  14 | steps   1650 |     10.6s | train 0.4951 | val_acc   nan% | lr 1.46e-04
  epoch  15 | steps   1760 |     11.3s | train 0.4908 | val_acc   nan% | lr 9.55e-05
  epoch  16 | steps   1870 |     11.9s | train 0.4875 | val_acc   nan% | lr 5.45e-05
  epoch  17 | steps   1980 |     12.5s | train 0.4852 | val_acc   nan% | lr 2.45e-05
  epoch  18 | steps   2090 |     13.2s | train 0.4839 | val_acc   nan% | lr 6.16e-06
  epoch  19 | steps   2158 |     13.7s | train 0.4832 | val_acc   nan% | lr 6.16e-06
[adamw] done: 2158 steps, 20 epochs, test_acc=nan%, peak VRAM=525 MiB

| arm | steps | epochs | final train loss | best val acc | test acc | median fwd+bwd | median step | step/fwd+bwd | total wall-clock | peak VRAM |
|---|---|---|---|---|---|---|---|---|---|---|
| diag | 2200 | 20 | 0.7083 | nan% | nan% | 2.20 ms | 0.91 ms | 0.41x | 13.7s | 114 MiB |
| kfac | 1847 | 17 | 0.7076 | nan% | nan% | 2.18 ms | 2.56 ms | 1.17x | 13.7s | 209 MiB |
| ekfac | 1310 | 12 | 0.7081 | nan% | nan% | 2.38 ms | 4.75 ms | 1.99x | 13.7s | 312 MiB |
| tkfac | 1863 | 17 | 0.7089 | nan% | nan% | 2.18 ms | 2.62 ms | 1.20x | 13.7s | 395 MiB |
| tekfac | 1311 | 12 | 0.7080 | nan% | nan% | 2.37 ms | 4.75 ms | 2.00x | 13.7s | 498 MiB |
| adam | 2198 | 20 | 0.4828 | nan% | nan% | 2.18 ms | 0.74 ms | 0.34x | 13.7s | 525 MiB |
| adamw | 2158 | 20 | 0.4838 | nan% | nan% | 2.17 ms | 0.74 ms | 0.34x | 13.7s | 525 MiB |

plots written to /home/blgr/new_adafisher/benchmarks/outputs/mnist_autoencoder
