Les modules suivants n'ont pas été elevés de votre environnement :
  (Utilisez "module --force purge" pour tous les enlever):

  1) CCconfig        6)  ucx/1.14.1         11) flexiblas/3.3.1
  2) gentoo/2023     7)  libfabric/1.18.0   12) aocl-blas/5.1
  3) gcccore/.12.3   8)  pmix/4.2.4         13) aocl-lapack/5.1
  4) gcc/12.3        9)  ucc/1.2.0          14) StdEnv/2023
  5) hwloc/2.9.1     10) openmpi/4.1.5

Dû à un changement dans la variable MODULEPATH, les modules suivants ont été rechargés :
  1) aocl-blas/5.1     2) aocl-lapack/5.1

Les modules suivants ont été rechargés avec un changement de version :
  1) flexiblas/3.3.1 => flexiblas/3.4.4       6) openmpi/4.1.5 => openmpi/5.0.3
  2) gcc/12.3 => gcc/13.3                     7) pmix/4.2.4 => pmix/5.0.2
  3) gcccore/.12.3 => gcccore/.13.3           8) ucc/1.2.0 => ucc/1.3.0
  4) hwloc/2.9.1 => hwloc/2.10.0              9) ucx/1.14.1 => ucx/1.16.0
  5) libfabric/1.18.0 => libfabric/1.21.0

created virtual environment CPython3.11.5.final.0-64 in 471ms
  creator CPython3Posix(dest=/localscratch/blgr.20676195.0/env, clear=False, no_vcs_ignore=False, global=False)
  seeder FromAppData(download=False, pip=bundle, setuptools=bundle, wheel=bundle, via=copy, app_data_dir=/home/blgr/.local/share/virtualenv)
    added seed packages: pip==26.1.2+computecanada, setuptools==83.0.0+computecanada, wheel==0.46.3+computecanada
  activators BashActivator,CShellActivator,FishActivator,NushellActivator,PowerShellActivator,PythonActivator
Looking in links: /cvmfs/soft.computecanada.ca/custom/python/wheelhouse/gentoo2023/x86-64-v4, /cvmfs/soft.computecanada.ca/custom/python/wheelhouse/gentoo2023/x86-64-v3, /cvmfs/soft.computecanada.ca/custom/python/wheelhouse/gentoo2023/generic, /cvmfs/soft.computecanada.ca/custom/python/wheelhouse/generic
Requirement already satisfied: pip in /localscratch/blgr.20676195.0/env/lib/python3.11/site-packages (26.1.2+computecanada)
Looking in links: /cvmfs/soft.computecanada.ca/custom/python/wheelhouse/gentoo2023/x86-64-v4, /cvmfs/soft.computecanada.ca/custom/python/wheelhouse/gentoo2023/x86-64-v3, /cvmfs/soft.computecanada.ca/custom/python/wheelhouse/gentoo2023/generic, /cvmfs/soft.computecanada.ca/custom/python/wheelhouse/generic
Processing /cvmfs/soft.computecanada.ca/custom/python/wheelhouse/gentoo2023/x86-64-v3/torch-2.14.0+computecanada-cp311-cp311-linux_x86_64.whl (from -r requirements-cluster.txt (line 13))
Processing /cvmfs/soft.computecanada.ca/custom/python/wheelhouse/gentoo2023/generic/torchvision-0.29.0+computecanada-cp311-cp311-linux_x86_64.whl (from -r requirements-cluster.txt (line 14))
Processing /cvmfs/soft.computecanada.ca/custom/python/wheelhouse/gentoo2023/generic/numpy-2.4.2+computecanada-cp311-cp311-linux_x86_64.whl (from -r requirements-cluster.txt (line 15))
Processing /cvmfs/soft.computecanada.ca/custom/python/wheelhouse/gentoo2023/x86-64-v3/matplotlib-3.11.1+computecanada-cp311-cp311-linux_x86_64.whl (from -r requirements-cluster.txt (line 16))
Processing /cvmfs/soft.computecanada.ca/custom/python/wheelhouse/generic/filelock-3.31.1+computecanada-py3-none-any.whl (from torch>=2.0->-r requirements-cluster.txt (line 13))
Processing /cvmfs/soft.computecanada.ca/custom/python/wheelhouse/generic/typing_extensions-4.16.0+computecanada-py3-none-any.whl (from torch>=2.0->-r requirements-cluster.txt (line 13))
Requirement already satisfied: setuptools>=77.0.3 in /localscratch/blgr.20676195.0/env/lib/python3.11/site-packages (from torch>=2.0->-r requirements-cluster.txt (line 13)) (83.0.0+computecanada)
Processing /cvmfs/soft.computecanada.ca/custom/python/wheelhouse/generic/sympy-1.14.0+computecanada-py3-none-any.whl (from torch>=2.0->-r requirements-cluster.txt (line 13))
Processing /cvmfs/soft.computecanada.ca/custom/python/wheelhouse/generic/networkx-3.6.1+computecanada-py3-none-any.whl (from torch>=2.0->-r requirements-cluster.txt (line 13))
Processing /cvmfs/soft.computecanada.ca/custom/python/wheelhouse/generic/jinja2-3.1.6+computecanada-py3-none-any.whl (from torch>=2.0->-r requirements-cluster.txt (line 13))
Processing /cvmfs/soft.computecanada.ca/custom/python/wheelhouse/generic/fsspec-2026.7.0+computecanada-py3-none-any.whl (from torch>=2.0->-r requirements-cluster.txt (line 13))
Processing /cvmfs/soft.computecanada.ca/custom/python/wheelhouse/gentoo2023/x86-64-v3/Pillow_SIMD-9.5.0.post2+computecanada-cp311-cp311-linux_x86_64.whl (from torchvision>=0.15->-r requirements-cluster.txt (line 14))
Processing /cvmfs/soft.computecanada.ca/custom/python/wheelhouse/gentoo2023/generic/contourpy-1.3.3+computecanada-cp311-cp311-linux_x86_64.whl (from matplotlib>=3.7->-r requirements-cluster.txt (line 16))
Processing /cvmfs/soft.computecanada.ca/custom/python/wheelhouse/generic/cycler-0.12.1+computecanada-py3-none-any.whl (from matplotlib>=3.7->-r requirements-cluster.txt (line 16))
Processing /cvmfs/soft.computecanada.ca/custom/python/wheelhouse/generic/fonttools-4.64.0+computecanada-cp311-cp311-linux_x86_64.whl (from matplotlib>=3.7->-r requirements-cluster.txt (line 16))
Processing /cvmfs/soft.computecanada.ca/custom/python/wheelhouse/generic/kiwisolver-1.4.9+computecanada-cp311-cp311-linux_x86_64.whl (from matplotlib>=3.7->-r requirements-cluster.txt (line 16))
Processing /cvmfs/soft.computecanada.ca/custom/python/wheelhouse/generic/packaging-26.3+computecanada-py3-none-any.whl (from matplotlib>=3.7->-r requirements-cluster.txt (line 16))
Processing /cvmfs/soft.computecanada.ca/custom/python/wheelhouse/gentoo2023/x86-64-v3/pillow-12.1.0+computecanada-cp311-cp311-linux_x86_64.whl (from matplotlib>=3.7->-r requirements-cluster.txt (line 16))
Processing /cvmfs/soft.computecanada.ca/custom/python/wheelhouse/generic/pyparsing-3.3.2+computecanada-py3-none-any.whl (from matplotlib>=3.7->-r requirements-cluster.txt (line 16))
Processing /cvmfs/soft.computecanada.ca/custom/python/wheelhouse/generic/python_dateutil-2.9.0.post0+computecanada-py2.py3-none-any.whl (from matplotlib>=3.7->-r requirements-cluster.txt (line 16))
Processing /cvmfs/soft.computecanada.ca/custom/python/wheelhouse/generic/six-1.17.0+computecanada-py2.py3-none-any.whl (from python-dateutil>=2.7->matplotlib>=3.7->-r requirements-cluster.txt (line 16))
Processing /cvmfs/soft.computecanada.ca/custom/python/wheelhouse/generic/mpmath-1.3.0+computecanada-py3-none-any.whl (from sympy>=1.13.3->torch>=2.0->-r requirements-cluster.txt (line 13))
Processing /cvmfs/soft.computecanada.ca/custom/python/wheelhouse/generic/markupsafe-3.0.3+computecanada-cp311-cp311-linux_x86_64.whl (from jinja2->torch>=2.0->-r requirements-cluster.txt (line 13))
Installing collected packages: mpmath, typing-extensions, sympy, six, pyparsing, pillow-simd, pillow, packaging, numpy, networkx, MarkupSafe, kiwisolver, fsspec, fonttools, filelock, cycler, python-dateutil, jinja2, contourpy, torch, matplotlib, torchvision

Successfully installed MarkupSafe-3.0.3+computecanada contourpy-1.3.3+computecanada cycler-0.12.1+computecanada filelock-3.31.1+computecanada fonttools-4.64.0+computecanada fsspec-2026.7.0+computecanada jinja2-3.1.6+computecanada kiwisolver-1.4.9+computecanada matplotlib-3.11.1+computecanada mpmath-1.3.0+computecanada networkx-3.6.1+computecanada numpy-2.4.2+computecanada packaging-26.3+computecanada pillow-12.1.0+computecanada pillow-simd-9.5.0.post2+computecanada pyparsing-3.3.2+computecanada python-dateutil-2.9.0.post0+computecanada six-1.17.0+computecanada sympy-1.14.0+computecanada torch-2.14.0+computecanada torchvision-0.29.0+computecanada typing-extensions-4.16.0+computecanada
/localscratch/blgr.20676195.0/env/lib/python3.11/site-packages/torchvision/datasets/cifar.py:83: VisibleDeprecationWarning: dtype(): align should be passed as Python or NumPy boolean but got `align=0`. Did you mean to pass a tuple to create a subarray type? (Deprecated NumPy 2.4)
  entry = pickle.load(f, encoding="latin1")
model=resnet50 arms=['tekfac'] device=cuda lr=0.001 baseline_lr=0.001 wd=0.0005 decoupled_wd=False conv_sua=True fisher_batch_samples=32
[tekfac] budget=2825.1s max_epochs=150 device=cuda
sys:1: UserWarning: Full backward hook is firing when gradients are computed with respect to module outputs since no inputs require gradients. See https://docs.pytorch.org/docs/main/generated/torch.nn.Module.html#torch.nn.Module.register_full_backward_hook for more details.
  epoch   0 | steps    351 |     75.3s | train 2.5350 | val_acc 18.86% | lr 9.99e-04
  epoch   1 | steps    702 |    150.0s | train 1.8017 | val_acc 43.70% | lr 9.96e-04
  epoch   2 | steps   1053 |    223.2s | train 1.4331 | val_acc 51.24% | lr 9.91e-04
  epoch   3 | steps   1404 |    298.3s | train 1.1938 | val_acc 56.78% | lr 9.84e-04
  epoch   4 | steps   1755 |    371.5s | train 1.0450 | val_acc 61.20% | lr 9.76e-04
  epoch   5 | steps   2106 |    446.6s | train 0.9220 | val_acc 69.70% | lr 9.65e-04
  epoch   6 | steps   2457 |    519.8s | train 0.8436 | val_acc 76.14% | lr 9.52e-04
  epoch   7 | steps   2808 |    595.0s | train 0.7893 | val_acc 74.70% | lr 9.38e-04
  epoch   8 | steps   3159 |    668.2s | train 0.7503 | val_acc 68.22% | lr 9.22e-04
  epoch   9 | steps   3510 |    743.4s | train 0.7115 | val_acc 74.76% | lr 9.05e-04
  epoch  10 | steps   3861 |    816.7s | train 0.6953 | val_acc 76.88% | lr 8.85e-04
  epoch  11 | steps   4212 |    891.9s | train 0.6688 | val_acc 71.58% | lr 8.64e-04
  epoch  12 | steps   4563 |    965.2s | train 0.6513 | val_acc 80.06% | lr 8.42e-04
  epoch  13 | steps   4914 |   1040.3s | train 0.6359 | val_acc 74.74% | lr 8.19e-04
  epoch  14 | steps   5265 |   1113.6s | train 0.6223 | val_acc 74.54% | lr 7.94e-04
  epoch  15 | steps   5616 |   1188.7s | train 0.5970 | val_acc 74.26% | lr 7.68e-04
  epoch  16 | steps   5967 |   1261.9s | train 0.5868 | val_acc 77.20% | lr 7.41e-04
  epoch  17 | steps   6318 |   1337.1s | train 0.5644 | val_acc 75.54% | lr 7.13e-04
  epoch  18 | steps   6669 |   1410.1s | train 0.5545 | val_acc 82.08% | lr 6.84e-04
  epoch  19 | steps   7020 |   1485.2s | train 0.5390 | val_acc 78.78% | lr 6.55e-04
  epoch  20 | steps   7371 |   1558.1s | train 0.5247 | val_acc 82.74% | lr 6.24e-04
  epoch  21 | steps   7722 |   1633.1s | train 0.5144 | val_acc 81.18% | lr 5.94e-04
  epoch  22 | steps   8073 |   1705.9s | train 0.5026 | val_acc 80.72% | lr 5.63e-04
  epoch  23 | steps   8424 |   1780.6s | train 0.4785 | val_acc 79.82% | lr 5.31e-04
  epoch  24 | steps   8775 |   1853.5s | train 0.4636 | val_acc 81.34% | lr 5.00e-04
  epoch  25 | steps   9126 |   1928.2s | train 0.4533 | val_acc 84.52% | lr 4.69e-04
  epoch  26 | steps   9477 |   2001.0s | train 0.4353 | val_acc 83.34% | lr 4.37e-04
  epoch  27 | steps   9828 |   2075.6s | train 0.4174 | val_acc 87.22% | lr 4.06e-04
  epoch  28 | steps  10179 |   2148.6s | train 0.4012 | val_acc 86.32% | lr 3.76e-04
  epoch  29 | steps  10530 |   2223.5s | train 0.3932 | val_acc 86.22% | lr 3.45e-04
  epoch  30 | steps  10881 |   2296.5s | train 0.3687 | val_acc 85.56% | lr 3.16e-04
  epoch  31 | steps  11232 |   2371.3s | train 0.3529 | val_acc 89.30% | lr 2.87e-04
  epoch  32 | steps  11583 |   2444.3s | train 0.3424 | val_acc 86.14% | lr 2.59e-04
  epoch  33 | steps  11934 |   2519.4s | train 0.3182 | val_acc 88.42% | lr 2.32e-04
  epoch  34 | steps  12285 |   2592.6s | train 0.3038 | val_acc 88.94% | lr 2.06e-04
  epoch  35 | steps  12636 |   2667.9s | train 0.2880 | val_acc 90.30% | lr 1.81e-04
  epoch  36 | steps  12987 |   2740.8s | train 0.2665 | val_acc 89.60% | lr 1.58e-04
  epoch  37 | steps  13338 |   2815.8s | train 0.2554 | val_acc 89.94% | lr 1.36e-04
  epoch  38 | steps  13386 |   2825.2s | train 0.2541 | val_acc 91.70% | lr 1.36e-04
[tekfac] done: 13386 steps, 39 epochs, test_acc=91.55%

| arm | steps | epochs | final train loss | best val acc | test acc | median fwd+bwd | median step | step/fwd+bwd | total wall-clock |
|---|---|---|---|---|---|---|---|---|---|
| tekfac | 13386 | 39 | 0.2548 | 91.70% | 91.55% | 148.88 ms | 41.81 ms | 0.28x | 2825.1s |

plots written to /home/blgr/new_adafisher/benchmarks/outputs/lot8_cifar10/resnet50/tekfac
