Les modules suivants n'ont pas été elevés de votre environnement :
  (Utilisez "module --force purge" pour tous les enlever):

  1) CCconfig        6)  ucx/1.14.1         11) flexiblas/3.3.1
  2) gentoo/2023     7)  libfabric/1.18.0   12) aocl-blas/5.1
  3) gcccore/.12.3   8)  pmix/4.2.4         13) aocl-lapack/5.1
  4) gcc/12.3        9)  ucc/1.2.0          14) StdEnv/2023
  5) hwloc/2.9.1     10) openmpi/4.1.5

Dû à un changement dans la variable MODULEPATH, les modules suivants ont été rechargés :
  1) aocl-blas/5.1     2) aocl-lapack/5.1

Les modules suivants ont été rechargés avec un changement de version :
  1) flexiblas/3.3.1 => flexiblas/3.4.4       6) openmpi/4.1.5 => openmpi/5.0.3
  2) gcc/12.3 => gcc/13.3                     7) pmix/4.2.4 => pmix/5.0.2
  3) gcccore/.12.3 => gcccore/.13.3           8) ucc/1.2.0 => ucc/1.3.0
  4) hwloc/2.9.1 => hwloc/2.10.0              9) ucx/1.14.1 => ucx/1.16.0
  5) libfabric/1.18.0 => libfabric/1.21.0

created virtual environment CPython3.11.5.final.0-64 in 255ms
  creator CPython3Posix(dest=/localscratch/blgr.20676196.0/env, clear=False, no_vcs_ignore=False, global=False)
  seeder FromAppData(download=False, pip=bundle, setuptools=bundle, wheel=bundle, via=copy, app_data_dir=/home/blgr/.local/share/virtualenv)
    added seed packages: pip==26.1.2+computecanada, setuptools==83.0.0+computecanada, wheel==0.46.3+computecanada
  activators BashActivator,CShellActivator,FishActivator,NushellActivator,PowerShellActivator,PythonActivator
Looking in links: /cvmfs/soft.computecanada.ca/custom/python/wheelhouse/gentoo2023/x86-64-v4, /cvmfs/soft.computecanada.ca/custom/python/wheelhouse/gentoo2023/x86-64-v3, /cvmfs/soft.computecanada.ca/custom/python/wheelhouse/gentoo2023/generic, /cvmfs/soft.computecanada.ca/custom/python/wheelhouse/generic
Requirement already satisfied: pip in /localscratch/blgr.20676196.0/env/lib/python3.11/site-packages (26.1.2+computecanada)
Looking in links: /cvmfs/soft.computecanada.ca/custom/python/wheelhouse/gentoo2023/x86-64-v4, /cvmfs/soft.computecanada.ca/custom/python/wheelhouse/gentoo2023/x86-64-v3, /cvmfs/soft.computecanada.ca/custom/python/wheelhouse/gentoo2023/generic, /cvmfs/soft.computecanada.ca/custom/python/wheelhouse/generic
Processing /cvmfs/soft.computecanada.ca/custom/python/wheelhouse/gentoo2023/x86-64-v3/torch-2.14.0+computecanada-cp311-cp311-linux_x86_64.whl (from -r requirements-cluster.txt (line 13))
Processing /cvmfs/soft.computecanada.ca/custom/python/wheelhouse/gentoo2023/generic/torchvision-0.29.0+computecanada-cp311-cp311-linux_x86_64.whl (from -r requirements-cluster.txt (line 14))
Processing /cvmfs/soft.computecanada.ca/custom/python/wheelhouse/gentoo2023/generic/numpy-2.4.2+computecanada-cp311-cp311-linux_x86_64.whl (from -r requirements-cluster.txt (line 15))
Processing /cvmfs/soft.computecanada.ca/custom/python/wheelhouse/gentoo2023/x86-64-v3/matplotlib-3.11.1+computecanada-cp311-cp311-linux_x86_64.whl (from -r requirements-cluster.txt (line 16))
Processing /cvmfs/soft.computecanada.ca/custom/python/wheelhouse/generic/filelock-3.31.1+computecanada-py3-none-any.whl (from torch>=2.0->-r requirements-cluster.txt (line 13))
Processing /cvmfs/soft.computecanada.ca/custom/python/wheelhouse/generic/typing_extensions-4.16.0+computecanada-py3-none-any.whl (from torch>=2.0->-r requirements-cluster.txt (line 13))
Requirement already satisfied: setuptools>=77.0.3 in /localscratch/blgr.20676196.0/env/lib/python3.11/site-packages (from torch>=2.0->-r requirements-cluster.txt (line 13)) (83.0.0+computecanada)
Processing /cvmfs/soft.computecanada.ca/custom/python/wheelhouse/generic/sympy-1.14.0+computecanada-py3-none-any.whl (from torch>=2.0->-r requirements-cluster.txt (line 13))
Processing /cvmfs/soft.computecanada.ca/custom/python/wheelhouse/generic/networkx-3.6.1+computecanada-py3-none-any.whl (from torch>=2.0->-r requirements-cluster.txt (line 13))
Processing /cvmfs/soft.computecanada.ca/custom/python/wheelhouse/generic/jinja2-3.1.6+computecanada-py3-none-any.whl (from torch>=2.0->-r requirements-cluster.txt (line 13))
Processing /cvmfs/soft.computecanada.ca/custom/python/wheelhouse/generic/fsspec-2026.7.0+computecanada-py3-none-any.whl (from torch>=2.0->-r requirements-cluster.txt (line 13))
Processing /cvmfs/soft.computecanada.ca/custom/python/wheelhouse/gentoo2023/x86-64-v3/Pillow_SIMD-9.5.0.post2+computecanada-cp311-cp311-linux_x86_64.whl (from torchvision>=0.15->-r requirements-cluster.txt (line 14))
Processing /cvmfs/soft.computecanada.ca/custom/python/wheelhouse/gentoo2023/generic/contourpy-1.3.3+computecanada-cp311-cp311-linux_x86_64.whl (from matplotlib>=3.7->-r requirements-cluster.txt (line 16))
Processing /cvmfs/soft.computecanada.ca/custom/python/wheelhouse/generic/cycler-0.12.1+computecanada-py3-none-any.whl (from matplotlib>=3.7->-r requirements-cluster.txt (line 16))
Processing /cvmfs/soft.computecanada.ca/custom/python/wheelhouse/generic/fonttools-4.64.0+computecanada-cp311-cp311-linux_x86_64.whl (from matplotlib>=3.7->-r requirements-cluster.txt (line 16))
Processing /cvmfs/soft.computecanada.ca/custom/python/wheelhouse/generic/kiwisolver-1.4.9+computecanada-cp311-cp311-linux_x86_64.whl (from matplotlib>=3.7->-r requirements-cluster.txt (line 16))
Processing /cvmfs/soft.computecanada.ca/custom/python/wheelhouse/generic/packaging-26.3+computecanada-py3-none-any.whl (from matplotlib>=3.7->-r requirements-cluster.txt (line 16))
Processing /cvmfs/soft.computecanada.ca/custom/python/wheelhouse/gentoo2023/x86-64-v3/pillow-12.1.0+computecanada-cp311-cp311-linux_x86_64.whl (from matplotlib>=3.7->-r requirements-cluster.txt (line 16))
Processing /cvmfs/soft.computecanada.ca/custom/python/wheelhouse/generic/pyparsing-3.3.2+computecanada-py3-none-any.whl (from matplotlib>=3.7->-r requirements-cluster.txt (line 16))
Processing /cvmfs/soft.computecanada.ca/custom/python/wheelhouse/generic/python_dateutil-2.9.0.post0+computecanada-py2.py3-none-any.whl (from matplotlib>=3.7->-r requirements-cluster.txt (line 16))
Processing /cvmfs/soft.computecanada.ca/custom/python/wheelhouse/generic/six-1.17.0+computecanada-py2.py3-none-any.whl (from python-dateutil>=2.7->matplotlib>=3.7->-r requirements-cluster.txt (line 16))
Processing /cvmfs/soft.computecanada.ca/custom/python/wheelhouse/generic/mpmath-1.3.0+computecanada-py3-none-any.whl (from sympy>=1.13.3->torch>=2.0->-r requirements-cluster.txt (line 13))
Processing /cvmfs/soft.computecanada.ca/custom/python/wheelhouse/generic/markupsafe-3.0.3+computecanada-cp311-cp311-linux_x86_64.whl (from jinja2->torch>=2.0->-r requirements-cluster.txt (line 13))
Installing collected packages: mpmath, typing-extensions, sympy, six, pyparsing, pillow-simd, pillow, packaging, numpy, networkx, MarkupSafe, kiwisolver, fsspec, fonttools, filelock, cycler, python-dateutil, jinja2, contourpy, torch, matplotlib, torchvision

Successfully installed MarkupSafe-3.0.3+computecanada contourpy-1.3.3+computecanada cycler-0.12.1+computecanada filelock-3.31.1+computecanada fonttools-4.64.0+computecanada fsspec-2026.7.0+computecanada jinja2-3.1.6+computecanada kiwisolver-1.4.9+computecanada matplotlib-3.11.1+computecanada mpmath-1.3.0+computecanada networkx-3.6.1+computecanada numpy-2.4.2+computecanada packaging-26.3+computecanada pillow-12.1.0+computecanada pillow-simd-9.5.0.post2+computecanada pyparsing-3.3.2+computecanada python-dateutil-2.9.0.post0+computecanada six-1.17.0+computecanada sympy-1.14.0+computecanada torch-2.14.0+computecanada torchvision-0.29.0+computecanada typing-extensions-4.16.0+computecanada
/localscratch/blgr.20676196.0/env/lib/python3.11/site-packages/torchvision/datasets/cifar.py:83: VisibleDeprecationWarning: dtype(): align should be passed as Python or NumPy boolean but got `align=0`. Did you mean to pass a tuple to create a subarray type? (Deprecated NumPy 2.4)
  entry = pickle.load(f, encoding="latin1")
model=resnet50 arms=['adam'] device=cuda lr=0.001 baseline_lr=0.001 wd=0.0005 decoupled_wd=False conv_sua=True fisher_batch_samples=32
[adam] budget=2825.1s max_epochs=150 device=cuda
  epoch   0 | steps    351 |     55.1s | train 1.7582 | val_acc 46.46% | lr 9.99e-04
  epoch   1 | steps    702 |    109.9s | train 1.3530 | val_acc 45.46% | lr 9.96e-04
  epoch   2 | steps   1053 |    164.6s | train 1.1712 | val_acc 56.42% | lr 9.91e-04
  epoch   3 | steps   1404 |    219.3s | train 1.0728 | val_acc 60.60% | lr 9.84e-04
  epoch   4 | steps   1755 |    274.1s | train 1.0001 | val_acc 61.78% | lr 9.76e-04
  epoch   5 | steps   2106 |    328.8s | train 0.9434 | val_acc 64.58% | lr 9.65e-04
  epoch   6 | steps   2457 |    383.5s | train 0.8872 | val_acc 65.48% | lr 9.52e-04
  epoch   7 | steps   2808 |    438.3s | train 0.8460 | val_acc 71.90% | lr 9.38e-04
  epoch   8 | steps   3159 |    493.1s | train 0.8021 | val_acc 72.68% | lr 9.22e-04
  epoch   9 | steps   3510 |    547.8s | train 0.7601 | val_acc 71.42% | lr 9.05e-04
  epoch  10 | steps   3861 |    602.6s | train 0.7318 | val_acc 79.10% | lr 8.85e-04
  epoch  11 | steps   4212 |    657.4s | train 0.6989 | val_acc 79.96% | lr 8.64e-04
  epoch  12 | steps   4563 |    712.2s | train 0.6780 | val_acc 77.96% | lr 8.42e-04
  epoch  13 | steps   4914 |    767.0s | train 0.6540 | val_acc 75.80% | lr 8.19e-04
  epoch  14 | steps   5265 |    821.7s | train 0.6273 | val_acc 79.52% | lr 7.94e-04
  epoch  15 | steps   5616 |    876.5s | train 0.6047 | val_acc 75.88% | lr 7.68e-04
  epoch  16 | steps   5967 |    931.2s | train 0.5893 | val_acc 79.66% | lr 7.41e-04
  epoch  17 | steps   6318 |    986.0s | train 0.5675 | val_acc 82.58% | lr 7.13e-04
  epoch  18 | steps   6669 |   1040.8s | train 0.5546 | val_acc 81.90% | lr 6.84e-04
  epoch  19 | steps   7020 |   1095.5s | train 0.5332 | val_acc 80.22% | lr 6.55e-04
  epoch  20 | steps   7371 |   1150.3s | train 0.5193 | val_acc 83.46% | lr 6.24e-04
  epoch  21 | steps   7722 |   1205.0s | train 0.5016 | val_acc 79.94% | lr 5.94e-04
  epoch  22 | steps   8073 |   1259.7s | train 0.4896 | val_acc 85.28% | lr 5.63e-04
  epoch  23 | steps   8424 |   1314.5s | train 0.4705 | val_acc 86.46% | lr 5.31e-04
  epoch  24 | steps   8775 |   1369.2s | train 0.4496 | val_acc 86.44% | lr 5.00e-04
  epoch  25 | steps   9126 |   1424.0s | train 0.4408 | val_acc 86.68% | lr 4.69e-04
  epoch  26 | steps   9477 |   1478.8s | train 0.4223 | val_acc 86.56% | lr 4.37e-04
  epoch  27 | steps   9828 |   1533.5s | train 0.4100 | val_acc 88.04% | lr 4.06e-04
  epoch  28 | steps  10179 |   1588.3s | train 0.3934 | val_acc 87.98% | lr 3.76e-04
  epoch  29 | steps  10530 |   1643.0s | train 0.3839 | val_acc 86.98% | lr 3.45e-04
  epoch  30 | steps  10881 |   1697.8s | train 0.3606 | val_acc 88.12% | lr 3.16e-04
  epoch  31 | steps  11232 |   1752.5s | train 0.3513 | val_acc 89.26% | lr 2.87e-04
  epoch  32 | steps  11583 |   1807.3s | train 0.3408 | val_acc 89.58% | lr 2.59e-04
  epoch  33 | steps  11934 |   1862.0s | train 0.3247 | val_acc 89.90% | lr 2.32e-04
  epoch  34 | steps  12285 |   1916.8s | train 0.3159 | val_acc 89.66% | lr 2.06e-04
  epoch  35 | steps  12636 |   1971.5s | train 0.2986 | val_acc 90.32% | lr 1.81e-04
  epoch  36 | steps  12987 |   2026.4s | train 0.2848 | val_acc 90.38% | lr 1.58e-04
  epoch  37 | steps  13338 |   2081.1s | train 0.2781 | val_acc 90.28% | lr 1.36e-04
  epoch  38 | steps  13689 |   2135.9s | train 0.2695 | val_acc 90.88% | lr 1.15e-04
  epoch  39 | steps  14040 |   2190.6s | train 0.2541 | val_acc 91.18% | lr 9.55e-05
  epoch  40 | steps  14391 |   2245.4s | train 0.2415 | val_acc 91.08% | lr 7.78e-05
  epoch  41 | steps  14742 |   2300.1s | train 0.2368 | val_acc 91.74% | lr 6.18e-05
  epoch  42 | steps  15093 |   2354.9s | train 0.2314 | val_acc 91.78% | lr 4.76e-05
  epoch  43 | steps  15444 |   2409.6s | train 0.2262 | val_acc 91.68% | lr 3.51e-05
  epoch  44 | steps  15795 |   2464.4s | train 0.2145 | val_acc 91.96% | lr 2.45e-05
  epoch  45 | steps  16146 |   2519.2s | train 0.2121 | val_acc 91.80% | lr 1.57e-05
  epoch  46 | steps  16497 |   2574.0s | train 0.2084 | val_acc 91.92% | lr 8.86e-06
  epoch  47 | steps  16848 |   2628.7s | train 0.1993 | val_acc 92.12% | lr 3.94e-06
  epoch  48 | steps  17199 |   2683.5s | train 0.2013 | val_acc 92.04% | lr 9.87e-07
  epoch  49 | steps  17550 |   2738.2s | train 0.2003 | val_acc 92.20% | lr 0.00e+00
  epoch  50 | steps  17901 |   2793.1s | train 0.1991 | val_acc 92.22% | lr 9.87e-07
  epoch  51 | steps  18106 |   2825.2s | train 0.1999 | val_acc 92.30% | lr 9.87e-07
[adam] done: 18106 steps, 52 epochs, test_acc=92.60%

| arm | steps | epochs | final train loss | best val acc | test acc | median fwd+bwd | median step | step/fwd+bwd | total wall-clock |
|---|---|---|---|---|---|---|---|---|---|
| adam | 18106 | 52 | 0.1926 | 92.30% | 92.60% | 148.69 ms | 6.46 ms | 0.04x | 2825.1s |

plots written to /home/blgr/new_adafisher/benchmarks/outputs/lot8_cifar10/resnet50/adam
