Les modules suivants n'ont pas été elevés de votre environnement :
  (Utilisez "module --force purge" pour tous les enlever):

  1) CCconfig        6)  ucx/1.14.1         11) flexiblas/3.3.1
  2) gentoo/2023     7)  libfabric/1.18.0   12) aocl-blas/5.1
  3) gcccore/.12.3   8)  pmix/4.2.4         13) aocl-lapack/5.1
  4) gcc/12.3        9)  ucc/1.2.0          14) StdEnv/2023
  5) hwloc/2.9.1     10) openmpi/4.1.5

Dû à un changement dans la variable MODULEPATH, les modules suivants ont été rechargés :
  1) aocl-blas/5.1     2) aocl-lapack/5.1

Les modules suivants ont été rechargés avec un changement de version :
  1) flexiblas/3.3.1 => flexiblas/3.4.4       6) openmpi/4.1.5 => openmpi/5.0.3
  2) gcc/12.3 => gcc/13.3                     7) pmix/4.2.4 => pmix/5.0.2
  3) gcccore/.12.3 => gcccore/.13.3           8) ucc/1.2.0 => ucc/1.3.0
  4) hwloc/2.9.1 => hwloc/2.10.0              9) ucx/1.14.1 => ucx/1.16.0
  5) libfabric/1.18.0 => libfabric/1.21.0

created virtual environment CPython3.11.5.final.0-64 in 239ms
  creator CPython3Posix(dest=/localscratch/blgr.20857551.0/env, clear=False, no_vcs_ignore=False, global=False)
  seeder FromAppData(download=False, pip=bundle, setuptools=bundle, wheel=bundle, via=copy, app_data_dir=/home/blgr/.local/share/virtualenv)
    added seed packages: pip==26.1.2+computecanada, setuptools==83.0.0+computecanada, wheel==0.46.3+computecanada
  activators BashActivator,CShellActivator,FishActivator,NushellActivator,PowerShellActivator,PythonActivator
Looking in links: /cvmfs/soft.computecanada.ca/custom/python/wheelhouse/gentoo2023/x86-64-v4, /cvmfs/soft.computecanada.ca/custom/python/wheelhouse/gentoo2023/x86-64-v3, /cvmfs/soft.computecanada.ca/custom/python/wheelhouse/gentoo2023/generic, /cvmfs/soft.computecanada.ca/custom/python/wheelhouse/generic
Requirement already satisfied: pip in /localscratch/blgr.20857551.0/env/lib/python3.11/site-packages (26.1.2+computecanada)
Looking in links: /cvmfs/soft.computecanada.ca/custom/python/wheelhouse/gentoo2023/x86-64-v4, /cvmfs/soft.computecanada.ca/custom/python/wheelhouse/gentoo2023/x86-64-v3, /cvmfs/soft.computecanada.ca/custom/python/wheelhouse/gentoo2023/generic, /cvmfs/soft.computecanada.ca/custom/python/wheelhouse/generic
Processing /cvmfs/soft.computecanada.ca/custom/python/wheelhouse/gentoo2023/x86-64-v3/torch-2.14.0+computecanada-cp311-cp311-linux_x86_64.whl (from -r requirements-cluster.txt (line 13))
Processing /cvmfs/soft.computecanada.ca/custom/python/wheelhouse/gentoo2023/generic/torchvision-0.29.0+computecanada-cp311-cp311-linux_x86_64.whl (from -r requirements-cluster.txt (line 14))
Processing /cvmfs/soft.computecanada.ca/custom/python/wheelhouse/gentoo2023/generic/numpy-2.4.2+computecanada-cp311-cp311-linux_x86_64.whl (from -r requirements-cluster.txt (line 15))
Processing /cvmfs/soft.computecanada.ca/custom/python/wheelhouse/gentoo2023/x86-64-v3/matplotlib-3.11.1+computecanada-cp311-cp311-linux_x86_64.whl (from -r requirements-cluster.txt (line 16))
Processing /cvmfs/soft.computecanada.ca/custom/python/wheelhouse/generic/filelock-3.31.1+computecanada-py3-none-any.whl (from torch>=2.0->-r requirements-cluster.txt (line 13))
Processing /cvmfs/soft.computecanada.ca/custom/python/wheelhouse/generic/typing_extensions-4.16.0+computecanada-py3-none-any.whl (from torch>=2.0->-r requirements-cluster.txt (line 13))
Requirement already satisfied: setuptools>=77.0.3 in /localscratch/blgr.20857551.0/env/lib/python3.11/site-packages (from torch>=2.0->-r requirements-cluster.txt (line 13)) (83.0.0+computecanada)
Processing /cvmfs/soft.computecanada.ca/custom/python/wheelhouse/generic/sympy-1.14.0+computecanada-py3-none-any.whl (from torch>=2.0->-r requirements-cluster.txt (line 13))
Processing /cvmfs/soft.computecanada.ca/custom/python/wheelhouse/generic/networkx-3.6.1+computecanada-py3-none-any.whl (from torch>=2.0->-r requirements-cluster.txt (line 13))
Processing /cvmfs/soft.computecanada.ca/custom/python/wheelhouse/generic/jinja2-3.1.6+computecanada-py3-none-any.whl (from torch>=2.0->-r requirements-cluster.txt (line 13))
Processing /cvmfs/soft.computecanada.ca/custom/python/wheelhouse/generic/fsspec-2026.7.0+computecanada-py3-none-any.whl (from torch>=2.0->-r requirements-cluster.txt (line 13))
Processing /cvmfs/soft.computecanada.ca/custom/python/wheelhouse/gentoo2023/x86-64-v3/Pillow_SIMD-9.5.0.post2+computecanada-cp311-cp311-linux_x86_64.whl (from torchvision>=0.15->-r requirements-cluster.txt (line 14))
Processing /cvmfs/soft.computecanada.ca/custom/python/wheelhouse/gentoo2023/generic/contourpy-1.3.3+computecanada-cp311-cp311-linux_x86_64.whl (from matplotlib>=3.7->-r requirements-cluster.txt (line 16))
Processing /cvmfs/soft.computecanada.ca/custom/python/wheelhouse/generic/cycler-0.12.1+computecanada-py3-none-any.whl (from matplotlib>=3.7->-r requirements-cluster.txt (line 16))
Processing /cvmfs/soft.computecanada.ca/custom/python/wheelhouse/generic/fonttools-4.64.0+computecanada-cp311-cp311-linux_x86_64.whl (from matplotlib>=3.7->-r requirements-cluster.txt (line 16))
Processing /cvmfs/soft.computecanada.ca/custom/python/wheelhouse/generic/kiwisolver-1.4.9+computecanada-cp311-cp311-linux_x86_64.whl (from matplotlib>=3.7->-r requirements-cluster.txt (line 16))
Processing /cvmfs/soft.computecanada.ca/custom/python/wheelhouse/generic/packaging-26.3+computecanada-py3-none-any.whl (from matplotlib>=3.7->-r requirements-cluster.txt (line 16))
Processing /cvmfs/soft.computecanada.ca/custom/python/wheelhouse/gentoo2023/x86-64-v3/pillow-12.1.0+computecanada-cp311-cp311-linux_x86_64.whl (from matplotlib>=3.7->-r requirements-cluster.txt (line 16))
Processing /cvmfs/soft.computecanada.ca/custom/python/wheelhouse/generic/pyparsing-3.3.2+computecanada-py3-none-any.whl (from matplotlib>=3.7->-r requirements-cluster.txt (line 16))
Processing /cvmfs/soft.computecanada.ca/custom/python/wheelhouse/generic/python_dateutil-2.9.0.post0+computecanada-py2.py3-none-any.whl (from matplotlib>=3.7->-r requirements-cluster.txt (line 16))
Processing /cvmfs/soft.computecanada.ca/custom/python/wheelhouse/generic/six-1.17.0+computecanada-py2.py3-none-any.whl (from python-dateutil>=2.7->matplotlib>=3.7->-r requirements-cluster.txt (line 16))
Processing /cvmfs/soft.computecanada.ca/custom/python/wheelhouse/generic/mpmath-1.3.0+computecanada-py3-none-any.whl (from sympy>=1.13.3->torch>=2.0->-r requirements-cluster.txt (line 13))
Processing /cvmfs/soft.computecanada.ca/custom/python/wheelhouse/generic/markupsafe-3.0.3+computecanada-cp311-cp311-linux_x86_64.whl (from jinja2->torch>=2.0->-r requirements-cluster.txt (line 13))
Installing collected packages: mpmath, typing-extensions, sympy, six, pyparsing, pillow-simd, pillow, packaging, numpy, networkx, MarkupSafe, kiwisolver, fsspec, fonttools, filelock, cycler, python-dateutil, jinja2, contourpy, torch, matplotlib, torchvision

Successfully installed MarkupSafe-3.0.3+computecanada contourpy-1.3.3+computecanada cycler-0.12.1+computecanada filelock-3.31.1+computecanada fonttools-4.64.0+computecanada fsspec-2026.7.0+computecanada jinja2-3.1.6+computecanada kiwisolver-1.4.9+computecanada matplotlib-3.11.1+computecanada mpmath-1.3.0+computecanada networkx-3.6.1+computecanada numpy-2.4.2+computecanada packaging-26.3+computecanada pillow-12.1.0+computecanada pillow-simd-9.5.0.post2+computecanada pyparsing-3.3.2+computecanada python-dateutil-2.9.0.post0+computecanada six-1.17.0+computecanada sympy-1.14.0+computecanada torch-2.14.0+computecanada torchvision-0.29.0+computecanada typing-extensions-4.16.0+computecanada
/localscratch/blgr.20857551.0/env/lib/python3.11/site-packages/torchvision/datasets/cifar.py:83: VisibleDeprecationWarning: dtype(): align should be passed as Python or NumPy boolean but got `align=0`. Did you mean to pass a tuple to create a subarray type? (Deprecated NumPy 2.4)
  entry = pickle.load(f, encoding="latin1")
model=resnet50_cifar arms=['kfac'] device=cuda hparams=HParams(lr=0.001, baseline_lr=0.001, weight_decay=0.0005, lam=0.001, beta=0.9, gammas=(0.92, 0.008), tcov=100, t_inv=100, t_eig=100, t_re=1, minmax=True, conv_sua=True, fisher_batch_samples=32, decoupled_wd=False)
[kfac] budget=2822.8s max_epochs=150 device=cuda
sys:1: UserWarning: Full backward hook is firing when gradients are computed with respect to module outputs since no inputs require gradients. See https://docs.pytorch.org/docs/main/generated/torch.nn.Module.html#torch.nn.Module.register_full_backward_hook for more details.
  epoch   0 | steps    351 |     64.0s | train 2.0395 | val_acc 35.24% | lr 9.99e-04
  epoch   1 | steps    702 |    127.3s | train 1.7694 | val_acc 45.62% | lr 9.96e-04
  epoch   2 | steps   1053 |    190.0s | train 1.4175 | val_acc 53.94% | lr 9.91e-04
  epoch   3 | steps   1404 |    253.1s | train 1.1695 | val_acc 66.54% | lr 9.84e-04
  epoch   4 | steps   1755 |    315.8s | train 1.0100 | val_acc 70.28% | lr 9.76e-04
  epoch   5 | steps   2106 |    378.9s | train 0.8985 | val_acc 70.78% | lr 9.65e-04
  epoch   6 | steps   2457 |    441.6s | train 0.8354 | val_acc 77.14% | lr 9.52e-04
  epoch   7 | steps   2808 |    504.8s | train 0.7872 | val_acc 75.78% | lr 9.38e-04
  epoch   8 | steps   3159 |    567.4s | train 0.7506 | val_acc 73.00% | lr 9.22e-04
  epoch   9 | steps   3510 |    630.5s | train 0.7216 | val_acc 73.74% | lr 9.05e-04
  epoch  10 | steps   3861 |    693.2s | train 0.7012 | val_acc 76.38% | lr 8.85e-04
  epoch  11 | steps   4212 |    756.3s | train 0.6776 | val_acc 75.36% | lr 8.64e-04
  epoch  12 | steps   4563 |    819.0s | train 0.6563 | val_acc 76.64% | lr 8.42e-04
  epoch  13 | steps   4914 |    882.1s | train 0.6454 | val_acc 78.74% | lr 8.19e-04
  epoch  14 | steps   5265 |    944.8s | train 0.6259 | val_acc 76.70% | lr 7.94e-04
  epoch  15 | steps   5616 |   1008.1s | train 0.6109 | val_acc 79.36% | lr 7.68e-04
  epoch  16 | steps   5967 |   1070.6s | train 0.5956 | val_acc 77.02% | lr 7.41e-04
  epoch  17 | steps   6318 |   1133.8s | train 0.5777 | val_acc 78.38% | lr 7.13e-04
  epoch  18 | steps   6669 |   1196.4s | train 0.5671 | val_acc 78.66% | lr 6.84e-04
  epoch  19 | steps   7020 |   1259.5s | train 0.5510 | val_acc 81.30% | lr 6.55e-04
  epoch  20 | steps   7371 |   1322.3s | train 0.5357 | val_acc 81.32% | lr 6.24e-04
  epoch  21 | steps   7722 |   1385.4s | train 0.5292 | val_acc 82.82% | lr 5.94e-04
  epoch  22 | steps   8073 |   1448.0s | train 0.5114 | val_acc 82.60% | lr 5.63e-04
  epoch  23 | steps   8424 |   1511.2s | train 0.4948 | val_acc 81.82% | lr 5.31e-04
  epoch  24 | steps   8775 |   1573.9s | train 0.4726 | val_acc 83.34% | lr 5.00e-04
  epoch  25 | steps   9126 |   1637.3s | train 0.4653 | val_acc 83.28% | lr 4.69e-04
  epoch  26 | steps   9477 |   1700.1s | train 0.4501 | val_acc 84.52% | lr 4.37e-04
  epoch  27 | steps   9828 |   1763.5s | train 0.4299 | val_acc 86.28% | lr 4.06e-04
  epoch  28 | steps  10179 |   1826.3s | train 0.4153 | val_acc 84.18% | lr 3.76e-04
  epoch  29 | steps  10530 |   1889.7s | train 0.4019 | val_acc 87.78% | lr 3.45e-04
  epoch  30 | steps  10881 |   1952.5s | train 0.3810 | val_acc 86.62% | lr 3.16e-04
  epoch  31 | steps  11232 |   2016.0s | train 0.3672 | val_acc 87.32% | lr 2.87e-04
  epoch  32 | steps  11583 |   2078.8s | train 0.3488 | val_acc 87.72% | lr 2.59e-04
  epoch  33 | steps  11934 |   2142.2s | train 0.3293 | val_acc 88.62% | lr 2.32e-04
  epoch  34 | steps  12285 |   2205.1s | train 0.3117 | val_acc 89.36% | lr 2.06e-04
  epoch  35 | steps  12636 |   2268.4s | train 0.2955 | val_acc 89.80% | lr 1.81e-04
  epoch  36 | steps  12987 |   2331.3s | train 0.2725 | val_acc 90.28% | lr 1.58e-04
  epoch  37 | steps  13338 |   2394.8s | train 0.2578 | val_acc 90.66% | lr 1.36e-04
  epoch  38 | steps  13689 |   2457.6s | train 0.2388 | val_acc 90.98% | lr 1.15e-04
  epoch  39 | steps  14040 |   2521.0s | train 0.2167 | val_acc 92.62% | lr 9.55e-05
  epoch  40 | steps  14391 |   2583.8s | train 0.2016 | val_acc 92.30% | lr 7.78e-05
  epoch  41 | steps  14742 |   2647.2s | train 0.1820 | val_acc 92.68% | lr 6.18e-05
  epoch  42 | steps  15093 |   2710.0s | train 0.1692 | val_acc 93.14% | lr 4.76e-05
  epoch  43 | steps  15444 |   2773.4s | train 0.1526 | val_acc 93.60% | lr 3.51e-05
  epoch  44 | steps  15718 |   2822.9s | train 0.1397 | val_acc 93.60% | lr 3.51e-05
[kfac] done: 15718 steps, 45 epochs, test_acc=93.86%, peak VRAM=3.92 GiB

| arm | steps | epochs | final train loss | best val acc | test acc | median fwd+bwd | median step | step/fwd+bwd | total wall-clock | peak VRAM |
|---|---|---|---|---|---|---|---|---|---|---|
| kfac | 15718 | 45 | 0.1458 | 93.60% | 93.86% | 148.84 ms | 23.85 ms | 0.16x | 2822.8s | 3.92 GiB |

plots written to /home/blgr/new_adafisher/benchmarks/outputs/resnet50_cifar/kfac
