Les modules suivants n'ont pas été elevés de votre environnement :
  (Utilisez "module --force purge" pour tous les enlever):

  1) CCconfig        6)  ucx/1.14.1         11) flexiblas/3.3.1
  2) gentoo/2023     7)  libfabric/1.18.0   12) aocl-blas/5.1
  3) gcccore/.12.3   8)  pmix/4.2.4         13) aocl-lapack/5.1
  4) gcc/12.3        9)  ucc/1.2.0          14) StdEnv/2023
  5) hwloc/2.9.1     10) openmpi/4.1.5

Dû à un changement dans la variable MODULEPATH, les modules suivants ont été rechargés :
  1) aocl-blas/5.1     2) aocl-lapack/5.1

Les modules suivants ont été rechargés avec un changement de version :
  1) flexiblas/3.3.1 => flexiblas/3.4.4       6) openmpi/4.1.5 => openmpi/5.0.3
  2) gcc/12.3 => gcc/13.3                     7) pmix/4.2.4 => pmix/5.0.2
  3) gcccore/.12.3 => gcccore/.13.3           8) ucc/1.2.0 => ucc/1.3.0
  4) hwloc/2.9.1 => hwloc/2.10.0              9) ucx/1.14.1 => ucx/1.16.0
  5) libfabric/1.18.0 => libfabric/1.21.0

created virtual environment CPython3.11.5.final.0-64 in 451ms
  creator CPython3Posix(dest=/localscratch/blgr.20857552.0/env, clear=False, no_vcs_ignore=False, global=False)
  seeder FromAppData(download=False, pip=bundle, setuptools=bundle, wheel=bundle, via=copy, app_data_dir=/home/blgr/.local/share/virtualenv)
    added seed packages: pip==26.1.2+computecanada, setuptools==83.0.0+computecanada, wheel==0.46.3+computecanada
  activators BashActivator,CShellActivator,FishActivator,NushellActivator,PowerShellActivator,PythonActivator
Looking in links: /cvmfs/soft.computecanada.ca/custom/python/wheelhouse/gentoo2023/x86-64-v4, /cvmfs/soft.computecanada.ca/custom/python/wheelhouse/gentoo2023/x86-64-v3, /cvmfs/soft.computecanada.ca/custom/python/wheelhouse/gentoo2023/generic, /cvmfs/soft.computecanada.ca/custom/python/wheelhouse/generic
Requirement already satisfied: pip in /localscratch/blgr.20857552.0/env/lib/python3.11/site-packages (26.1.2+computecanada)
Looking in links: /cvmfs/soft.computecanada.ca/custom/python/wheelhouse/gentoo2023/x86-64-v4, /cvmfs/soft.computecanada.ca/custom/python/wheelhouse/gentoo2023/x86-64-v3, /cvmfs/soft.computecanada.ca/custom/python/wheelhouse/gentoo2023/generic, /cvmfs/soft.computecanada.ca/custom/python/wheelhouse/generic
Processing /cvmfs/soft.computecanada.ca/custom/python/wheelhouse/gentoo2023/x86-64-v3/torch-2.14.0+computecanada-cp311-cp311-linux_x86_64.whl (from -r requirements-cluster.txt (line 13))
Processing /cvmfs/soft.computecanada.ca/custom/python/wheelhouse/gentoo2023/generic/torchvision-0.29.0+computecanada-cp311-cp311-linux_x86_64.whl (from -r requirements-cluster.txt (line 14))
Processing /cvmfs/soft.computecanada.ca/custom/python/wheelhouse/gentoo2023/generic/numpy-2.4.2+computecanada-cp311-cp311-linux_x86_64.whl (from -r requirements-cluster.txt (line 15))
Processing /cvmfs/soft.computecanada.ca/custom/python/wheelhouse/gentoo2023/x86-64-v3/matplotlib-3.11.1+computecanada-cp311-cp311-linux_x86_64.whl (from -r requirements-cluster.txt (line 16))
Processing /cvmfs/soft.computecanada.ca/custom/python/wheelhouse/generic/filelock-3.31.1+computecanada-py3-none-any.whl (from torch>=2.0->-r requirements-cluster.txt (line 13))
Processing /cvmfs/soft.computecanada.ca/custom/python/wheelhouse/generic/typing_extensions-4.16.0+computecanada-py3-none-any.whl (from torch>=2.0->-r requirements-cluster.txt (line 13))
Requirement already satisfied: setuptools>=77.0.3 in /localscratch/blgr.20857552.0/env/lib/python3.11/site-packages (from torch>=2.0->-r requirements-cluster.txt (line 13)) (83.0.0+computecanada)
Processing /cvmfs/soft.computecanada.ca/custom/python/wheelhouse/generic/sympy-1.14.0+computecanada-py3-none-any.whl (from torch>=2.0->-r requirements-cluster.txt (line 13))
Processing /cvmfs/soft.computecanada.ca/custom/python/wheelhouse/generic/networkx-3.6.1+computecanada-py3-none-any.whl (from torch>=2.0->-r requirements-cluster.txt (line 13))
Processing /cvmfs/soft.computecanada.ca/custom/python/wheelhouse/generic/jinja2-3.1.6+computecanada-py3-none-any.whl (from torch>=2.0->-r requirements-cluster.txt (line 13))
Processing /cvmfs/soft.computecanada.ca/custom/python/wheelhouse/generic/fsspec-2026.7.0+computecanada-py3-none-any.whl (from torch>=2.0->-r requirements-cluster.txt (line 13))
Processing /cvmfs/soft.computecanada.ca/custom/python/wheelhouse/gentoo2023/x86-64-v3/Pillow_SIMD-9.5.0.post2+computecanada-cp311-cp311-linux_x86_64.whl (from torchvision>=0.15->-r requirements-cluster.txt (line 14))
Processing /cvmfs/soft.computecanada.ca/custom/python/wheelhouse/gentoo2023/generic/contourpy-1.3.3+computecanada-cp311-cp311-linux_x86_64.whl (from matplotlib>=3.7->-r requirements-cluster.txt (line 16))
Processing /cvmfs/soft.computecanada.ca/custom/python/wheelhouse/generic/cycler-0.12.1+computecanada-py3-none-any.whl (from matplotlib>=3.7->-r requirements-cluster.txt (line 16))
Processing /cvmfs/soft.computecanada.ca/custom/python/wheelhouse/generic/fonttools-4.64.0+computecanada-cp311-cp311-linux_x86_64.whl (from matplotlib>=3.7->-r requirements-cluster.txt (line 16))
Processing /cvmfs/soft.computecanada.ca/custom/python/wheelhouse/generic/kiwisolver-1.4.9+computecanada-cp311-cp311-linux_x86_64.whl (from matplotlib>=3.7->-r requirements-cluster.txt (line 16))
Processing /cvmfs/soft.computecanada.ca/custom/python/wheelhouse/generic/packaging-26.3+computecanada-py3-none-any.whl (from matplotlib>=3.7->-r requirements-cluster.txt (line 16))
Processing /cvmfs/soft.computecanada.ca/custom/python/wheelhouse/gentoo2023/x86-64-v3/pillow-12.1.0+computecanada-cp311-cp311-linux_x86_64.whl (from matplotlib>=3.7->-r requirements-cluster.txt (line 16))
Processing /cvmfs/soft.computecanada.ca/custom/python/wheelhouse/generic/pyparsing-3.3.2+computecanada-py3-none-any.whl (from matplotlib>=3.7->-r requirements-cluster.txt (line 16))
Processing /cvmfs/soft.computecanada.ca/custom/python/wheelhouse/generic/python_dateutil-2.9.0.post0+computecanada-py2.py3-none-any.whl (from matplotlib>=3.7->-r requirements-cluster.txt (line 16))
Processing /cvmfs/soft.computecanada.ca/custom/python/wheelhouse/generic/six-1.17.0+computecanada-py2.py3-none-any.whl (from python-dateutil>=2.7->matplotlib>=3.7->-r requirements-cluster.txt (line 16))
Processing /cvmfs/soft.computecanada.ca/custom/python/wheelhouse/generic/mpmath-1.3.0+computecanada-py3-none-any.whl (from sympy>=1.13.3->torch>=2.0->-r requirements-cluster.txt (line 13))
Processing /cvmfs/soft.computecanada.ca/custom/python/wheelhouse/generic/markupsafe-3.0.3+computecanada-cp311-cp311-linux_x86_64.whl (from jinja2->torch>=2.0->-r requirements-cluster.txt (line 13))
Installing collected packages: mpmath, typing-extensions, sympy, six, pyparsing, pillow-simd, pillow, packaging, numpy, networkx, MarkupSafe, kiwisolver, fsspec, fonttools, filelock, cycler, python-dateutil, jinja2, contourpy, torch, matplotlib, torchvision

Successfully installed MarkupSafe-3.0.3+computecanada contourpy-1.3.3+computecanada cycler-0.12.1+computecanada filelock-3.31.1+computecanada fonttools-4.64.0+computecanada fsspec-2026.7.0+computecanada jinja2-3.1.6+computecanada kiwisolver-1.4.9+computecanada matplotlib-3.11.1+computecanada mpmath-1.3.0+computecanada networkx-3.6.1+computecanada numpy-2.4.2+computecanada packaging-26.3+computecanada pillow-12.1.0+computecanada pillow-simd-9.5.0.post2+computecanada pyparsing-3.3.2+computecanada python-dateutil-2.9.0.post0+computecanada six-1.17.0+computecanada sympy-1.14.0+computecanada torch-2.14.0+computecanada torchvision-0.29.0+computecanada typing-extensions-4.16.0+computecanada
/localscratch/blgr.20857552.0/env/lib/python3.11/site-packages/torchvision/datasets/cifar.py:83: VisibleDeprecationWarning: dtype(): align should be passed as Python or NumPy boolean but got `align=0`. Did you mean to pass a tuple to create a subarray type? (Deprecated NumPy 2.4)
  entry = pickle.load(f, encoding="latin1")
model=resnet50_cifar arms=['ekfac'] device=cuda hparams=HParams(lr=0.001, baseline_lr=0.001, weight_decay=0.0005, lam=0.001, beta=0.9, gammas=(0.92, 0.008), tcov=100, t_inv=100, t_eig=100, t_re=1, minmax=True, conv_sua=True, fisher_batch_samples=32, decoupled_wd=False)
[ekfac] budget=2822.8s max_epochs=150 device=cuda
sys:1: UserWarning: Full backward hook is firing when gradients are computed with respect to module outputs since no inputs require gradients. See https://docs.pytorch.org/docs/main/generated/torch.nn.Module.html#torch.nn.Module.register_full_backward_hook for more details.
  epoch   0 | steps    351 |     76.3s | train 2.4575 | val_acc 17.58% | lr 9.99e-04
  epoch   1 | steps    702 |    152.2s | train 1.8194 | val_acc 38.52% | lr 9.96e-04
  epoch   2 | steps   1053 |    226.2s | train 1.5007 | val_acc 51.24% | lr 9.91e-04
  epoch   3 | steps   1404 |    302.3s | train 1.2569 | val_acc 62.72% | lr 9.84e-04
  epoch   4 | steps   1755 |    376.2s | train 1.0695 | val_acc 60.80% | lr 9.76e-04
  epoch   5 | steps   2106 |    452.3s | train 0.9668 | val_acc 65.88% | lr 9.65e-04
  epoch   6 | steps   2457 |    526.3s | train 0.8837 | val_acc 71.24% | lr 9.52e-04
  epoch   7 | steps   2808 |    602.4s | train 0.8183 | val_acc 70.92% | lr 9.38e-04
  epoch   8 | steps   3159 |    676.2s | train 0.7697 | val_acc 74.46% | lr 9.22e-04
  epoch   9 | steps   3510 |    752.3s | train 0.7308 | val_acc 73.22% | lr 9.05e-04
  epoch  10 | steps   3861 |    826.3s | train 0.7132 | val_acc 76.34% | lr 8.85e-04
  epoch  11 | steps   4212 |    902.4s | train 0.6840 | val_acc 75.56% | lr 8.64e-04
  epoch  12 | steps   4563 |    976.3s | train 0.6636 | val_acc 79.70% | lr 8.42e-04
  epoch  13 | steps   4914 |   1052.2s | train 0.6476 | val_acc 76.82% | lr 8.19e-04
  epoch  14 | steps   5265 |   1126.4s | train 0.6271 | val_acc 78.02% | lr 7.94e-04
  epoch  15 | steps   5616 |   1202.5s | train 0.6078 | val_acc 72.60% | lr 7.68e-04
  epoch  16 | steps   5967 |   1276.4s | train 0.5976 | val_acc 76.98% | lr 7.41e-04
  epoch  17 | steps   6318 |   1352.5s | train 0.5776 | val_acc 78.78% | lr 7.13e-04
  epoch  18 | steps   6669 |   1426.6s | train 0.5611 | val_acc 77.02% | lr 6.84e-04
  epoch  19 | steps   7020 |   1502.8s | train 0.5504 | val_acc 80.74% | lr 6.55e-04
  epoch  20 | steps   7371 |   1576.8s | train 0.5336 | val_acc 82.36% | lr 6.24e-04
  epoch  21 | steps   7722 |   1653.0s | train 0.5261 | val_acc 80.98% | lr 5.94e-04
  epoch  22 | steps   8073 |   1727.3s | train 0.5061 | val_acc 82.24% | lr 5.63e-04
  epoch  23 | steps   8424 |   1803.5s | train 0.4933 | val_acc 79.54% | lr 5.31e-04
  epoch  24 | steps   8775 |   1877.4s | train 0.4700 | val_acc 83.08% | lr 5.00e-04
  epoch  25 | steps   9126 |   1953.5s | train 0.4595 | val_acc 85.92% | lr 4.69e-04
  epoch  26 | steps   9477 |   2027.5s | train 0.4433 | val_acc 83.68% | lr 4.37e-04
  epoch  27 | steps   9828 |   2103.6s | train 0.4253 | val_acc 83.34% | lr 4.06e-04
  epoch  28 | steps  10179 |   2177.6s | train 0.4102 | val_acc 85.24% | lr 3.76e-04
  epoch  29 | steps  10530 |   2253.6s | train 0.3964 | val_acc 86.88% | lr 3.45e-04
  epoch  30 | steps  10881 |   2327.5s | train 0.3732 | val_acc 85.34% | lr 3.16e-04
  epoch  31 | steps  11232 |   2403.6s | train 0.3611 | val_acc 88.94% | lr 2.87e-04
  epoch  32 | steps  11583 |   2477.6s | train 0.3456 | val_acc 87.26% | lr 2.59e-04
  epoch  33 | steps  11934 |   2553.7s | train 0.3219 | val_acc 87.18% | lr 2.32e-04
  epoch  34 | steps  12285 |   2627.9s | train 0.3115 | val_acc 87.94% | lr 2.06e-04
  epoch  35 | steps  12636 |   2704.1s | train 0.2893 | val_acc 88.80% | lr 1.81e-04
  epoch  36 | steps  12987 |   2778.1s | train 0.2686 | val_acc 89.84% | lr 1.58e-04
  epoch  37 | steps  13197 |   2823.1s | train 0.2565 | val_acc 90.04% | lr 1.58e-04
[ekfac] done: 13197 steps, 38 epochs, test_acc=90.09%, peak VRAM=4.77 GiB

| arm | steps | epochs | final train loss | best val acc | test acc | median fwd+bwd | median step | step/fwd+bwd | total wall-clock | peak VRAM |
|---|---|---|---|---|---|---|---|---|---|---|
| ekfac | 13197 | 38 | 0.2541 | 90.04% | 90.09% | 149.02 ms | 42.24 ms | 0.28x | 2823.0s | 4.77 GiB |

plots written to /home/blgr/new_adafisher/benchmarks/outputs/resnet50_cifar/ekfac
