Les modules suivants n'ont pas été elevés de votre environnement :
  (Utilisez "module --force purge" pour tous les enlever):

  1) CCconfig        6)  ucx/1.14.1         11) flexiblas/3.3.1
  2) gentoo/2023     7)  libfabric/1.18.0   12) aocl-blas/5.1
  3) gcccore/.12.3   8)  pmix/4.2.4         13) aocl-lapack/5.1
  4) gcc/12.3        9)  ucc/1.2.0          14) StdEnv/2023
  5) hwloc/2.9.1     10) openmpi/4.1.5

Dû à un changement dans la variable MODULEPATH, les modules suivants ont été rechargés :
  1) aocl-blas/5.1     2) aocl-lapack/5.1

Les modules suivants ont été rechargés avec un changement de version :
  1) flexiblas/3.3.1 => flexiblas/3.4.4       6) openmpi/4.1.5 => openmpi/5.0.3
  2) gcc/12.3 => gcc/13.3                     7) pmix/4.2.4 => pmix/5.0.2
  3) gcccore/.12.3 => gcccore/.13.3           8) ucc/1.2.0 => ucc/1.3.0
  4) hwloc/2.9.1 => hwloc/2.10.0              9) ucx/1.14.1 => ucx/1.16.0
  5) libfabric/1.18.0 => libfabric/1.21.0

created virtual environment CPython3.11.5.final.0-64 in 534ms
  creator CPython3Posix(dest=/localscratch/blgr.20851635.0/env, clear=False, no_vcs_ignore=False, global=False)
  seeder FromAppData(download=False, pip=bundle, setuptools=bundle, wheel=bundle, via=copy, app_data_dir=/home/blgr/.local/share/virtualenv)
    added seed packages: pip==26.1.2+computecanada, setuptools==83.0.0+computecanada, wheel==0.46.3+computecanada
  activators BashActivator,CShellActivator,FishActivator,NushellActivator,PowerShellActivator,PythonActivator
Looking in links: /cvmfs/soft.computecanada.ca/custom/python/wheelhouse/gentoo2023/x86-64-v4, /cvmfs/soft.computecanada.ca/custom/python/wheelhouse/gentoo2023/x86-64-v3, /cvmfs/soft.computecanada.ca/custom/python/wheelhouse/gentoo2023/generic, /cvmfs/soft.computecanada.ca/custom/python/wheelhouse/generic
Requirement already satisfied: pip in /localscratch/blgr.20851635.0/env/lib/python3.11/site-packages (26.1.2+computecanada)
Looking in links: /cvmfs/soft.computecanada.ca/custom/python/wheelhouse/gentoo2023/x86-64-v4, /cvmfs/soft.computecanada.ca/custom/python/wheelhouse/gentoo2023/x86-64-v3, /cvmfs/soft.computecanada.ca/custom/python/wheelhouse/gentoo2023/generic, /cvmfs/soft.computecanada.ca/custom/python/wheelhouse/generic
Processing /cvmfs/soft.computecanada.ca/custom/python/wheelhouse/gentoo2023/x86-64-v3/torch-2.14.0+computecanada-cp311-cp311-linux_x86_64.whl (from -r requirements-cluster.txt (line 13))
Processing /cvmfs/soft.computecanada.ca/custom/python/wheelhouse/gentoo2023/generic/torchvision-0.29.0+computecanada-cp311-cp311-linux_x86_64.whl (from -r requirements-cluster.txt (line 14))
Processing /cvmfs/soft.computecanada.ca/custom/python/wheelhouse/gentoo2023/generic/numpy-2.4.2+computecanada-cp311-cp311-linux_x86_64.whl (from -r requirements-cluster.txt (line 15))
Processing /cvmfs/soft.computecanada.ca/custom/python/wheelhouse/gentoo2023/x86-64-v3/matplotlib-3.11.1+computecanada-cp311-cp311-linux_x86_64.whl (from -r requirements-cluster.txt (line 16))
Processing /cvmfs/soft.computecanada.ca/custom/python/wheelhouse/generic/filelock-3.31.1+computecanada-py3-none-any.whl (from torch>=2.0->-r requirements-cluster.txt (line 13))
Processing /cvmfs/soft.computecanada.ca/custom/python/wheelhouse/generic/typing_extensions-4.16.0+computecanada-py3-none-any.whl (from torch>=2.0->-r requirements-cluster.txt (line 13))
Requirement already satisfied: setuptools>=77.0.3 in /localscratch/blgr.20851635.0/env/lib/python3.11/site-packages (from torch>=2.0->-r requirements-cluster.txt (line 13)) (83.0.0+computecanada)
Processing /cvmfs/soft.computecanada.ca/custom/python/wheelhouse/generic/sympy-1.14.0+computecanada-py3-none-any.whl (from torch>=2.0->-r requirements-cluster.txt (line 13))
Processing /cvmfs/soft.computecanada.ca/custom/python/wheelhouse/generic/networkx-3.6.1+computecanada-py3-none-any.whl (from torch>=2.0->-r requirements-cluster.txt (line 13))
Processing /cvmfs/soft.computecanada.ca/custom/python/wheelhouse/generic/jinja2-3.1.6+computecanada-py3-none-any.whl (from torch>=2.0->-r requirements-cluster.txt (line 13))
Processing /cvmfs/soft.computecanada.ca/custom/python/wheelhouse/generic/fsspec-2026.7.0+computecanada-py3-none-any.whl (from torch>=2.0->-r requirements-cluster.txt (line 13))
Processing /cvmfs/soft.computecanada.ca/custom/python/wheelhouse/gentoo2023/x86-64-v3/Pillow_SIMD-9.5.0.post2+computecanada-cp311-cp311-linux_x86_64.whl (from torchvision>=0.15->-r requirements-cluster.txt (line 14))
Processing /cvmfs/soft.computecanada.ca/custom/python/wheelhouse/gentoo2023/generic/contourpy-1.3.3+computecanada-cp311-cp311-linux_x86_64.whl (from matplotlib>=3.7->-r requirements-cluster.txt (line 16))
Processing /cvmfs/soft.computecanada.ca/custom/python/wheelhouse/generic/cycler-0.12.1+computecanada-py3-none-any.whl (from matplotlib>=3.7->-r requirements-cluster.txt (line 16))
Processing /cvmfs/soft.computecanada.ca/custom/python/wheelhouse/generic/fonttools-4.64.0+computecanada-cp311-cp311-linux_x86_64.whl (from matplotlib>=3.7->-r requirements-cluster.txt (line 16))
Processing /cvmfs/soft.computecanada.ca/custom/python/wheelhouse/generic/kiwisolver-1.4.9+computecanada-cp311-cp311-linux_x86_64.whl (from matplotlib>=3.7->-r requirements-cluster.txt (line 16))
Processing /cvmfs/soft.computecanada.ca/custom/python/wheelhouse/generic/packaging-26.3+computecanada-py3-none-any.whl (from matplotlib>=3.7->-r requirements-cluster.txt (line 16))
Processing /cvmfs/soft.computecanada.ca/custom/python/wheelhouse/gentoo2023/x86-64-v3/pillow-12.1.0+computecanada-cp311-cp311-linux_x86_64.whl (from matplotlib>=3.7->-r requirements-cluster.txt (line 16))
Processing /cvmfs/soft.computecanada.ca/custom/python/wheelhouse/generic/pyparsing-3.3.2+computecanada-py3-none-any.whl (from matplotlib>=3.7->-r requirements-cluster.txt (line 16))
Processing /cvmfs/soft.computecanada.ca/custom/python/wheelhouse/generic/python_dateutil-2.9.0.post0+computecanada-py2.py3-none-any.whl (from matplotlib>=3.7->-r requirements-cluster.txt (line 16))
Processing /cvmfs/soft.computecanada.ca/custom/python/wheelhouse/generic/six-1.17.0+computecanada-py2.py3-none-any.whl (from python-dateutil>=2.7->matplotlib>=3.7->-r requirements-cluster.txt (line 16))
Processing /cvmfs/soft.computecanada.ca/custom/python/wheelhouse/generic/mpmath-1.3.0+computecanada-py3-none-any.whl (from sympy>=1.13.3->torch>=2.0->-r requirements-cluster.txt (line 13))
Processing /cvmfs/soft.computecanada.ca/custom/python/wheelhouse/generic/markupsafe-3.0.3+computecanada-cp311-cp311-linux_x86_64.whl (from jinja2->torch>=2.0->-r requirements-cluster.txt (line 13))
Installing collected packages: mpmath, typing-extensions, sympy, six, pyparsing, pillow-simd, pillow, packaging, numpy, networkx, MarkupSafe, kiwisolver, fsspec, fonttools, filelock, cycler, python-dateutil, jinja2, contourpy, torch, matplotlib, torchvision

Successfully installed MarkupSafe-3.0.3+computecanada contourpy-1.3.3+computecanada cycler-0.12.1+computecanada filelock-3.31.1+computecanada fonttools-4.64.0+computecanada fsspec-2026.7.0+computecanada jinja2-3.1.6+computecanada kiwisolver-1.4.9+computecanada matplotlib-3.11.1+computecanada mpmath-1.3.0+computecanada networkx-3.6.1+computecanada numpy-2.4.2+computecanada packaging-26.3+computecanada pillow-12.1.0+computecanada pillow-simd-9.5.0.post2+computecanada pyparsing-3.3.2+computecanada python-dateutil-2.9.0.post0+computecanada six-1.17.0+computecanada sympy-1.14.0+computecanada torch-2.14.0+computecanada torchvision-0.29.0+computecanada typing-extensions-4.16.0+computecanada
/localscratch/blgr.20851635.0/env/lib/python3.11/site-packages/torchvision/datasets/cifar.py:83: VisibleDeprecationWarning: dtype(): align should be passed as Python or NumPy boolean but got `align=0`. Did you mean to pass a tuple to create a subarray type? (Deprecated NumPy 2.4)
  entry = pickle.load(f, encoding="latin1")
model=resnet50_cifar arms=['diag'] device=cuda hparams=HParams(lr=0.001, baseline_lr=0.001, weight_decay=0.0005, lam=0.001, beta=0.9, gammas=(0.92, 0.008), tcov=100, t_inv=100, t_eig=100, t_re=1, minmax=True, conv_sua=True, fisher_batch_samples=32, decoupled_wd=False)
[diag] budget=unbounded max_epochs=50 device=cuda
sys:1: UserWarning: Full backward hook is firing when gradients are computed with respect to module outputs since no inputs require gradients. See https://docs.pytorch.org/docs/main/generated/torch.nn.Module.html#torch.nn.Module.register_full_backward_hook for more details.
  epoch   0 | steps    351 |     57.2s | train 2.9789 | val_acc 34.42% | lr 9.99e-04
  epoch   1 | steps    702 |    113.8s | train 1.7726 | val_acc 39.54% | lr 9.96e-04
  epoch   2 | steps   1053 |    170.4s | train 1.5381 | val_acc 50.24% | lr 9.91e-04
  epoch   3 | steps   1404 |    227.0s | train 1.3561 | val_acc 55.24% | lr 9.84e-04
  epoch   4 | steps   1755 |    283.6s | train 1.2133 | val_acc 56.16% | lr 9.76e-04
  epoch   5 | steps   2106 |    340.2s | train 1.1158 | val_acc 65.32% | lr 9.65e-04
  epoch   6 | steps   2457 |    396.7s | train 1.0432 | val_acc 66.16% | lr 9.52e-04
  epoch   7 | steps   2808 |    453.2s | train 0.9778 | val_acc 59.94% | lr 9.38e-04
  epoch   8 | steps   3159 |    509.7s | train 0.9283 | val_acc 63.02% | lr 9.22e-04
  epoch   9 | steps   3510 |    566.2s | train 0.8686 | val_acc 68.20% | lr 9.05e-04
  epoch  10 | steps   3861 |    622.7s | train 0.8351 | val_acc 72.88% | lr 8.85e-04
  epoch  11 | steps   4212 |    679.2s | train 0.7851 | val_acc 70.52% | lr 8.64e-04
  epoch  12 | steps   4563 |    735.7s | train 0.7543 | val_acc 74.40% | lr 8.42e-04
  epoch  13 | steps   4914 |    792.2s | train 0.7314 | val_acc 69.30% | lr 8.19e-04
  epoch  14 | steps   5265 |    848.7s | train 0.7083 | val_acc 69.86% | lr 7.94e-04
  epoch  15 | steps   5616 |    905.2s | train 0.6823 | val_acc 66.98% | lr 7.68e-04
  epoch  16 | steps   5967 |    961.7s | train 0.6661 | val_acc 76.72% | lr 7.41e-04
  epoch  17 | steps   6318 |   1018.2s | train 0.6445 | val_acc 76.14% | lr 7.13e-04
  epoch  18 | steps   6669 |   1074.7s | train 0.6269 | val_acc 81.54% | lr 6.84e-04
  epoch  19 | steps   7020 |   1131.2s | train 0.6161 | val_acc 78.00% | lr 6.55e-04
  epoch  20 | steps   7371 |   1187.7s | train 0.5932 | val_acc 81.44% | lr 6.24e-04
  epoch  21 | steps   7722 |   1244.2s | train 0.5828 | val_acc 77.86% | lr 5.94e-04
  epoch  22 | steps   8073 |   1300.8s | train 0.5664 | val_acc 80.42% | lr 5.63e-04
  epoch  23 | steps   8424 |   1357.3s | train 0.5464 | val_acc 80.96% | lr 5.31e-04
  epoch  24 | steps   8775 |   1413.9s | train 0.5279 | val_acc 82.02% | lr 5.00e-04
  epoch  25 | steps   9126 |   1470.4s | train 0.5198 | val_acc 80.72% | lr 4.69e-04
  epoch  26 | steps   9477 |   1526.8s | train 0.4946 | val_acc 83.64% | lr 4.37e-04
  epoch  27 | steps   9828 |   1583.4s | train 0.4734 | val_acc 83.22% | lr 4.06e-04
  epoch  28 | steps  10179 |   1639.9s | train 0.4565 | val_acc 84.20% | lr 3.76e-04
  epoch  29 | steps  10530 |   1696.4s | train 0.4451 | val_acc 82.80% | lr 3.45e-04
  epoch  30 | steps  10881 |   1752.8s | train 0.4184 | val_acc 80.98% | lr 3.16e-04
  epoch  31 | steps  11232 |   1809.2s | train 0.4048 | val_acc 87.68% | lr 2.87e-04
  epoch  32 | steps  11583 |   1865.4s | train 0.3892 | val_acc 86.82% | lr 2.59e-04
  epoch  33 | steps  11934 |   1921.8s | train 0.3635 | val_acc 85.12% | lr 2.32e-04
  epoch  34 | steps  12285 |   1978.1s | train 0.3530 | val_acc 88.90% | lr 2.06e-04
  epoch  35 | steps  12636 |   2034.5s | train 0.3302 | val_acc 90.08% | lr 1.81e-04
  epoch  36 | steps  12987 |   2090.8s | train 0.3065 | val_acc 89.22% | lr 1.58e-04
  epoch  37 | steps  13338 |   2147.2s | train 0.2955 | val_acc 89.12% | lr 1.36e-04
  epoch  38 | steps  13689 |   2203.5s | train 0.2731 | val_acc 90.52% | lr 1.15e-04
  epoch  39 | steps  14040 |   2259.8s | train 0.2509 | val_acc 91.76% | lr 9.55e-05
  epoch  40 | steps  14391 |   2316.0s | train 0.2337 | val_acc 91.84% | lr 7.78e-05
  epoch  41 | steps  14742 |   2372.4s | train 0.2116 | val_acc 92.32% | lr 6.18e-05
  epoch  42 | steps  15093 |   2428.6s | train 0.2009 | val_acc 92.14% | lr 4.76e-05
  epoch  43 | steps  15444 |   2484.9s | train 0.1820 | val_acc 92.94% | lr 3.51e-05
  epoch  44 | steps  15795 |   2541.2s | train 0.1686 | val_acc 93.30% | lr 2.45e-05
  epoch  45 | steps  16146 |   2597.5s | train 0.1545 | val_acc 93.62% | lr 1.57e-05
  epoch  46 | steps  16497 |   2653.8s | train 0.1479 | val_acc 93.72% | lr 8.86e-06
  epoch  47 | steps  16848 |   2710.1s | train 0.1336 | val_acc 93.94% | lr 3.94e-06
  epoch  48 | steps  17199 |   2766.4s | train 0.1345 | val_acc 93.60% | lr 9.87e-07
  epoch  49 | steps  17550 |   2822.9s | train 0.1305 | val_acc 93.74% | lr 0.00e+00
[diag] done: 17550 steps, 50 epochs, test_acc=93.90%, peak VRAM=3.31 GiB

| arm | steps | epochs | final train loss | best val acc | test acc | median fwd+bwd | median step | step/fwd+bwd | total wall-clock | peak VRAM |
|---|---|---|---|---|---|---|---|---|---|---|
| diag | 17550 | 50 | 0.1406 | 93.94% | 93.90% | 148.70 ms | 10.24 ms | 0.07x | 2822.8s | 3.31 GiB |

plots written to /home/blgr/new_adafisher/benchmarks/outputs/resnet50_cifar/diag
