Les modules suivants n'ont pas été elevés de votre environnement :
  (Utilisez "module --force purge" pour tous les enlever):

  1) CCconfig        6)  ucx/1.14.1         11) flexiblas/3.3.1
  2) gentoo/2023     7)  libfabric/1.18.0   12) aocl-blas/5.1
  3) gcccore/.12.3   8)  pmix/4.2.4         13) aocl-lapack/5.1
  4) gcc/12.3        9)  ucc/1.2.0          14) StdEnv/2023
  5) hwloc/2.9.1     10) openmpi/4.1.5

Dû à un changement dans la variable MODULEPATH, les modules suivants ont été rechargés :
  1) aocl-blas/5.1     2) aocl-lapack/5.1

Les modules suivants ont été rechargés avec un changement de version :
  1) flexiblas/3.3.1 => flexiblas/3.4.4       6) openmpi/4.1.5 => openmpi/5.0.3
  2) gcc/12.3 => gcc/13.3                     7) pmix/4.2.4 => pmix/5.0.2
  3) gcccore/.12.3 => gcccore/.13.3           8) ucc/1.2.0 => ucc/1.3.0
  4) hwloc/2.9.1 => hwloc/2.10.0              9) ucx/1.14.1 => ucx/1.16.0
  5) libfabric/1.18.0 => libfabric/1.21.0

created virtual environment CPython3.11.5.final.0-64 in 501ms
  creator CPython3Posix(dest=/localscratch/blgr.20857556.0/env, clear=False, no_vcs_ignore=False, global=False)
  seeder FromAppData(download=False, pip=bundle, setuptools=bundle, wheel=bundle, via=copy, app_data_dir=/home/blgr/.local/share/virtualenv)
    added seed packages: pip==26.1.2+computecanada, setuptools==83.0.0+computecanada, wheel==0.46.3+computecanada
  activators BashActivator,CShellActivator,FishActivator,NushellActivator,PowerShellActivator,PythonActivator
Looking in links: /cvmfs/soft.computecanada.ca/custom/python/wheelhouse/gentoo2023/x86-64-v4, /cvmfs/soft.computecanada.ca/custom/python/wheelhouse/gentoo2023/x86-64-v3, /cvmfs/soft.computecanada.ca/custom/python/wheelhouse/gentoo2023/generic, /cvmfs/soft.computecanada.ca/custom/python/wheelhouse/generic
Requirement already satisfied: pip in /localscratch/blgr.20857556.0/env/lib/python3.11/site-packages (26.1.2+computecanada)
Looking in links: /cvmfs/soft.computecanada.ca/custom/python/wheelhouse/gentoo2023/x86-64-v4, /cvmfs/soft.computecanada.ca/custom/python/wheelhouse/gentoo2023/x86-64-v3, /cvmfs/soft.computecanada.ca/custom/python/wheelhouse/gentoo2023/generic, /cvmfs/soft.computecanada.ca/custom/python/wheelhouse/generic
Processing /cvmfs/soft.computecanada.ca/custom/python/wheelhouse/gentoo2023/x86-64-v3/torch-2.14.0+computecanada-cp311-cp311-linux_x86_64.whl (from -r requirements-cluster.txt (line 13))
Processing /cvmfs/soft.computecanada.ca/custom/python/wheelhouse/gentoo2023/generic/torchvision-0.29.0+computecanada-cp311-cp311-linux_x86_64.whl (from -r requirements-cluster.txt (line 14))
Processing /cvmfs/soft.computecanada.ca/custom/python/wheelhouse/gentoo2023/generic/numpy-2.4.2+computecanada-cp311-cp311-linux_x86_64.whl (from -r requirements-cluster.txt (line 15))
Processing /cvmfs/soft.computecanada.ca/custom/python/wheelhouse/gentoo2023/x86-64-v3/matplotlib-3.11.1+computecanada-cp311-cp311-linux_x86_64.whl (from -r requirements-cluster.txt (line 16))
Processing /cvmfs/soft.computecanada.ca/custom/python/wheelhouse/generic/filelock-3.31.1+computecanada-py3-none-any.whl (from torch>=2.0->-r requirements-cluster.txt (line 13))
Processing /cvmfs/soft.computecanada.ca/custom/python/wheelhouse/generic/typing_extensions-4.16.0+computecanada-py3-none-any.whl (from torch>=2.0->-r requirements-cluster.txt (line 13))
Requirement already satisfied: setuptools>=77.0.3 in /localscratch/blgr.20857556.0/env/lib/python3.11/site-packages (from torch>=2.0->-r requirements-cluster.txt (line 13)) (83.0.0+computecanada)
Processing /cvmfs/soft.computecanada.ca/custom/python/wheelhouse/generic/sympy-1.14.0+computecanada-py3-none-any.whl (from torch>=2.0->-r requirements-cluster.txt (line 13))
Processing /cvmfs/soft.computecanada.ca/custom/python/wheelhouse/generic/networkx-3.6.1+computecanada-py3-none-any.whl (from torch>=2.0->-r requirements-cluster.txt (line 13))
Processing /cvmfs/soft.computecanada.ca/custom/python/wheelhouse/generic/jinja2-3.1.6+computecanada-py3-none-any.whl (from torch>=2.0->-r requirements-cluster.txt (line 13))
Processing /cvmfs/soft.computecanada.ca/custom/python/wheelhouse/generic/fsspec-2026.7.0+computecanada-py3-none-any.whl (from torch>=2.0->-r requirements-cluster.txt (line 13))
Processing /cvmfs/soft.computecanada.ca/custom/python/wheelhouse/gentoo2023/x86-64-v3/Pillow_SIMD-9.5.0.post2+computecanada-cp311-cp311-linux_x86_64.whl (from torchvision>=0.15->-r requirements-cluster.txt (line 14))
Processing /cvmfs/soft.computecanada.ca/custom/python/wheelhouse/gentoo2023/generic/contourpy-1.3.3+computecanada-cp311-cp311-linux_x86_64.whl (from matplotlib>=3.7->-r requirements-cluster.txt (line 16))
Processing /cvmfs/soft.computecanada.ca/custom/python/wheelhouse/generic/cycler-0.12.1+computecanada-py3-none-any.whl (from matplotlib>=3.7->-r requirements-cluster.txt (line 16))
Processing /cvmfs/soft.computecanada.ca/custom/python/wheelhouse/generic/fonttools-4.64.0+computecanada-cp311-cp311-linux_x86_64.whl (from matplotlib>=3.7->-r requirements-cluster.txt (line 16))
Processing /cvmfs/soft.computecanada.ca/custom/python/wheelhouse/generic/kiwisolver-1.4.9+computecanada-cp311-cp311-linux_x86_64.whl (from matplotlib>=3.7->-r requirements-cluster.txt (line 16))
Processing /cvmfs/soft.computecanada.ca/custom/python/wheelhouse/generic/packaging-26.3+computecanada-py3-none-any.whl (from matplotlib>=3.7->-r requirements-cluster.txt (line 16))
Processing /cvmfs/soft.computecanada.ca/custom/python/wheelhouse/gentoo2023/x86-64-v3/pillow-12.1.0+computecanada-cp311-cp311-linux_x86_64.whl (from matplotlib>=3.7->-r requirements-cluster.txt (line 16))
Processing /cvmfs/soft.computecanada.ca/custom/python/wheelhouse/generic/pyparsing-3.3.2+computecanada-py3-none-any.whl (from matplotlib>=3.7->-r requirements-cluster.txt (line 16))
Processing /cvmfs/soft.computecanada.ca/custom/python/wheelhouse/generic/python_dateutil-2.9.0.post0+computecanada-py2.py3-none-any.whl (from matplotlib>=3.7->-r requirements-cluster.txt (line 16))
Processing /cvmfs/soft.computecanada.ca/custom/python/wheelhouse/generic/six-1.17.0+computecanada-py2.py3-none-any.whl (from python-dateutil>=2.7->matplotlib>=3.7->-r requirements-cluster.txt (line 16))
Processing /cvmfs/soft.computecanada.ca/custom/python/wheelhouse/generic/mpmath-1.3.0+computecanada-py3-none-any.whl (from sympy>=1.13.3->torch>=2.0->-r requirements-cluster.txt (line 13))
Processing /cvmfs/soft.computecanada.ca/custom/python/wheelhouse/generic/markupsafe-3.0.3+computecanada-cp311-cp311-linux_x86_64.whl (from jinja2->torch>=2.0->-r requirements-cluster.txt (line 13))
Installing collected packages: mpmath, typing-extensions, sympy, six, pyparsing, pillow-simd, pillow, packaging, numpy, networkx, MarkupSafe, kiwisolver, fsspec, fonttools, filelock, cycler, python-dateutil, jinja2, contourpy, torch, matplotlib, torchvision

Successfully installed MarkupSafe-3.0.3+computecanada contourpy-1.3.3+computecanada cycler-0.12.1+computecanada filelock-3.31.1+computecanada fonttools-4.64.0+computecanada fsspec-2026.7.0+computecanada jinja2-3.1.6+computecanada kiwisolver-1.4.9+computecanada matplotlib-3.11.1+computecanada mpmath-1.3.0+computecanada networkx-3.6.1+computecanada numpy-2.4.2+computecanada packaging-26.3+computecanada pillow-12.1.0+computecanada pillow-simd-9.5.0.post2+computecanada pyparsing-3.3.2+computecanada python-dateutil-2.9.0.post0+computecanada six-1.17.0+computecanada sympy-1.14.0+computecanada torch-2.14.0+computecanada torchvision-0.29.0+computecanada typing-extensions-4.16.0+computecanada
/localscratch/blgr.20857556.0/env/lib/python3.11/site-packages/torchvision/datasets/cifar.py:83: VisibleDeprecationWarning: dtype(): align should be passed as Python or NumPy boolean but got `align=0`. Did you mean to pass a tuple to create a subarray type? (Deprecated NumPy 2.4)
  entry = pickle.load(f, encoding="latin1")
model=resnet50_cifar arms=['adamw'] device=cuda hparams=HParams(lr=0.001, baseline_lr=0.001, weight_decay=0.0005, lam=0.001, beta=0.9, gammas=(0.92, 0.008), tcov=100, t_inv=100, t_eig=100, t_re=1, minmax=True, conv_sua=True, fisher_batch_samples=32, decoupled_wd=False)
[adamw] budget=2822.8s max_epochs=150 device=cuda
  epoch   0 | steps    351 |     55.1s | train 1.7255 | val_acc 48.20% | lr 9.99e-04
  epoch   1 | steps    702 |    109.9s | train 1.3090 | val_acc 59.76% | lr 9.96e-04
  epoch   2 | steps   1053 |    164.4s | train 1.0804 | val_acc 59.02% | lr 9.91e-04
  epoch   3 | steps   1404 |    218.9s | train 0.9593 | val_acc 66.04% | lr 9.84e-04
  epoch   4 | steps   1755 |    273.4s | train 0.8617 | val_acc 69.56% | lr 9.76e-04
  epoch   5 | steps   2106 |    328.0s | train 0.7789 | val_acc 70.48% | lr 9.65e-04
  epoch   6 | steps   2457 |    382.5s | train 0.7157 | val_acc 78.82% | lr 9.52e-04
  epoch   7 | steps   2808 |    437.6s | train 0.6685 | val_acc 78.52% | lr 9.38e-04
  epoch   8 | steps   3159 |    492.1s | train 0.6367 | val_acc 78.76% | lr 9.22e-04
  epoch   9 | steps   3510 |    546.6s | train 0.5856 | val_acc 80.16% | lr 9.05e-04
  epoch  10 | steps   3861 |    601.2s | train 0.5573 | val_acc 82.72% | lr 8.85e-04
  epoch  11 | steps   4212 |    655.7s | train 0.5241 | val_acc 82.58% | lr 8.64e-04
  epoch  12 | steps   4563 |    710.2s | train 0.5180 | val_acc 83.42% | lr 8.42e-04
  epoch  13 | steps   4914 |    764.7s | train 0.4735 | val_acc 83.14% | lr 8.19e-04
  epoch  14 | steps   5265 |    819.3s | train 0.4517 | val_acc 85.90% | lr 7.94e-04
  epoch  15 | steps   5616 |    873.8s | train 0.4292 | val_acc 86.26% | lr 7.68e-04
  epoch  16 | steps   5967 |    928.4s | train 0.4129 | val_acc 85.82% | lr 7.41e-04
  epoch  17 | steps   6318 |    982.9s | train 0.3863 | val_acc 84.86% | lr 7.13e-04
  epoch  18 | steps   6669 |   1037.4s | train 0.3735 | val_acc 86.74% | lr 6.84e-04
  epoch  19 | steps   7020 |   1091.9s | train 0.3570 | val_acc 88.14% | lr 6.55e-04
  epoch  20 | steps   7371 |   1146.4s | train 0.3357 | val_acc 87.58% | lr 6.24e-04
  epoch  21 | steps   7722 |   1201.1s | train 0.3225 | val_acc 88.94% | lr 5.94e-04
  epoch  22 | steps   8073 |   1255.6s | train 0.3136 | val_acc 89.14% | lr 5.63e-04
  epoch  23 | steps   8424 |   1310.2s | train 0.2964 | val_acc 90.20% | lr 5.31e-04
  epoch  24 | steps   8775 |   1364.6s | train 0.2797 | val_acc 88.92% | lr 5.00e-04
  epoch  25 | steps   9126 |   1419.1s | train 0.2672 | val_acc 89.78% | lr 4.69e-04
  epoch  26 | steps   9477 |   1473.7s | train 0.2493 | val_acc 91.46% | lr 4.37e-04
  epoch  27 | steps   9828 |   1528.2s | train 0.2397 | val_acc 91.82% | lr 4.06e-04
  epoch  28 | steps  10179 |   1582.7s | train 0.2256 | val_acc 91.60% | lr 3.76e-04
  epoch  29 | steps  10530 |   1637.3s | train 0.2194 | val_acc 90.56% | lr 3.45e-04
  epoch  30 | steps  10881 |   1691.7s | train 0.2034 | val_acc 91.90% | lr 3.16e-04
  epoch  31 | steps  11232 |   1746.2s | train 0.1938 | val_acc 91.50% | lr 2.87e-04
  epoch  32 | steps  11583 |   1800.7s | train 0.1855 | val_acc 91.72% | lr 2.59e-04
  epoch  33 | steps  11934 |   1855.2s | train 0.1759 | val_acc 92.22% | lr 2.32e-04
  epoch  34 | steps  12285 |   1909.8s | train 0.1660 | val_acc 92.08% | lr 2.06e-04
  epoch  35 | steps  12636 |   1964.5s | train 0.1534 | val_acc 92.00% | lr 1.81e-04
  epoch  36 | steps  12987 |   2019.1s | train 0.1476 | val_acc 92.46% | lr 1.58e-04
  epoch  37 | steps  13338 |   2073.7s | train 0.1398 | val_acc 92.30% | lr 1.36e-04
  epoch  38 | steps  13689 |   2128.3s | train 0.1352 | val_acc 92.64% | lr 1.15e-04
  epoch  39 | steps  14040 |   2182.9s | train 0.1294 | val_acc 92.38% | lr 9.55e-05
  epoch  40 | steps  14391 |   2237.5s | train 0.1184 | val_acc 93.10% | lr 7.78e-05
  epoch  41 | steps  14742 |   2292.1s | train 0.1176 | val_acc 93.12% | lr 6.18e-05
  epoch  42 | steps  15093 |   2346.7s | train 0.1126 | val_acc 93.06% | lr 4.76e-05
  epoch  43 | steps  15444 |   2401.4s | train 0.1097 | val_acc 93.20% | lr 3.51e-05
  epoch  44 | steps  15795 |   2456.0s | train 0.1058 | val_acc 93.34% | lr 2.45e-05
  epoch  45 | steps  16146 |   2510.7s | train 0.1049 | val_acc 93.42% | lr 1.57e-05
  epoch  46 | steps  16497 |   2565.3s | train 0.1026 | val_acc 93.34% | lr 8.86e-06
  epoch  47 | steps  16848 |   2620.0s | train 0.0989 | val_acc 93.44% | lr 3.94e-06
  epoch  48 | steps  17199 |   2674.6s | train 0.0990 | val_acc 93.32% | lr 9.87e-07
  epoch  49 | steps  17550 |   2729.3s | train 0.0987 | val_acc 93.34% | lr 0.00e+00
  epoch  50 | steps  17901 |   2783.9s | train 0.1004 | val_acc 93.42% | lr 9.87e-07
  epoch  51 | steps  18150 |   2822.8s | train 0.1015 | val_acc 93.44% | lr 9.87e-07
[adamw] done: 18150 steps, 52 epochs, test_acc=93.59%, peak VRAM=3.40 GiB

| arm | steps | epochs | final train loss | best val acc | test acc | median fwd+bwd | median step | step/fwd+bwd | total wall-clock | peak VRAM |
|---|---|---|---|---|---|---|---|---|---|---|
| adamw | 18150 | 52 | 0.0972 | 93.44% | 93.59% | 148.74 ms | 5.88 ms | 0.04x | 2822.8s | 3.40 GiB |

plots written to /home/blgr/new_adafisher/benchmarks/outputs/resnet50_cifar/adamw
