Les modules suivants n'ont pas été elevés de votre environnement :
  (Utilisez "module --force purge" pour tous les enlever):

  1) CCconfig        6)  ucx/1.14.1         11) flexiblas/3.3.1
  2) gentoo/2023     7)  libfabric/1.18.0   12) aocl-blas/5.1
  3) gcccore/.12.3   8)  pmix/4.2.4         13) aocl-lapack/5.1
  4) gcc/12.3        9)  ucc/1.2.0          14) StdEnv/2023
  5) hwloc/2.9.1     10) openmpi/4.1.5

Dû à un changement dans la variable MODULEPATH, les modules suivants ont été rechargés :
  1) aocl-blas/5.1     2) aocl-lapack/5.1

Les modules suivants ont été rechargés avec un changement de version :
  1) flexiblas/3.3.1 => flexiblas/3.4.4       6) openmpi/4.1.5 => openmpi/5.0.3
  2) gcc/12.3 => gcc/13.3                     7) pmix/4.2.4 => pmix/5.0.2
  3) gcccore/.12.3 => gcccore/.13.3           8) ucc/1.2.0 => ucc/1.3.0
  4) hwloc/2.9.1 => hwloc/2.10.0              9) ucx/1.14.1 => ucx/1.16.0
  5) libfabric/1.18.0 => libfabric/1.21.0

created virtual environment CPython3.11.5.final.0-64 in 534ms
  creator CPython3Posix(dest=/localscratch/blgr.20851634.0/env, clear=False, no_vcs_ignore=False, global=False)
  seeder FromAppData(download=False, pip=bundle, setuptools=bundle, wheel=bundle, via=copy, app_data_dir=/home/blgr/.local/share/virtualenv)
    added seed packages: pip==26.1.2+computecanada, setuptools==83.0.0+computecanada, wheel==0.46.3+computecanada
  activators BashActivator,CShellActivator,FishActivator,NushellActivator,PowerShellActivator,PythonActivator
Looking in links: /cvmfs/soft.computecanada.ca/custom/python/wheelhouse/gentoo2023/x86-64-v4, /cvmfs/soft.computecanada.ca/custom/python/wheelhouse/gentoo2023/x86-64-v3, /cvmfs/soft.computecanada.ca/custom/python/wheelhouse/gentoo2023/generic, /cvmfs/soft.computecanada.ca/custom/python/wheelhouse/generic
Requirement already satisfied: pip in /localscratch/blgr.20851634.0/env/lib/python3.11/site-packages (26.1.2+computecanada)
Looking in links: /cvmfs/soft.computecanada.ca/custom/python/wheelhouse/gentoo2023/x86-64-v4, /cvmfs/soft.computecanada.ca/custom/python/wheelhouse/gentoo2023/x86-64-v3, /cvmfs/soft.computecanada.ca/custom/python/wheelhouse/gentoo2023/generic, /cvmfs/soft.computecanada.ca/custom/python/wheelhouse/generic
Processing /cvmfs/soft.computecanada.ca/custom/python/wheelhouse/gentoo2023/x86-64-v3/torch-2.14.0+computecanada-cp311-cp311-linux_x86_64.whl (from -r requirements-cluster.txt (line 13))
Processing /cvmfs/soft.computecanada.ca/custom/python/wheelhouse/gentoo2023/generic/torchvision-0.29.0+computecanada-cp311-cp311-linux_x86_64.whl (from -r requirements-cluster.txt (line 14))
Processing /cvmfs/soft.computecanada.ca/custom/python/wheelhouse/gentoo2023/generic/numpy-2.4.2+computecanada-cp311-cp311-linux_x86_64.whl (from -r requirements-cluster.txt (line 15))
Processing /cvmfs/soft.computecanada.ca/custom/python/wheelhouse/gentoo2023/x86-64-v3/matplotlib-3.11.1+computecanada-cp311-cp311-linux_x86_64.whl (from -r requirements-cluster.txt (line 16))
Processing /cvmfs/soft.computecanada.ca/custom/python/wheelhouse/generic/filelock-3.31.1+computecanada-py3-none-any.whl (from torch>=2.0->-r requirements-cluster.txt (line 13))
Processing /cvmfs/soft.computecanada.ca/custom/python/wheelhouse/generic/typing_extensions-4.16.0+computecanada-py3-none-any.whl (from torch>=2.0->-r requirements-cluster.txt (line 13))
Requirement already satisfied: setuptools>=77.0.3 in /localscratch/blgr.20851634.0/env/lib/python3.11/site-packages (from torch>=2.0->-r requirements-cluster.txt (line 13)) (83.0.0+computecanada)
Processing /cvmfs/soft.computecanada.ca/custom/python/wheelhouse/generic/sympy-1.14.0+computecanada-py3-none-any.whl (from torch>=2.0->-r requirements-cluster.txt (line 13))
Processing /cvmfs/soft.computecanada.ca/custom/python/wheelhouse/generic/networkx-3.6.1+computecanada-py3-none-any.whl (from torch>=2.0->-r requirements-cluster.txt (line 13))
Processing /cvmfs/soft.computecanada.ca/custom/python/wheelhouse/generic/jinja2-3.1.6+computecanada-py3-none-any.whl (from torch>=2.0->-r requirements-cluster.txt (line 13))
Processing /cvmfs/soft.computecanada.ca/custom/python/wheelhouse/generic/fsspec-2026.7.0+computecanada-py3-none-any.whl (from torch>=2.0->-r requirements-cluster.txt (line 13))
Processing /cvmfs/soft.computecanada.ca/custom/python/wheelhouse/gentoo2023/x86-64-v3/Pillow_SIMD-9.5.0.post2+computecanada-cp311-cp311-linux_x86_64.whl (from torchvision>=0.15->-r requirements-cluster.txt (line 14))
Processing /cvmfs/soft.computecanada.ca/custom/python/wheelhouse/gentoo2023/generic/contourpy-1.3.3+computecanada-cp311-cp311-linux_x86_64.whl (from matplotlib>=3.7->-r requirements-cluster.txt (line 16))
Processing /cvmfs/soft.computecanada.ca/custom/python/wheelhouse/generic/cycler-0.12.1+computecanada-py3-none-any.whl (from matplotlib>=3.7->-r requirements-cluster.txt (line 16))
Processing /cvmfs/soft.computecanada.ca/custom/python/wheelhouse/generic/fonttools-4.64.0+computecanada-cp311-cp311-linux_x86_64.whl (from matplotlib>=3.7->-r requirements-cluster.txt (line 16))
Processing /cvmfs/soft.computecanada.ca/custom/python/wheelhouse/generic/kiwisolver-1.4.9+computecanada-cp311-cp311-linux_x86_64.whl (from matplotlib>=3.7->-r requirements-cluster.txt (line 16))
Processing /cvmfs/soft.computecanada.ca/custom/python/wheelhouse/generic/packaging-26.3+computecanada-py3-none-any.whl (from matplotlib>=3.7->-r requirements-cluster.txt (line 16))
Processing /cvmfs/soft.computecanada.ca/custom/python/wheelhouse/gentoo2023/x86-64-v3/pillow-12.1.0+computecanada-cp311-cp311-linux_x86_64.whl (from matplotlib>=3.7->-r requirements-cluster.txt (line 16))
Processing /cvmfs/soft.computecanada.ca/custom/python/wheelhouse/generic/pyparsing-3.3.2+computecanada-py3-none-any.whl (from matplotlib>=3.7->-r requirements-cluster.txt (line 16))
Processing /cvmfs/soft.computecanada.ca/custom/python/wheelhouse/generic/python_dateutil-2.9.0.post0+computecanada-py2.py3-none-any.whl (from matplotlib>=3.7->-r requirements-cluster.txt (line 16))
Processing /cvmfs/soft.computecanada.ca/custom/python/wheelhouse/generic/six-1.17.0+computecanada-py2.py3-none-any.whl (from python-dateutil>=2.7->matplotlib>=3.7->-r requirements-cluster.txt (line 16))
Processing /cvmfs/soft.computecanada.ca/custom/python/wheelhouse/generic/mpmath-1.3.0+computecanada-py3-none-any.whl (from sympy>=1.13.3->torch>=2.0->-r requirements-cluster.txt (line 13))
Processing /cvmfs/soft.computecanada.ca/custom/python/wheelhouse/generic/markupsafe-3.0.3+computecanada-cp311-cp311-linux_x86_64.whl (from jinja2->torch>=2.0->-r requirements-cluster.txt (line 13))
Installing collected packages: mpmath, typing-extensions, sympy, six, pyparsing, pillow-simd, pillow, packaging, numpy, networkx, MarkupSafe, kiwisolver, fsspec, fonttools, filelock, cycler, python-dateutil, jinja2, contourpy, torch, matplotlib, torchvision

Successfully installed MarkupSafe-3.0.3+computecanada contourpy-1.3.3+computecanada cycler-0.12.1+computecanada filelock-3.31.1+computecanada fonttools-4.64.0+computecanada fsspec-2026.7.0+computecanada jinja2-3.1.6+computecanada kiwisolver-1.4.9+computecanada matplotlib-3.11.1+computecanada mpmath-1.3.0+computecanada networkx-3.6.1+computecanada numpy-2.4.2+computecanada packaging-26.3+computecanada pillow-12.1.0+computecanada pillow-simd-9.5.0.post2+computecanada pyparsing-3.3.2+computecanada python-dateutil-2.9.0.post0+computecanada six-1.17.0+computecanada sympy-1.14.0+computecanada torch-2.14.0+computecanada torchvision-0.29.0+computecanada typing-extensions-4.16.0+computecanada
/localscratch/blgr.20851634.0/env/lib/python3.11/site-packages/torchvision/datasets/cifar.py:83: VisibleDeprecationWarning: dtype(): align should be passed as Python or NumPy boolean but got `align=0`. Did you mean to pass a tuple to create a subarray type? (Deprecated NumPy 2.4)
  entry = pickle.load(f, encoding="latin1")
model=resnet20_cifar arms=['diag', 'kfac', 'ekfac', 'tkfac', 'tekfac', 'adam', 'adamw'] device=cuda hparams=HParams(lr=0.001, baseline_lr=0.001, weight_decay=0.0005, lam=0.001, beta=0.9, gammas=(0.92, 0.008), tcov=100, t_inv=100, t_eig=100, t_re=1, minmax=True, conv_sua=False, fisher_batch_samples=None, decoupled_wd=False)
[diag] budget=unbounded max_epochs=50 device=cuda
sys:1: UserWarning: Full backward hook is firing when gradients are computed with respect to module outputs since no inputs require gradients. See https://docs.pytorch.org/docs/main/generated/torch.nn.Module.html#torch.nn.Module.register_full_backward_hook for more details.
  epoch   0 | steps    351 |      7.7s | train 1.8591 | val_acc 42.44% | lr 9.99e-04
  epoch   1 | steps    702 |     14.9s | train 1.4256 | val_acc 50.98% | lr 9.96e-04
  epoch   2 | steps   1053 |     22.1s | train 1.2129 | val_acc 60.60% | lr 9.91e-04
  epoch   3 | steps   1404 |     29.3s | train 1.0800 | val_acc 60.96% | lr 9.84e-04
  epoch   4 | steps   1755 |     36.4s | train 0.9981 | val_acc 59.46% | lr 9.76e-04
  epoch   5 | steps   2106 |     43.6s | train 0.9291 | val_acc 60.36% | lr 9.65e-04
  epoch   6 | steps   2457 |     50.7s | train 0.8800 | val_acc 68.04% | lr 9.52e-04
  epoch   7 | steps   2808 |     57.9s | train 0.8538 | val_acc 74.06% | lr 9.38e-04
  epoch   8 | steps   3159 |     65.0s | train 0.8200 | val_acc 69.72% | lr 9.22e-04
  epoch   9 | steps   3510 |     72.2s | train 0.7847 | val_acc 68.96% | lr 9.05e-04
  epoch  10 | steps   3861 |     79.4s | train 0.7695 | val_acc 74.72% | lr 8.85e-04
  epoch  11 | steps   4212 |     86.5s | train 0.7506 | val_acc 65.50% | lr 8.64e-04
  epoch  12 | steps   4563 |     93.7s | train 0.7352 | val_acc 68.90% | lr 8.42e-04
  epoch  13 | steps   4914 |    100.9s | train 0.7238 | val_acc 77.90% | lr 8.19e-04
  epoch  14 | steps   5265 |    108.0s | train 0.7009 | val_acc 74.34% | lr 7.94e-04
  epoch  15 | steps   5616 |    115.2s | train 0.6917 | val_acc 78.92% | lr 7.68e-04
  epoch  16 | steps   5967 |    122.3s | train 0.6824 | val_acc 70.56% | lr 7.41e-04
  epoch  17 | steps   6318 |    129.6s | train 0.6679 | val_acc 70.62% | lr 7.13e-04
  epoch  18 | steps   6669 |    136.8s | train 0.6543 | val_acc 67.10% | lr 6.84e-04
  epoch  19 | steps   7020 |    144.0s | train 0.6489 | val_acc 77.62% | lr 6.55e-04
  epoch  20 | steps   7371 |    151.1s | train 0.6347 | val_acc 77.88% | lr 6.24e-04
  epoch  21 | steps   7722 |    158.3s | train 0.6166 | val_acc 81.88% | lr 5.94e-04
  epoch  22 | steps   8073 |    165.4s | train 0.6078 | val_acc 75.12% | lr 5.63e-04
  epoch  23 | steps   8424 |    172.6s | train 0.5923 | val_acc 78.68% | lr 5.31e-04
  epoch  24 | steps   8775 |    179.7s | train 0.5834 | val_acc 78.34% | lr 5.00e-04
  epoch  25 | steps   9126 |    187.0s | train 0.5763 | val_acc 82.20% | lr 4.69e-04
  epoch  26 | steps   9477 |    194.1s | train 0.5626 | val_acc 82.78% | lr 4.37e-04
  epoch  27 | steps   9828 |    201.3s | train 0.5516 | val_acc 82.28% | lr 4.06e-04
  epoch  28 | steps  10179 |    208.9s | train 0.5418 | val_acc 83.92% | lr 3.76e-04
  epoch  29 | steps  10530 |    216.1s | train 0.5276 | val_acc 83.40% | lr 3.45e-04
  epoch  30 | steps  10881 |    223.2s | train 0.5074 | val_acc 81.32% | lr 3.16e-04
  epoch  31 | steps  11232 |    230.4s | train 0.4950 | val_acc 83.34% | lr 2.87e-04
  epoch  32 | steps  11583 |    237.6s | train 0.4864 | val_acc 84.82% | lr 2.59e-04
  epoch  33 | steps  11934 |    244.7s | train 0.4746 | val_acc 83.54% | lr 2.32e-04
  epoch  34 | steps  12285 |    251.8s | train 0.4606 | val_acc 87.16% | lr 2.06e-04
  epoch  35 | steps  12636 |    259.1s | train 0.4452 | val_acc 82.48% | lr 1.81e-04
  epoch  36 | steps  12987 |    266.4s | train 0.4299 | val_acc 86.98% | lr 1.58e-04
  epoch  37 | steps  13338 |    273.6s | train 0.4105 | val_acc 86.88% | lr 1.36e-04
  epoch  38 | steps  13689 |    280.7s | train 0.3968 | val_acc 87.64% | lr 1.15e-04
  epoch  39 | steps  14040 |    287.9s | train 0.3814 | val_acc 88.06% | lr 9.55e-05
  epoch  40 | steps  14391 |    295.0s | train 0.3670 | val_acc 89.22% | lr 7.78e-05
  epoch  41 | steps  14742 |    302.2s | train 0.3502 | val_acc 88.94% | lr 6.18e-05
  epoch  42 | steps  15093 |    309.3s | train 0.3385 | val_acc 89.04% | lr 4.76e-05
  epoch  43 | steps  15444 |    316.6s | train 0.3231 | val_acc 89.16% | lr 3.51e-05
  epoch  44 | steps  15795 |    324.5s | train 0.3199 | val_acc 90.30% | lr 2.45e-05
  epoch  45 | steps  16146 |    331.7s | train 0.3023 | val_acc 90.32% | lr 1.57e-05
  epoch  46 | steps  16497 |    338.8s | train 0.2963 | val_acc 90.66% | lr 8.86e-06
  epoch  47 | steps  16848 |    346.0s | train 0.2880 | val_acc 90.46% | lr 3.94e-06
  epoch  48 | steps  17199 |    353.1s | train 0.2857 | val_acc 90.48% | lr 9.87e-07
  epoch  49 | steps  17550 |    360.3s | train 0.2828 | val_acc 90.54% | lr 0.00e+00
[diag] done: 17550 steps, 50 epochs, test_acc=91.00%, peak VRAM=388 MiB
[wct] reference arm 'diag' took 360.3s — that is every other arm's budget
[kfac] budget=360.3s max_epochs=150 device=cuda
  epoch   0 | steps    351 |      7.4s | train 1.8025 | val_acc 47.12% | lr 9.99e-04
  epoch   1 | steps    702 |     14.8s | train 1.3732 | val_acc 49.62% | lr 9.96e-04
  epoch   2 | steps   1053 |     22.0s | train 1.1480 | val_acc 64.38% | lr 9.91e-04
  epoch   3 | steps   1404 |     29.3s | train 1.0282 | val_acc 62.18% | lr 9.84e-04
  epoch   4 | steps   1755 |     36.6s | train 0.9522 | val_acc 61.18% | lr 9.76e-04
  epoch   5 | steps   2106 |     43.9s | train 0.8950 | val_acc 63.14% | lr 9.65e-04
  epoch   6 | steps   2457 |     51.1s | train 0.8628 | val_acc 72.92% | lr 9.52e-04
  epoch   7 | steps   2808 |     58.4s | train 0.8334 | val_acc 72.92% | lr 9.38e-04
  epoch   8 | steps   3159 |     65.7s | train 0.8100 | val_acc 70.10% | lr 9.22e-04
  epoch   9 | steps   3510 |     73.0s | train 0.7753 | val_acc 68.92% | lr 9.05e-04
  epoch  10 | steps   3861 |     80.3s | train 0.7656 | val_acc 75.70% | lr 8.85e-04
  epoch  11 | steps   4212 |     87.6s | train 0.7455 | val_acc 67.34% | lr 8.64e-04
  epoch  12 | steps   4563 |     94.8s | train 0.7336 | val_acc 77.40% | lr 8.42e-04
  epoch  13 | steps   4914 |    102.1s | train 0.7253 | val_acc 64.96% | lr 8.19e-04
  epoch  14 | steps   5265 |    109.4s | train 0.6999 | val_acc 77.46% | lr 7.94e-04
  epoch  15 | steps   5616 |    116.9s | train 0.6892 | val_acc 79.24% | lr 7.68e-04
  epoch  16 | steps   5967 |    124.1s | train 0.6786 | val_acc 80.14% | lr 7.41e-04
  epoch  17 | steps   6318 |    131.5s | train 0.6642 | val_acc 80.50% | lr 7.13e-04
  epoch  18 | steps   6669 |    138.7s | train 0.6503 | val_acc 74.36% | lr 6.84e-04
  epoch  19 | steps   7020 |    146.0s | train 0.6438 | val_acc 74.98% | lr 6.55e-04
  epoch  20 | steps   7371 |    153.1s | train 0.6396 | val_acc 76.46% | lr 6.24e-04
  epoch  21 | steps   7722 |    160.4s | train 0.6139 | val_acc 72.72% | lr 5.94e-04
  epoch  22 | steps   8073 |    167.5s | train 0.6054 | val_acc 78.04% | lr 5.63e-04
  epoch  23 | steps   8424 |    174.8s | train 0.5961 | val_acc 79.72% | lr 5.31e-04
  epoch  24 | steps   8775 |    181.9s | train 0.5816 | val_acc 77.96% | lr 5.00e-04
  epoch  25 | steps   9126 |    189.1s | train 0.5708 | val_acc 82.92% | lr 4.69e-04
  epoch  26 | steps   9477 |    196.3s | train 0.5633 | val_acc 79.78% | lr 4.37e-04
  epoch  27 | steps   9828 |    203.5s | train 0.5505 | val_acc 77.66% | lr 4.06e-04
  epoch  28 | steps  10179 |    210.6s | train 0.5422 | val_acc 83.52% | lr 3.76e-04
  epoch  29 | steps  10530 |    217.9s | train 0.5229 | val_acc 83.08% | lr 3.45e-04
  epoch  30 | steps  10881 |    225.0s | train 0.5084 | val_acc 82.68% | lr 3.16e-04
  epoch  31 | steps  11232 |    232.2s | train 0.4895 | val_acc 84.36% | lr 2.87e-04
  epoch  32 | steps  11583 |    239.4s | train 0.4768 | val_acc 83.70% | lr 2.59e-04
  epoch  33 | steps  11934 |    246.6s | train 0.4683 | val_acc 80.12% | lr 2.32e-04
  epoch  34 | steps  12285 |    253.8s | train 0.4580 | val_acc 86.66% | lr 2.06e-04
  epoch  35 | steps  12636 |    261.0s | train 0.4384 | val_acc 85.82% | lr 1.81e-04
  epoch  36 | steps  12987 |    268.2s | train 0.4232 | val_acc 86.80% | lr 1.58e-04
  epoch  37 | steps  13338 |    275.4s | train 0.4056 | val_acc 88.36% | lr 1.36e-04
  epoch  38 | steps  13689 |    282.5s | train 0.3906 | val_acc 88.14% | lr 1.15e-04
  epoch  39 | steps  14040 |    289.8s | train 0.3760 | val_acc 87.58% | lr 9.55e-05
  epoch  40 | steps  14391 |    296.9s | train 0.3637 | val_acc 88.88% | lr 7.78e-05
  epoch  41 | steps  14742 |    304.1s | train 0.3457 | val_acc 89.68% | lr 6.18e-05
  epoch  42 | steps  15093 |    311.3s | train 0.3357 | val_acc 89.80% | lr 4.76e-05
  epoch  43 | steps  15444 |    318.5s | train 0.3154 | val_acc 90.22% | lr 3.51e-05
  epoch  44 | steps  15795 |    325.7s | train 0.3132 | val_acc 90.38% | lr 2.45e-05
  epoch  45 | steps  16146 |    332.9s | train 0.2990 | val_acc 90.94% | lr 1.57e-05
  epoch  46 | steps  16497 |    340.1s | train 0.2898 | val_acc 90.92% | lr 8.86e-06
  epoch  47 | steps  16848 |    347.3s | train 0.2841 | val_acc 90.90% | lr 3.94e-06
  epoch  48 | steps  17199 |    354.4s | train 0.2809 | val_acc 91.08% | lr 9.87e-07
  epoch  49 | steps  17485 |    360.3s | train 0.2814 | val_acc 91.10% | lr 9.87e-07
[kfac] done: 17485 steps, 50 epochs, test_acc=91.22%, peak VRAM=328 MiB
[ekfac] budget=360.3s max_epochs=150 device=cuda
  epoch   0 | steps    351 |      8.4s | train 2.1593 | val_acc 30.24% | lr 9.99e-04
  epoch   1 | steps    702 |     16.8s | train 1.6131 | val_acc 46.74% | lr 9.96e-04
  epoch   2 | steps   1053 |     24.9s | train 1.2861 | val_acc 52.10% | lr 9.91e-04
  epoch   3 | steps   1404 |     33.3s | train 1.1245 | val_acc 67.16% | lr 9.84e-04
  epoch   4 | steps   1755 |     41.4s | train 1.0138 | val_acc 53.30% | lr 9.76e-04
  epoch   5 | steps   2106 |     49.7s | train 0.9355 | val_acc 57.20% | lr 9.65e-04
  epoch   6 | steps   2457 |     57.9s | train 0.8929 | val_acc 69.24% | lr 9.52e-04
  epoch   7 | steps   2808 |     66.2s | train 0.8544 | val_acc 73.42% | lr 9.38e-04
  epoch   8 | steps   3159 |     74.4s | train 0.8203 | val_acc 63.36% | lr 9.22e-04
  epoch   9 | steps   3510 |     82.7s | train 0.7906 | val_acc 68.04% | lr 9.05e-04
  epoch  10 | steps   3861 |     90.9s | train 0.7726 | val_acc 74.66% | lr 8.85e-04
  epoch  11 | steps   4212 |     99.2s | train 0.7509 | val_acc 68.80% | lr 8.64e-04
  epoch  12 | steps   4563 |    107.5s | train 0.7357 | val_acc 76.90% | lr 8.42e-04
  epoch  13 | steps   4914 |    115.8s | train 0.7263 | val_acc 77.70% | lr 8.19e-04
  epoch  14 | steps   5265 |    124.0s | train 0.7057 | val_acc 74.78% | lr 7.94e-04
  epoch  15 | steps   5616 |    132.4s | train 0.6956 | val_acc 74.68% | lr 7.68e-04
  epoch  16 | steps   5967 |    140.5s | train 0.6813 | val_acc 76.58% | lr 7.41e-04
  epoch  17 | steps   6318 |    148.9s | train 0.6723 | val_acc 74.22% | lr 7.13e-04
  epoch  18 | steps   6669 |    157.1s | train 0.6598 | val_acc 72.98% | lr 6.84e-04
  epoch  19 | steps   7020 |    165.4s | train 0.6524 | val_acc 78.70% | lr 6.55e-04
  epoch  20 | steps   7371 |    173.6s | train 0.6380 | val_acc 68.14% | lr 6.24e-04
  epoch  21 | steps   7722 |    181.9s | train 0.6250 | val_acc 80.28% | lr 5.94e-04
  epoch  22 | steps   8073 |    190.1s | train 0.6113 | val_acc 80.30% | lr 5.63e-04
  epoch  23 | steps   8424 |    198.5s | train 0.6009 | val_acc 78.14% | lr 5.31e-04
  epoch  24 | steps   8775 |    206.7s | train 0.5918 | val_acc 78.08% | lr 5.00e-04
  epoch  25 | steps   9126 |    215.0s | train 0.5757 | val_acc 83.06% | lr 4.69e-04
  epoch  26 | steps   9477 |    223.2s | train 0.5692 | val_acc 80.54% | lr 4.37e-04
  epoch  27 | steps   9828 |    231.5s | train 0.5596 | val_acc 80.72% | lr 4.06e-04
  epoch  28 | steps  10179 |    239.7s | train 0.5460 | val_acc 83.12% | lr 3.76e-04
  epoch  29 | steps  10530 |    248.0s | train 0.5299 | val_acc 84.00% | lr 3.45e-04
  epoch  30 | steps  10881 |    256.2s | train 0.5190 | val_acc 80.80% | lr 3.16e-04
Traceback (most recent call last):
  File "<frozen runpy>", line 198, in _run_module_as_main
  File "<frozen runpy>", line 88, in _run_code
  File "/home/blgr/new_adafisher/benchmarks/resnet20_cifar/bench.py", line 37, in <module>
    main(BENCH)
  File "/home/blgr/new_adafisher/benchmarks/common/runner.py", line 272, in main
    results.append(run_arm(bench, arm, args, hp, device, budget, root / arm))
                   ^^^^^^^^^^^^^^^^^^^^^^^^^^^^^^^^^^^^^^^^^^^^^^^^^^^^^^^^^
  File "/home/blgr/new_adafisher/benchmarks/common/runner.py", line 221, in run_arm
    steps, epochs = train_under_budget(
                    ^^^^^^^^^^^^^^^^^^^
  File "/home/blgr/new_adafisher/benchmarks/common/loop.py", line 135, in train_under_budget
    optimizer.step()
  File "/localscratch/blgr.20851634.0/env/lib/python3.11/site-packages/torch/optim/lr_scheduler.py", line 166, in wrapper
    return func.__get__(opt, opt.__class__)(*args, **kwargs)
           ^^^^^^^^^^^^^^^^^^^^^^^^^^^^^^^^^^^^^^^^^^^^^^^^^
  File "/localscratch/blgr.20851634.0/env/lib/python3.11/site-packages/torch/optim/optimizer.py", line 549, in wrapper
    out = func(*args, **kwargs)
          ^^^^^^^^^^^^^^^^^^^^^
  File "/localscratch/blgr.20851634.0/env/lib/python3.11/site-packages/torch/utils/_contextlib.py", line 124, in decorate_context
    return func(*args, **kwargs)
           ^^^^^^^^^^^^^^^^^^^^^
  File "/home/blgr/new_adafisher/src/adafisher_modes/optimizer.py", line 230, in step
    self.approx.refresh(module, self.steps)
  File "/home/blgr/new_adafisher/src/adafisher_modes/approximations/ekfac.py", line 111, in refresh
    _, Q_A = linalg.eigh(self._A[module])
             ^^^^^^^^^^^^^^^^^^^^^^^^^^^^
torch._C._LinAlgError: linalg.eigh: The algorithm failed to converge because the input matrix is ill-conditioned or has too many repeated eigenvalues (error code: 1).
