Les modules suivants n'ont pas été elevés de votre environnement :
  (Utilisez "module --force purge" pour tous les enlever):

  1) CCconfig        6)  ucx/1.14.1         11) flexiblas/3.3.1
  2) gentoo/2023     7)  libfabric/1.18.0   12) aocl-blas/5.1
  3) gcccore/.12.3   8)  pmix/4.2.4         13) aocl-lapack/5.1
  4) gcc/12.3        9)  ucc/1.2.0          14) StdEnv/2023
  5) hwloc/2.9.1     10) openmpi/4.1.5

Dû à un changement dans la variable MODULEPATH, les modules suivants ont été rechargés :
  1) aocl-blas/5.1     2) aocl-lapack/5.1

Les modules suivants ont été rechargés avec un changement de version :
  1) flexiblas/3.3.1 => flexiblas/3.4.4       6) openmpi/4.1.5 => openmpi/5.0.3
  2) gcc/12.3 => gcc/13.3                     7) pmix/4.2.4 => pmix/5.0.2
  3) gcccore/.12.3 => gcccore/.13.3           8) ucc/1.2.0 => ucc/1.3.0
  4) hwloc/2.9.1 => hwloc/2.10.0              9) ucx/1.14.1 => ucx/1.16.0
  5) libfabric/1.18.0 => libfabric/1.21.0

created virtual environment CPython3.11.5.final.0-64 in 484ms
  creator CPython3Posix(dest=/localscratch/blgr.20676203.0/env, clear=False, no_vcs_ignore=False, global=False)
  seeder FromAppData(download=False, pip=bundle, setuptools=bundle, wheel=bundle, via=copy, app_data_dir=/home/blgr/.local/share/virtualenv)
    added seed packages: pip==26.1.2+computecanada, setuptools==83.0.0+computecanada, wheel==0.46.3+computecanada
  activators BashActivator,CShellActivator,FishActivator,NushellActivator,PowerShellActivator,PythonActivator
Looking in links: /cvmfs/soft.computecanada.ca/custom/python/wheelhouse/gentoo2023/x86-64-v4, /cvmfs/soft.computecanada.ca/custom/python/wheelhouse/gentoo2023/x86-64-v3, /cvmfs/soft.computecanada.ca/custom/python/wheelhouse/gentoo2023/generic, /cvmfs/soft.computecanada.ca/custom/python/wheelhouse/generic
Requirement already satisfied: pip in /localscratch/blgr.20676203.0/env/lib/python3.11/site-packages (26.1.2+computecanada)
Looking in links: /cvmfs/soft.computecanada.ca/custom/python/wheelhouse/gentoo2023/x86-64-v4, /cvmfs/soft.computecanada.ca/custom/python/wheelhouse/gentoo2023/x86-64-v3, /cvmfs/soft.computecanada.ca/custom/python/wheelhouse/gentoo2023/generic, /cvmfs/soft.computecanada.ca/custom/python/wheelhouse/generic
Processing /cvmfs/soft.computecanada.ca/custom/python/wheelhouse/gentoo2023/x86-64-v3/torch-2.14.0+computecanada-cp311-cp311-linux_x86_64.whl (from -r requirements-cluster.txt (line 13))
Processing /cvmfs/soft.computecanada.ca/custom/python/wheelhouse/gentoo2023/generic/torchvision-0.29.0+computecanada-cp311-cp311-linux_x86_64.whl (from -r requirements-cluster.txt (line 14))
Processing /cvmfs/soft.computecanada.ca/custom/python/wheelhouse/gentoo2023/generic/numpy-2.4.2+computecanada-cp311-cp311-linux_x86_64.whl (from -r requirements-cluster.txt (line 15))
Processing /cvmfs/soft.computecanada.ca/custom/python/wheelhouse/gentoo2023/x86-64-v3/matplotlib-3.11.1+computecanada-cp311-cp311-linux_x86_64.whl (from -r requirements-cluster.txt (line 16))
Processing /cvmfs/soft.computecanada.ca/custom/python/wheelhouse/generic/filelock-3.31.1+computecanada-py3-none-any.whl (from torch>=2.0->-r requirements-cluster.txt (line 13))
Processing /cvmfs/soft.computecanada.ca/custom/python/wheelhouse/generic/typing_extensions-4.16.0+computecanada-py3-none-any.whl (from torch>=2.0->-r requirements-cluster.txt (line 13))
Requirement already satisfied: setuptools>=77.0.3 in /localscratch/blgr.20676203.0/env/lib/python3.11/site-packages (from torch>=2.0->-r requirements-cluster.txt (line 13)) (83.0.0+computecanada)
Processing /cvmfs/soft.computecanada.ca/custom/python/wheelhouse/generic/sympy-1.14.0+computecanada-py3-none-any.whl (from torch>=2.0->-r requirements-cluster.txt (line 13))
Processing /cvmfs/soft.computecanada.ca/custom/python/wheelhouse/generic/networkx-3.6.1+computecanada-py3-none-any.whl (from torch>=2.0->-r requirements-cluster.txt (line 13))
Processing /cvmfs/soft.computecanada.ca/custom/python/wheelhouse/generic/jinja2-3.1.6+computecanada-py3-none-any.whl (from torch>=2.0->-r requirements-cluster.txt (line 13))
Processing /cvmfs/soft.computecanada.ca/custom/python/wheelhouse/generic/fsspec-2026.7.0+computecanada-py3-none-any.whl (from torch>=2.0->-r requirements-cluster.txt (line 13))
Processing /cvmfs/soft.computecanada.ca/custom/python/wheelhouse/gentoo2023/x86-64-v3/Pillow_SIMD-9.5.0.post2+computecanada-cp311-cp311-linux_x86_64.whl (from torchvision>=0.15->-r requirements-cluster.txt (line 14))
Processing /cvmfs/soft.computecanada.ca/custom/python/wheelhouse/gentoo2023/generic/contourpy-1.3.3+computecanada-cp311-cp311-linux_x86_64.whl (from matplotlib>=3.7->-r requirements-cluster.txt (line 16))
Processing /cvmfs/soft.computecanada.ca/custom/python/wheelhouse/generic/cycler-0.12.1+computecanada-py3-none-any.whl (from matplotlib>=3.7->-r requirements-cluster.txt (line 16))
Processing /cvmfs/soft.computecanada.ca/custom/python/wheelhouse/generic/fonttools-4.64.0+computecanada-cp311-cp311-linux_x86_64.whl (from matplotlib>=3.7->-r requirements-cluster.txt (line 16))
Processing /cvmfs/soft.computecanada.ca/custom/python/wheelhouse/generic/kiwisolver-1.4.9+computecanada-cp311-cp311-linux_x86_64.whl (from matplotlib>=3.7->-r requirements-cluster.txt (line 16))
Processing /cvmfs/soft.computecanada.ca/custom/python/wheelhouse/generic/packaging-26.3+computecanada-py3-none-any.whl (from matplotlib>=3.7->-r requirements-cluster.txt (line 16))
Processing /cvmfs/soft.computecanada.ca/custom/python/wheelhouse/gentoo2023/x86-64-v3/pillow-12.1.0+computecanada-cp311-cp311-linux_x86_64.whl (from matplotlib>=3.7->-r requirements-cluster.txt (line 16))
Processing /cvmfs/soft.computecanada.ca/custom/python/wheelhouse/generic/pyparsing-3.3.2+computecanada-py3-none-any.whl (from matplotlib>=3.7->-r requirements-cluster.txt (line 16))
Processing /cvmfs/soft.computecanada.ca/custom/python/wheelhouse/generic/python_dateutil-2.9.0.post0+computecanada-py2.py3-none-any.whl (from matplotlib>=3.7->-r requirements-cluster.txt (line 16))
Processing /cvmfs/soft.computecanada.ca/custom/python/wheelhouse/generic/six-1.17.0+computecanada-py2.py3-none-any.whl (from python-dateutil>=2.7->matplotlib>=3.7->-r requirements-cluster.txt (line 16))
Processing /cvmfs/soft.computecanada.ca/custom/python/wheelhouse/generic/mpmath-1.3.0+computecanada-py3-none-any.whl (from sympy>=1.13.3->torch>=2.0->-r requirements-cluster.txt (line 13))
Processing /cvmfs/soft.computecanada.ca/custom/python/wheelhouse/generic/markupsafe-3.0.3+computecanada-cp311-cp311-linux_x86_64.whl (from jinja2->torch>=2.0->-r requirements-cluster.txt (line 13))
Installing collected packages: mpmath, typing-extensions, sympy, six, pyparsing, pillow-simd, pillow, packaging, numpy, networkx, MarkupSafe, kiwisolver, fsspec, fonttools, filelock, cycler, python-dateutil, jinja2, contourpy, torch, matplotlib, torchvision

Successfully installed MarkupSafe-3.0.3+computecanada contourpy-1.3.3+computecanada cycler-0.12.1+computecanada filelock-3.31.1+computecanada fonttools-4.64.0+computecanada fsspec-2026.7.0+computecanada jinja2-3.1.6+computecanada kiwisolver-1.4.9+computecanada matplotlib-3.11.1+computecanada mpmath-1.3.0+computecanada networkx-3.6.1+computecanada numpy-2.4.2+computecanada packaging-26.3+computecanada pillow-12.1.0+computecanada pillow-simd-9.5.0.post2+computecanada pyparsing-3.3.2+computecanada python-dateutil-2.9.0.post0+computecanada six-1.17.0+computecanada sympy-1.14.0+computecanada torch-2.14.0+computecanada torchvision-0.29.0+computecanada typing-extensions-4.16.0+computecanada
/localscratch/blgr.20676203.0/env/lib/python3.11/site-packages/torchvision/datasets/cifar.py:83: VisibleDeprecationWarning: dtype(): align should be passed as Python or NumPy boolean but got `align=0`. Did you mean to pass a tuple to create a subarray type? (Deprecated NumPy 2.4)
  entry = pickle.load(f, encoding="latin1")
model=vit_small arms=['adamw'] device=cuda lr=0.001 baseline_lr=0.0001 wd=0.01 decoupled_wd=True conv_sua=False fisher_batch_samples=None
[adamw] budget=988.4s max_epochs=150 device=cuda
  epoch   0 | steps    351 |     18.9s | train 1.9455 | val_acc 32.02% | lr 9.99e-05
  epoch   1 | steps    702 |     37.1s | train 1.7439 | val_acc 37.36% | lr 9.96e-05
  epoch   2 | steps   1053 |     55.3s | train 1.5979 | val_acc 43.18% | lr 9.91e-05
  epoch   3 | steps   1404 |     74.0s | train 1.5116 | val_acc 48.12% | lr 9.84e-05
  epoch   4 | steps   1755 |     92.7s | train 1.4466 | val_acc 49.90% | lr 9.76e-05
  epoch   5 | steps   2106 |    111.5s | train 1.4076 | val_acc 47.04% | lr 9.65e-05
  epoch   6 | steps   2457 |    130.2s | train 1.3677 | val_acc 53.16% | lr 9.52e-05
  epoch   7 | steps   2808 |    149.0s | train 1.3255 | val_acc 54.02% | lr 9.38e-05
  epoch   8 | steps   3159 |    167.8s | train 1.2997 | val_acc 56.26% | lr 9.22e-05
  epoch   9 | steps   3510 |    186.6s | train 1.2739 | val_acc 56.00% | lr 9.05e-05
  epoch  10 | steps   3861 |    205.3s | train 1.2507 | val_acc 56.90% | lr 8.85e-05
  epoch  11 | steps   4212 |    224.1s | train 1.2371 | val_acc 58.04% | lr 8.64e-05
  epoch  12 | steps   4563 |    242.8s | train 1.2091 | val_acc 59.54% | lr 8.42e-05
  epoch  13 | steps   4914 |    261.6s | train 1.1990 | val_acc 61.94% | lr 8.19e-05
  epoch  14 | steps   5265 |    281.3s | train 1.1794 | val_acc 61.32% | lr 7.94e-05
  epoch  15 | steps   5616 |    300.1s | train 1.1562 | val_acc 61.42% | lr 7.68e-05
  epoch  16 | steps   5967 |    318.9s | train 1.1470 | val_acc 62.36% | lr 7.41e-05
  epoch  17 | steps   6318 |    337.2s | train 1.1313 | val_acc 62.98% | lr 7.13e-05
  epoch  18 | steps   6669 |    355.6s | train 1.1139 | val_acc 63.34% | lr 6.84e-05
  epoch  19 | steps   7020 |    374.3s | train 1.1025 | val_acc 64.96% | lr 6.55e-05
  epoch  20 | steps   7371 |    392.9s | train 1.0845 | val_acc 64.34% | lr 6.24e-05
  epoch  21 | steps   7722 |    411.6s | train 1.0728 | val_acc 64.36% | lr 5.94e-05
  epoch  22 | steps   8073 |    430.2s | train 1.0588 | val_acc 65.70% | lr 5.63e-05
  epoch  23 | steps   8424 |    448.9s | train 1.0501 | val_acc 67.06% | lr 5.31e-05
  epoch  24 | steps   8775 |    467.6s | train 1.0423 | val_acc 66.72% | lr 5.00e-05
  epoch  25 | steps   9126 |    486.3s | train 1.0240 | val_acc 66.70% | lr 4.69e-05
  epoch  26 | steps   9477 |    504.9s | train 1.0117 | val_acc 67.02% | lr 4.37e-05
  epoch  27 | steps   9828 |    523.2s | train 1.0047 | val_acc 68.10% | lr 4.06e-05
  epoch  28 | steps  10179 |    541.6s | train 0.9973 | val_acc 68.34% | lr 3.76e-05
  epoch  29 | steps  10530 |    560.3s | train 0.9878 | val_acc 68.66% | lr 3.45e-05
  epoch  30 | steps  10881 |    579.1s | train 0.9816 | val_acc 68.60% | lr 3.16e-05
  epoch  31 | steps  11232 |    597.8s | train 0.9734 | val_acc 68.94% | lr 2.87e-05
  epoch  32 | steps  11583 |    616.5s | train 0.9553 | val_acc 69.52% | lr 2.59e-05
  epoch  33 | steps  11934 |    635.3s | train 0.9516 | val_acc 69.74% | lr 2.32e-05
  epoch  34 | steps  12285 |    653.7s | train 0.9475 | val_acc 70.12% | lr 2.06e-05
  epoch  35 | steps  12636 |    672.0s | train 0.9413 | val_acc 69.90% | lr 1.81e-05
  epoch  36 | steps  12987 |    691.5s | train 0.9344 | val_acc 69.68% | lr 1.58e-05
  epoch  37 | steps  13338 |    709.8s | train 0.9280 | val_acc 70.14% | lr 1.36e-05
  epoch  38 | steps  13689 |    728.1s | train 0.9216 | val_acc 71.22% | lr 1.15e-05
  epoch  39 | steps  14040 |    746.4s | train 0.9215 | val_acc 70.64% | lr 9.55e-06
  epoch  40 | steps  14391 |    764.7s | train 0.9150 | val_acc 70.84% | lr 7.78e-06
  epoch  41 | steps  14742 |    782.9s | train 0.9206 | val_acc 70.74% | lr 6.18e-06
  epoch  42 | steps  15093 |    801.1s | train 0.9102 | val_acc 70.86% | lr 4.76e-06
  epoch  43 | steps  15444 |    819.6s | train 0.9045 | val_acc 71.16% | lr 3.51e-06
  epoch  44 | steps  15795 |    838.3s | train 0.9051 | val_acc 70.78% | lr 2.45e-06
  epoch  45 | steps  16146 |    856.9s | train 0.9028 | val_acc 71.38% | lr 1.57e-06
  epoch  46 | steps  16497 |    875.6s | train 0.8997 | val_acc 71.34% | lr 8.86e-07
  epoch  47 | steps  16848 |    894.2s | train 0.8975 | val_acc 71.18% | lr 3.94e-07
  epoch  48 | steps  17199 |    912.8s | train 0.8968 | val_acc 71.24% | lr 9.87e-08
  epoch  49 | steps  17550 |    931.0s | train 0.8933 | val_acc 71.22% | lr 0.00e+00
  epoch  50 | steps  17901 |    949.1s | train 0.8934 | val_acc 71.22% | lr 9.87e-08
  epoch  51 | steps  18252 |    967.7s | train 0.8956 | val_acc 71.12% | lr 3.94e-07
  epoch  52 | steps  18603 |    986.4s | train 0.8969 | val_acc 71.12% | lr 8.86e-07
  epoch  53 | steps  18640 |    988.5s | train 0.8943 | val_acc 71.30% | lr 8.86e-07
[adamw] done: 18640 steps, 54 epochs, test_acc=71.06%

| arm | steps | epochs | final train loss | best val acc | test acc | median fwd+bwd | median step | step/fwd+bwd | total wall-clock |
|---|---|---|---|---|---|---|---|---|---|
| adamw | 18640 | 54 | 0.8926 | 71.38% | 71.06% | 51.20 ms | 1.24 ms | 0.02x | 988.5s |

plots written to /home/blgr/new_adafisher/benchmarks/outputs/lot8_cifar10/vit_small/adamw
