Les modules suivants n'ont pas été elevés de votre environnement :
  (Utilisez "module --force purge" pour tous les enlever):

  1) CCconfig        6)  ucx/1.14.1         11) flexiblas/3.3.1
  2) gentoo/2023     7)  libfabric/1.18.0   12) aocl-blas/5.1
  3) gcccore/.12.3   8)  pmix/4.2.4         13) aocl-lapack/5.1
  4) gcc/12.3        9)  ucc/1.2.0          14) StdEnv/2023
  5) hwloc/2.9.1     10) openmpi/4.1.5

Dû à un changement dans la variable MODULEPATH, les modules suivants ont été rechargés :
  1) aocl-blas/5.1     2) aocl-lapack/5.1

Les modules suivants ont été rechargés avec un changement de version :
  1) flexiblas/3.3.1 => flexiblas/3.4.4       6) openmpi/4.1.5 => openmpi/5.0.3
  2) gcc/12.3 => gcc/13.3                     7) pmix/4.2.4 => pmix/5.0.2
  3) gcccore/.12.3 => gcccore/.13.3           8) ucc/1.2.0 => ucc/1.3.0
  4) hwloc/2.9.1 => hwloc/2.10.0              9) ucx/1.14.1 => ucx/1.16.0
  5) libfabric/1.18.0 => libfabric/1.21.0

created virtual environment CPython3.11.5.final.0-64 in 771ms
  creator CPython3Posix(dest=/localscratch/blgr.20655458.0/env, clear=False, no_vcs_ignore=False, global=False)
  seeder FromAppData(download=False, pip=bundle, setuptools=bundle, wheel=bundle, via=copy, app_data_dir=/home/blgr/.local/share/virtualenv)
    added seed packages: pip==26.1.2+computecanada, setuptools==83.0.0+computecanada, wheel==0.46.3+computecanada
  activators BashActivator,CShellActivator,FishActivator,NushellActivator,PowerShellActivator,PythonActivator
Looking in links: /cvmfs/soft.computecanada.ca/custom/python/wheelhouse/gentoo2023/x86-64-v4, /cvmfs/soft.computecanada.ca/custom/python/wheelhouse/gentoo2023/x86-64-v3, /cvmfs/soft.computecanada.ca/custom/python/wheelhouse/gentoo2023/generic, /cvmfs/soft.computecanada.ca/custom/python/wheelhouse/generic
Requirement already satisfied: pip in /localscratch/blgr.20655458.0/env/lib/python3.11/site-packages (26.1.2+computecanada)
Looking in links: /cvmfs/soft.computecanada.ca/custom/python/wheelhouse/gentoo2023/x86-64-v4, /cvmfs/soft.computecanada.ca/custom/python/wheelhouse/gentoo2023/x86-64-v3, /cvmfs/soft.computecanada.ca/custom/python/wheelhouse/gentoo2023/generic, /cvmfs/soft.computecanada.ca/custom/python/wheelhouse/generic
Processing /cvmfs/soft.computecanada.ca/custom/python/wheelhouse/gentoo2023/x86-64-v3/torch-2.14.0+computecanada-cp311-cp311-linux_x86_64.whl (from -r requirements-cluster.txt (line 13))
Processing /cvmfs/soft.computecanada.ca/custom/python/wheelhouse/gentoo2023/generic/torchvision-0.29.0+computecanada-cp311-cp311-linux_x86_64.whl (from -r requirements-cluster.txt (line 14))
Processing /cvmfs/soft.computecanada.ca/custom/python/wheelhouse/gentoo2023/generic/numpy-2.4.2+computecanada-cp311-cp311-linux_x86_64.whl (from -r requirements-cluster.txt (line 15))
Processing /cvmfs/soft.computecanada.ca/custom/python/wheelhouse/gentoo2023/x86-64-v3/matplotlib-3.11.1+computecanada-cp311-cp311-linux_x86_64.whl (from -r requirements-cluster.txt (line 16))
Processing /cvmfs/soft.computecanada.ca/custom/python/wheelhouse/generic/filelock-3.31.1+computecanada-py3-none-any.whl (from torch>=2.0->-r requirements-cluster.txt (line 13))
Processing /cvmfs/soft.computecanada.ca/custom/python/wheelhouse/generic/typing_extensions-4.16.0+computecanada-py3-none-any.whl (from torch>=2.0->-r requirements-cluster.txt (line 13))
Requirement already satisfied: setuptools>=77.0.3 in /localscratch/blgr.20655458.0/env/lib/python3.11/site-packages (from torch>=2.0->-r requirements-cluster.txt (line 13)) (83.0.0+computecanada)
Processing /cvmfs/soft.computecanada.ca/custom/python/wheelhouse/generic/sympy-1.14.0+computecanada-py3-none-any.whl (from torch>=2.0->-r requirements-cluster.txt (line 13))
Processing /cvmfs/soft.computecanada.ca/custom/python/wheelhouse/generic/networkx-3.6.1+computecanada-py3-none-any.whl (from torch>=2.0->-r requirements-cluster.txt (line 13))
Processing /cvmfs/soft.computecanada.ca/custom/python/wheelhouse/generic/jinja2-3.1.6+computecanada-py3-none-any.whl (from torch>=2.0->-r requirements-cluster.txt (line 13))
Processing /cvmfs/soft.computecanada.ca/custom/python/wheelhouse/generic/fsspec-2026.7.0+computecanada-py3-none-any.whl (from torch>=2.0->-r requirements-cluster.txt (line 13))
Processing /cvmfs/soft.computecanada.ca/custom/python/wheelhouse/gentoo2023/x86-64-v3/Pillow_SIMD-9.5.0.post2+computecanada-cp311-cp311-linux_x86_64.whl (from torchvision>=0.15->-r requirements-cluster.txt (line 14))
Processing /cvmfs/soft.computecanada.ca/custom/python/wheelhouse/gentoo2023/generic/contourpy-1.3.3+computecanada-cp311-cp311-linux_x86_64.whl (from matplotlib>=3.7->-r requirements-cluster.txt (line 16))
Processing /cvmfs/soft.computecanada.ca/custom/python/wheelhouse/generic/cycler-0.12.1+computecanada-py3-none-any.whl (from matplotlib>=3.7->-r requirements-cluster.txt (line 16))
Processing /cvmfs/soft.computecanada.ca/custom/python/wheelhouse/generic/fonttools-4.64.0+computecanada-cp311-cp311-linux_x86_64.whl (from matplotlib>=3.7->-r requirements-cluster.txt (line 16))
Processing /cvmfs/soft.computecanada.ca/custom/python/wheelhouse/generic/kiwisolver-1.4.9+computecanada-cp311-cp311-linux_x86_64.whl (from matplotlib>=3.7->-r requirements-cluster.txt (line 16))
Processing /cvmfs/soft.computecanada.ca/custom/python/wheelhouse/generic/packaging-26.3+computecanada-py3-none-any.whl (from matplotlib>=3.7->-r requirements-cluster.txt (line 16))
Processing /cvmfs/soft.computecanada.ca/custom/python/wheelhouse/gentoo2023/x86-64-v3/pillow-12.1.0+computecanada-cp311-cp311-linux_x86_64.whl (from matplotlib>=3.7->-r requirements-cluster.txt (line 16))
Processing /cvmfs/soft.computecanada.ca/custom/python/wheelhouse/generic/pyparsing-3.3.2+computecanada-py3-none-any.whl (from matplotlib>=3.7->-r requirements-cluster.txt (line 16))
Processing /cvmfs/soft.computecanada.ca/custom/python/wheelhouse/generic/python_dateutil-2.9.0.post0+computecanada-py2.py3-none-any.whl (from matplotlib>=3.7->-r requirements-cluster.txt (line 16))
Processing /cvmfs/soft.computecanada.ca/custom/python/wheelhouse/generic/six-1.17.0+computecanada-py2.py3-none-any.whl (from python-dateutil>=2.7->matplotlib>=3.7->-r requirements-cluster.txt (line 16))
Processing /cvmfs/soft.computecanada.ca/custom/python/wheelhouse/generic/mpmath-1.3.0+computecanada-py3-none-any.whl (from sympy>=1.13.3->torch>=2.0->-r requirements-cluster.txt (line 13))
Processing /cvmfs/soft.computecanada.ca/custom/python/wheelhouse/generic/markupsafe-3.0.3+computecanada-cp311-cp311-linux_x86_64.whl (from jinja2->torch>=2.0->-r requirements-cluster.txt (line 13))
Installing collected packages: mpmath, typing-extensions, sympy, six, pyparsing, pillow-simd, pillow, packaging, numpy, networkx, MarkupSafe, kiwisolver, fsspec, fonttools, filelock, cycler, python-dateutil, jinja2, contourpy, torch, matplotlib, torchvision

Successfully installed MarkupSafe-3.0.3+computecanada contourpy-1.3.3+computecanada cycler-0.12.1+computecanada filelock-3.31.1+computecanada fonttools-4.64.0+computecanada fsspec-2026.7.0+computecanada jinja2-3.1.6+computecanada kiwisolver-1.4.9+computecanada matplotlib-3.11.1+computecanada mpmath-1.3.0+computecanada networkx-3.6.1+computecanada numpy-2.4.2+computecanada packaging-26.3+computecanada pillow-12.1.0+computecanada pillow-simd-9.5.0.post2+computecanada pyparsing-3.3.2+computecanada python-dateutil-2.9.0.post0+computecanada six-1.17.0+computecanada sympy-1.14.0+computecanada torch-2.14.0+computecanada torchvision-0.29.0+computecanada typing-extensions-4.16.0+computecanada
/localscratch/blgr.20655458.0/env/lib/python3.11/site-packages/torchvision/datasets/cifar.py:83: VisibleDeprecationWarning: dtype(): align should be passed as Python or NumPy boolean but got `align=0`. Did you mean to pass a tuple to create a subarray type? (Deprecated NumPy 2.4)
  entry = pickle.load(f, encoding="latin1")
model=vit_small arms=['diag'] device=cuda lr=0.001 baseline_lr=0.0001 wd=0.01 decoupled_wd=True conv_sua=False fisher_batch_samples=None
[diag] budget=unbounded max_epochs=50 device=cuda
sys:1: UserWarning: Full backward hook is firing when gradients are computed with respect to module outputs since no inputs require gradients. See https://docs.pytorch.org/docs/main/generated/torch.nn.Module.html#torch.nn.Module.register_full_backward_hook for more details.
  epoch   0 | steps    351 |     20.3s | train 2.0262 | val_acc 30.70% | lr 9.99e-04
  epoch   1 | steps    702 |     40.3s | train 1.8216 | val_acc 35.44% | lr 9.96e-04
  epoch   2 | steps   1053 |     60.3s | train 1.7362 | val_acc 38.50% | lr 9.91e-04
  epoch   3 | steps   1404 |     80.1s | train 1.6631 | val_acc 42.80% | lr 9.84e-04
  epoch   4 | steps   1755 |     99.9s | train 1.5935 | val_acc 44.54% | lr 9.76e-04
  epoch   5 | steps   2106 |    119.8s | train 1.5502 | val_acc 44.42% | lr 9.65e-04
  epoch   6 | steps   2457 |    139.5s | train 1.5031 | val_acc 48.80% | lr 9.52e-04
  epoch   7 | steps   2808 |    159.2s | train 1.4737 | val_acc 49.00% | lr 9.38e-04
  epoch   8 | steps   3159 |    179.0s | train 1.4356 | val_acc 51.02% | lr 9.22e-04
  epoch   9 | steps   3510 |    198.7s | train 1.4119 | val_acc 51.08% | lr 9.05e-04
  epoch  10 | steps   3861 |    218.3s | train 1.3857 | val_acc 51.30% | lr 8.85e-04
  epoch  11 | steps   4212 |    238.0s | train 1.3590 | val_acc 53.30% | lr 8.64e-04
  epoch  12 | steps   4563 |    257.7s | train 1.3355 | val_acc 52.08% | lr 8.42e-04
  epoch  13 | steps   4914 |    277.3s | train 1.3182 | val_acc 54.10% | lr 8.19e-04
  epoch  14 | steps   5265 |    297.0s | train 1.3018 | val_acc 55.08% | lr 7.94e-04
  epoch  15 | steps   5616 |    316.6s | train 1.2787 | val_acc 55.50% | lr 7.68e-04
  epoch  16 | steps   5967 |    336.3s | train 1.2706 | val_acc 56.60% | lr 7.41e-04
  epoch  17 | steps   6318 |    355.9s | train 1.2455 | val_acc 55.20% | lr 7.13e-04
  epoch  18 | steps   6669 |    375.7s | train 1.2333 | val_acc 56.46% | lr 6.84e-04
  epoch  19 | steps   7020 |    395.6s | train 1.2188 | val_acc 58.58% | lr 6.55e-04
  epoch  20 | steps   7371 |    415.3s | train 1.2030 | val_acc 60.62% | lr 6.24e-04
  epoch  21 | steps   7722 |    435.0s | train 1.1928 | val_acc 59.32% | lr 5.94e-04
  epoch  22 | steps   8073 |    454.6s | train 1.1709 | val_acc 61.62% | lr 5.63e-04
  epoch  23 | steps   8424 |    474.3s | train 1.1597 | val_acc 61.36% | lr 5.31e-04
  epoch  24 | steps   8775 |    493.9s | train 1.1484 | val_acc 60.52% | lr 5.00e-04
  epoch  25 | steps   9126 |    513.6s | train 1.1374 | val_acc 61.04% | lr 4.69e-04
  epoch  26 | steps   9477 |    533.6s | train 1.1263 | val_acc 61.40% | lr 4.37e-04
  epoch  27 | steps   9828 |    553.8s | train 1.1128 | val_acc 63.78% | lr 4.06e-04
  epoch  28 | steps  10179 |    573.7s | train 1.0945 | val_acc 62.40% | lr 3.76e-04
  epoch  29 | steps  10530 |    593.5s | train 1.0846 | val_acc 64.32% | lr 3.45e-04
  epoch  30 | steps  10881 |    613.2s | train 1.0787 | val_acc 64.00% | lr 3.16e-04
  epoch  31 | steps  11232 |    633.0s | train 1.0700 | val_acc 65.02% | lr 2.87e-04
  epoch  32 | steps  11583 |    652.7s | train 1.0543 | val_acc 64.90% | lr 2.59e-04
  epoch  33 | steps  11934 |    672.4s | train 1.0460 | val_acc 65.66% | lr 2.32e-04
  epoch  34 | steps  12285 |    692.1s | train 1.0318 | val_acc 64.62% | lr 2.06e-04
  epoch  35 | steps  12636 |    711.8s | train 1.0257 | val_acc 65.22% | lr 1.81e-04
  epoch  36 | steps  12987 |    731.5s | train 1.0144 | val_acc 65.00% | lr 1.58e-04
  epoch  37 | steps  13338 |    751.4s | train 1.0082 | val_acc 65.80% | lr 1.36e-04
  epoch  38 | steps  13689 |    771.1s | train 0.9987 | val_acc 65.50% | lr 1.15e-04
  epoch  39 | steps  14040 |    790.7s | train 0.9936 | val_acc 66.36% | lr 9.55e-05
  epoch  40 | steps  14391 |    810.4s | train 0.9836 | val_acc 67.32% | lr 7.78e-05
  epoch  41 | steps  14742 |    830.2s | train 0.9842 | val_acc 67.16% | lr 6.18e-05
  epoch  42 | steps  15093 |    850.1s | train 0.9658 | val_acc 67.00% | lr 4.76e-05
  epoch  43 | steps  15444 |    869.9s | train 0.9583 | val_acc 67.44% | lr 3.51e-05
  epoch  44 | steps  15795 |    889.6s | train 0.9576 | val_acc 67.52% | lr 2.45e-05
  epoch  45 | steps  16146 |    909.4s | train 0.9548 | val_acc 67.56% | lr 1.57e-05
  epoch  46 | steps  16497 |    929.1s | train 0.9495 | val_acc 67.64% | lr 8.86e-06
  epoch  47 | steps  16848 |    948.9s | train 0.9437 | val_acc 67.64% | lr 3.94e-06
  epoch  48 | steps  17199 |    968.7s | train 0.9452 | val_acc 67.64% | lr 9.87e-07
  epoch  49 | steps  17550 |    988.5s | train 0.9471 | val_acc 67.68% | lr 0.00e+00
[diag] done: 17550 steps, 50 epochs, test_acc=67.24%

| arm | steps | epochs | final train loss | best val acc | test acc | median fwd+bwd | median step | step/fwd+bwd | total wall-clock |
|---|---|---|---|---|---|---|---|---|---|
| diag | 17550 | 50 | 0.9448 | 67.68% | 67.24% | 51.18 ms | 3.95 ms | 0.08x | 988.4s |

plots written to /home/blgr/new_adafisher/benchmarks/outputs/lot8_cifar10/vit_small/diag
