Les modules suivants n'ont pas été elevés de votre environnement :
  (Utilisez "module --force purge" pour tous les enlever):

  1) CCconfig        6)  ucx/1.14.1         11) flexiblas/3.3.1
  2) gentoo/2023     7)  libfabric/1.18.0   12) aocl-blas/5.1
  3) gcccore/.12.3   8)  pmix/4.2.4         13) aocl-lapack/5.1
  4) gcc/12.3        9)  ucc/1.2.0          14) StdEnv/2023
  5) hwloc/2.9.1     10) openmpi/4.1.5

Dû à un changement dans la variable MODULEPATH, les modules suivants ont été rechargés :
  1) aocl-blas/5.1     2) aocl-lapack/5.1

Les modules suivants ont été rechargés avec un changement de version :
  1) flexiblas/3.3.1 => flexiblas/3.4.4       6) openmpi/4.1.5 => openmpi/5.0.3
  2) gcc/12.3 => gcc/13.3                     7) pmix/4.2.4 => pmix/5.0.2
  3) gcccore/.12.3 => gcccore/.13.3           8) ucc/1.2.0 => ucc/1.3.0
  4) hwloc/2.9.1 => hwloc/2.10.0              9) ucx/1.14.1 => ucx/1.16.0
  5) libfabric/1.18.0 => libfabric/1.21.0

created virtual environment CPython3.11.5.final.0-64 in 178ms
  creator CPython3Posix(dest=/localscratch/blgr.20857561.0/env, clear=False, no_vcs_ignore=False, global=False)
  seeder FromAppData(download=False, pip=bundle, setuptools=bundle, wheel=bundle, via=copy, app_data_dir=/home/blgr/.local/share/virtualenv)
    added seed packages: pip==26.1.2+computecanada, setuptools==83.0.0+computecanada, wheel==0.46.3+computecanada
  activators BashActivator,CShellActivator,FishActivator,NushellActivator,PowerShellActivator,PythonActivator
Looking in links: /cvmfs/soft.computecanada.ca/custom/python/wheelhouse/gentoo2023/x86-64-v4, /cvmfs/soft.computecanada.ca/custom/python/wheelhouse/gentoo2023/x86-64-v3, /cvmfs/soft.computecanada.ca/custom/python/wheelhouse/gentoo2023/generic, /cvmfs/soft.computecanada.ca/custom/python/wheelhouse/generic
Requirement already satisfied: pip in /localscratch/blgr.20857561.0/env/lib/python3.11/site-packages (26.1.2+computecanada)
Looking in links: /cvmfs/soft.computecanada.ca/custom/python/wheelhouse/gentoo2023/x86-64-v4, /cvmfs/soft.computecanada.ca/custom/python/wheelhouse/gentoo2023/x86-64-v3, /cvmfs/soft.computecanada.ca/custom/python/wheelhouse/gentoo2023/generic, /cvmfs/soft.computecanada.ca/custom/python/wheelhouse/generic
Processing /cvmfs/soft.computecanada.ca/custom/python/wheelhouse/gentoo2023/x86-64-v3/torch-2.14.0+computecanada-cp311-cp311-linux_x86_64.whl (from -r requirements-cluster.txt (line 13))
Processing /cvmfs/soft.computecanada.ca/custom/python/wheelhouse/gentoo2023/generic/torchvision-0.29.0+computecanada-cp311-cp311-linux_x86_64.whl (from -r requirements-cluster.txt (line 14))
Processing /cvmfs/soft.computecanada.ca/custom/python/wheelhouse/gentoo2023/generic/numpy-2.4.2+computecanada-cp311-cp311-linux_x86_64.whl (from -r requirements-cluster.txt (line 15))
Processing /cvmfs/soft.computecanada.ca/custom/python/wheelhouse/gentoo2023/x86-64-v3/matplotlib-3.11.1+computecanada-cp311-cp311-linux_x86_64.whl (from -r requirements-cluster.txt (line 16))
Processing /cvmfs/soft.computecanada.ca/custom/python/wheelhouse/generic/filelock-3.31.1+computecanada-py3-none-any.whl (from torch>=2.0->-r requirements-cluster.txt (line 13))
Processing /cvmfs/soft.computecanada.ca/custom/python/wheelhouse/generic/typing_extensions-4.16.0+computecanada-py3-none-any.whl (from torch>=2.0->-r requirements-cluster.txt (line 13))
Requirement already satisfied: setuptools>=77.0.3 in /localscratch/blgr.20857561.0/env/lib/python3.11/site-packages (from torch>=2.0->-r requirements-cluster.txt (line 13)) (83.0.0+computecanada)
Processing /cvmfs/soft.computecanada.ca/custom/python/wheelhouse/generic/sympy-1.14.0+computecanada-py3-none-any.whl (from torch>=2.0->-r requirements-cluster.txt (line 13))
Processing /cvmfs/soft.computecanada.ca/custom/python/wheelhouse/generic/networkx-3.6.1+computecanada-py3-none-any.whl (from torch>=2.0->-r requirements-cluster.txt (line 13))
Processing /cvmfs/soft.computecanada.ca/custom/python/wheelhouse/generic/jinja2-3.1.6+computecanada-py3-none-any.whl (from torch>=2.0->-r requirements-cluster.txt (line 13))
Processing /cvmfs/soft.computecanada.ca/custom/python/wheelhouse/generic/fsspec-2026.7.0+computecanada-py3-none-any.whl (from torch>=2.0->-r requirements-cluster.txt (line 13))
Processing /cvmfs/soft.computecanada.ca/custom/python/wheelhouse/gentoo2023/x86-64-v3/Pillow_SIMD-9.5.0.post2+computecanada-cp311-cp311-linux_x86_64.whl (from torchvision>=0.15->-r requirements-cluster.txt (line 14))
Processing /cvmfs/soft.computecanada.ca/custom/python/wheelhouse/gentoo2023/generic/contourpy-1.3.3+computecanada-cp311-cp311-linux_x86_64.whl (from matplotlib>=3.7->-r requirements-cluster.txt (line 16))
Processing /cvmfs/soft.computecanada.ca/custom/python/wheelhouse/generic/cycler-0.12.1+computecanada-py3-none-any.whl (from matplotlib>=3.7->-r requirements-cluster.txt (line 16))
Processing /cvmfs/soft.computecanada.ca/custom/python/wheelhouse/generic/fonttools-4.64.0+computecanada-cp311-cp311-linux_x86_64.whl (from matplotlib>=3.7->-r requirements-cluster.txt (line 16))
Processing /cvmfs/soft.computecanada.ca/custom/python/wheelhouse/generic/kiwisolver-1.4.9+computecanada-cp311-cp311-linux_x86_64.whl (from matplotlib>=3.7->-r requirements-cluster.txt (line 16))
Processing /cvmfs/soft.computecanada.ca/custom/python/wheelhouse/generic/packaging-26.3+computecanada-py3-none-any.whl (from matplotlib>=3.7->-r requirements-cluster.txt (line 16))
Processing /cvmfs/soft.computecanada.ca/custom/python/wheelhouse/gentoo2023/x86-64-v3/pillow-12.1.0+computecanada-cp311-cp311-linux_x86_64.whl (from matplotlib>=3.7->-r requirements-cluster.txt (line 16))
Processing /cvmfs/soft.computecanada.ca/custom/python/wheelhouse/generic/pyparsing-3.3.2+computecanada-py3-none-any.whl (from matplotlib>=3.7->-r requirements-cluster.txt (line 16))
Processing /cvmfs/soft.computecanada.ca/custom/python/wheelhouse/generic/python_dateutil-2.9.0.post0+computecanada-py2.py3-none-any.whl (from matplotlib>=3.7->-r requirements-cluster.txt (line 16))
Processing /cvmfs/soft.computecanada.ca/custom/python/wheelhouse/generic/six-1.17.0+computecanada-py2.py3-none-any.whl (from python-dateutil>=2.7->matplotlib>=3.7->-r requirements-cluster.txt (line 16))
Processing /cvmfs/soft.computecanada.ca/custom/python/wheelhouse/generic/mpmath-1.3.0+computecanada-py3-none-any.whl (from sympy>=1.13.3->torch>=2.0->-r requirements-cluster.txt (line 13))
Processing /cvmfs/soft.computecanada.ca/custom/python/wheelhouse/generic/markupsafe-3.0.3+computecanada-cp311-cp311-linux_x86_64.whl (from jinja2->torch>=2.0->-r requirements-cluster.txt (line 13))
Installing collected packages: mpmath, typing-extensions, sympy, six, pyparsing, pillow-simd, pillow, packaging, numpy, networkx, MarkupSafe, kiwisolver, fsspec, fonttools, filelock, cycler, python-dateutil, jinja2, contourpy, torch, matplotlib, torchvision

Successfully installed MarkupSafe-3.0.3+computecanada contourpy-1.3.3+computecanada cycler-0.12.1+computecanada filelock-3.31.1+computecanada fonttools-4.64.0+computecanada fsspec-2026.7.0+computecanada jinja2-3.1.6+computecanada kiwisolver-1.4.9+computecanada matplotlib-3.11.1+computecanada mpmath-1.3.0+computecanada networkx-3.6.1+computecanada numpy-2.4.2+computecanada packaging-26.3+computecanada pillow-12.1.0+computecanada pillow-simd-9.5.0.post2+computecanada pyparsing-3.3.2+computecanada python-dateutil-2.9.0.post0+computecanada six-1.17.0+computecanada sympy-1.14.0+computecanada torch-2.14.0+computecanada torchvision-0.29.0+computecanada typing-extensions-4.16.0+computecanada
/localscratch/blgr.20857561.0/env/lib/python3.11/site-packages/torchvision/datasets/cifar.py:83: VisibleDeprecationWarning: dtype(): align should be passed as Python or NumPy boolean but got `align=0`. Did you mean to pass a tuple to create a subarray type? (Deprecated NumPy 2.4)
  entry = pickle.load(f, encoding="latin1")
model=vit_small_cifar arms=['adam'] device=cuda hparams=HParams(lr=0.001, baseline_lr=0.0001, weight_decay=0.01, lam=0.003, beta=0.9, gammas=(0.92, 0.008), tcov=100, t_inv=100, t_eig=100, t_re=1, minmax=True, conv_sua=False, fisher_batch_samples=None, decoupled_wd=True)
[adam] budget=987.8s max_epochs=150 device=cuda
  epoch   0 | steps    351 |     19.2s | train 1.9789 | val_acc 28.84% | lr 9.99e-05
  epoch   1 | steps    702 |     37.9s | train 1.8562 | val_acc 30.68% | lr 9.96e-05
  epoch   2 | steps   1053 |     56.6s | train 1.7980 | val_acc 32.20% | lr 9.91e-05
  epoch   3 | steps   1404 |     75.4s | train 1.7688 | val_acc 34.44% | lr 9.84e-05
  epoch   4 | steps   1755 |     94.1s | train 1.7358 | val_acc 37.56% | lr 9.76e-05
  epoch   5 | steps   2106 |    112.9s | train 1.7139 | val_acc 34.88% | lr 9.65e-05
  epoch   6 | steps   2457 |    131.6s | train 1.6894 | val_acc 39.26% | lr 9.52e-05
  epoch   7 | steps   2808 |    150.3s | train 1.6690 | val_acc 40.12% | lr 9.38e-05
  epoch   8 | steps   3159 |    169.1s | train 1.6552 | val_acc 40.30% | lr 9.22e-05
  epoch   9 | steps   3510 |    187.8s | train 1.6415 | val_acc 38.30% | lr 9.05e-05
  epoch  10 | steps   3861 |    206.6s | train 1.6292 | val_acc 40.66% | lr 8.85e-05
  epoch  11 | steps   4212 |    225.3s | train 1.6174 | val_acc 41.42% | lr 8.64e-05
  epoch  12 | steps   4563 |    244.0s | train 1.6029 | val_acc 42.42% | lr 8.42e-05
  epoch  13 | steps   4914 |    262.8s | train 1.6020 | val_acc 42.24% | lr 8.19e-05
  epoch  14 | steps   5265 |    281.5s | train 1.5919 | val_acc 42.30% | lr 7.94e-05
  epoch  15 | steps   5616 |    300.2s | train 1.5858 | val_acc 43.00% | lr 7.68e-05
  epoch  16 | steps   5967 |    318.9s | train 1.5840 | val_acc 39.94% | lr 7.41e-05
  epoch  17 | steps   6318 |    337.7s | train 1.5746 | val_acc 42.80% | lr 7.13e-05
  epoch  18 | steps   6669 |    356.4s | train 1.5745 | val_acc 43.02% | lr 6.84e-05
  epoch  19 | steps   7020 |    375.1s | train 1.5703 | val_acc 44.06% | lr 6.55e-05
  epoch  20 | steps   7371 |    393.8s | train 1.5635 | val_acc 42.28% | lr 6.24e-05
  epoch  21 | steps   7722 |    412.7s | train 1.5674 | val_acc 42.58% | lr 5.94e-05
  epoch  22 | steps   8073 |    431.6s | train 1.5601 | val_acc 42.30% | lr 5.63e-05
  epoch  23 | steps   8424 |    450.5s | train 1.5615 | val_acc 44.14% | lr 5.31e-05
  epoch  24 | steps   8775 |    469.5s | train 1.5613 | val_acc 44.34% | lr 5.00e-05
  epoch  25 | steps   9126 |    488.2s | train 1.5556 | val_acc 42.78% | lr 4.69e-05
  epoch  26 | steps   9477 |    506.9s | train 1.5552 | val_acc 43.86% | lr 4.37e-05
  epoch  27 | steps   9828 |    525.6s | train 1.5510 | val_acc 45.42% | lr 4.06e-05
  epoch  28 | steps  10179 |    544.3s | train 1.5495 | val_acc 44.16% | lr 3.76e-05
  epoch  29 | steps  10530 |    563.0s | train 1.5509 | val_acc 44.36% | lr 3.45e-05
  epoch  30 | steps  10881 |    581.7s | train 1.5493 | val_acc 43.56% | lr 3.16e-05
  epoch  31 | steps  11232 |    600.4s | train 1.5421 | val_acc 44.68% | lr 2.87e-05
  epoch  32 | steps  11583 |    619.2s | train 1.5378 | val_acc 44.26% | lr 2.59e-05
  epoch  33 | steps  11934 |    637.9s | train 1.5380 | val_acc 43.86% | lr 2.32e-05
  epoch  34 | steps  12285 |    656.6s | train 1.5377 | val_acc 44.14% | lr 2.06e-05
  epoch  35 | steps  12636 |    675.4s | train 1.5393 | val_acc 43.86% | lr 1.81e-05
  epoch  36 | steps  12987 |    694.1s | train 1.5331 | val_acc 43.44% | lr 1.58e-05
  epoch  37 | steps  13338 |    712.8s | train 1.5374 | val_acc 44.70% | lr 1.36e-05
  epoch  38 | steps  13689 |    731.5s | train 1.5339 | val_acc 45.64% | lr 1.15e-05
  epoch  39 | steps  14040 |    750.3s | train 1.5353 | val_acc 44.28% | lr 9.55e-06
  epoch  40 | steps  14391 |    769.0s | train 1.5316 | val_acc 44.96% | lr 7.78e-06
  epoch  41 | steps  14742 |    787.7s | train 1.5313 | val_acc 45.08% | lr 6.18e-06
  epoch  42 | steps  15093 |    806.4s | train 1.5324 | val_acc 44.14% | lr 4.76e-06
  epoch  43 | steps  15444 |    825.2s | train 1.5255 | val_acc 45.42% | lr 3.51e-06
  epoch  44 | steps  15795 |    843.9s | train 1.5279 | val_acc 44.46% | lr 2.45e-06
  epoch  45 | steps  16146 |    862.7s | train 1.5296 | val_acc 45.28% | lr 1.57e-06
  epoch  46 | steps  16497 |    881.4s | train 1.5237 | val_acc 44.68% | lr 8.86e-07
  epoch  47 | steps  16848 |    900.1s | train 1.5246 | val_acc 44.84% | lr 3.94e-07
  epoch  48 | steps  17199 |    918.8s | train 1.5209 | val_acc 44.88% | lr 9.87e-08
  epoch  49 | steps  17550 |    937.5s | train 1.5251 | val_acc 44.76% | lr 0.00e+00
  epoch  50 | steps  17901 |    956.2s | train 1.5244 | val_acc 44.76% | lr 9.87e-08
  epoch  51 | steps  18252 |    975.0s | train 1.5230 | val_acc 44.76% | lr 3.94e-07
  epoch  52 | steps  18493 |    987.9s | train 1.5228 | val_acc 44.90% | lr 3.94e-07
[adam] done: 18493 steps, 53 epochs, test_acc=44.70%, peak VRAM=824 MiB

| arm | steps | epochs | final train loss | best val acc | test acc | median fwd+bwd | median step | step/fwd+bwd | total wall-clock | peak VRAM |
|---|---|---|---|---|---|---|---|---|---|---|
| adam | 18493 | 53 | 1.5257 | 45.64% | 44.70% | 51.40 ms | 1.24 ms | 0.02x | 987.8s | 824 MiB |

plots written to /home/blgr/new_adafisher/benchmarks/outputs/vit_small_cifar/adam
