Les modules suivants n'ont pas été elevés de votre environnement :
  (Utilisez "module --force purge" pour tous les enlever):

  1) CCconfig        6)  ucx/1.14.1         11) flexiblas/3.3.1
  2) gentoo/2023     7)  libfabric/1.18.0   12) aocl-blas/5.1
  3) gcccore/.12.3   8)  pmix/4.2.4         13) aocl-lapack/5.1
  4) gcc/12.3        9)  ucc/1.2.0          14) StdEnv/2023
  5) hwloc/2.9.1     10) openmpi/4.1.5

Dû à un changement dans la variable MODULEPATH, les modules suivants ont été rechargés :
  1) aocl-blas/5.1     2) aocl-lapack/5.1

Les modules suivants ont été rechargés avec un changement de version :
  1) flexiblas/3.3.1 => flexiblas/3.4.4       6) openmpi/4.1.5 => openmpi/5.0.3
  2) gcc/12.3 => gcc/13.3                     7) pmix/4.2.4 => pmix/5.0.2
  3) gcccore/.12.3 => gcccore/.13.3           8) ucc/1.2.0 => ucc/1.3.0
  4) hwloc/2.9.1 => hwloc/2.10.0              9) ucx/1.14.1 => ucx/1.16.0
  5) libfabric/1.18.0 => libfabric/1.21.0

created virtual environment CPython3.11.5.final.0-64 in 145ms
  creator CPython3Posix(dest=/localscratch/blgr.20857560.0/env, clear=False, no_vcs_ignore=False, global=False)
  seeder FromAppData(download=False, pip=bundle, setuptools=bundle, wheel=bundle, via=copy, app_data_dir=/home/blgr/.local/share/virtualenv)
    added seed packages: pip==26.1.2+computecanada, setuptools==83.0.0+computecanada, wheel==0.46.3+computecanada
  activators BashActivator,CShellActivator,FishActivator,NushellActivator,PowerShellActivator,PythonActivator
Looking in links: /cvmfs/soft.computecanada.ca/custom/python/wheelhouse/gentoo2023/x86-64-v4, /cvmfs/soft.computecanada.ca/custom/python/wheelhouse/gentoo2023/x86-64-v3, /cvmfs/soft.computecanada.ca/custom/python/wheelhouse/gentoo2023/generic, /cvmfs/soft.computecanada.ca/custom/python/wheelhouse/generic
Requirement already satisfied: pip in /localscratch/blgr.20857560.0/env/lib/python3.11/site-packages (26.1.2+computecanada)
Looking in links: /cvmfs/soft.computecanada.ca/custom/python/wheelhouse/gentoo2023/x86-64-v4, /cvmfs/soft.computecanada.ca/custom/python/wheelhouse/gentoo2023/x86-64-v3, /cvmfs/soft.computecanada.ca/custom/python/wheelhouse/gentoo2023/generic, /cvmfs/soft.computecanada.ca/custom/python/wheelhouse/generic
Processing /cvmfs/soft.computecanada.ca/custom/python/wheelhouse/gentoo2023/x86-64-v3/torch-2.14.0+computecanada-cp311-cp311-linux_x86_64.whl (from -r requirements-cluster.txt (line 13))
Processing /cvmfs/soft.computecanada.ca/custom/python/wheelhouse/gentoo2023/generic/torchvision-0.29.0+computecanada-cp311-cp311-linux_x86_64.whl (from -r requirements-cluster.txt (line 14))
Processing /cvmfs/soft.computecanada.ca/custom/python/wheelhouse/gentoo2023/generic/numpy-2.4.2+computecanada-cp311-cp311-linux_x86_64.whl (from -r requirements-cluster.txt (line 15))
Processing /cvmfs/soft.computecanada.ca/custom/python/wheelhouse/gentoo2023/x86-64-v3/matplotlib-3.11.1+computecanada-cp311-cp311-linux_x86_64.whl (from -r requirements-cluster.txt (line 16))
Processing /cvmfs/soft.computecanada.ca/custom/python/wheelhouse/generic/filelock-3.31.1+computecanada-py3-none-any.whl (from torch>=2.0->-r requirements-cluster.txt (line 13))
Processing /cvmfs/soft.computecanada.ca/custom/python/wheelhouse/generic/typing_extensions-4.16.0+computecanada-py3-none-any.whl (from torch>=2.0->-r requirements-cluster.txt (line 13))
Requirement already satisfied: setuptools>=77.0.3 in /localscratch/blgr.20857560.0/env/lib/python3.11/site-packages (from torch>=2.0->-r requirements-cluster.txt (line 13)) (83.0.0+computecanada)
Processing /cvmfs/soft.computecanada.ca/custom/python/wheelhouse/generic/sympy-1.14.0+computecanada-py3-none-any.whl (from torch>=2.0->-r requirements-cluster.txt (line 13))
Processing /cvmfs/soft.computecanada.ca/custom/python/wheelhouse/generic/networkx-3.6.1+computecanada-py3-none-any.whl (from torch>=2.0->-r requirements-cluster.txt (line 13))
Processing /cvmfs/soft.computecanada.ca/custom/python/wheelhouse/generic/jinja2-3.1.6+computecanada-py3-none-any.whl (from torch>=2.0->-r requirements-cluster.txt (line 13))
Processing /cvmfs/soft.computecanada.ca/custom/python/wheelhouse/generic/fsspec-2026.7.0+computecanada-py3-none-any.whl (from torch>=2.0->-r requirements-cluster.txt (line 13))
Processing /cvmfs/soft.computecanada.ca/custom/python/wheelhouse/gentoo2023/x86-64-v3/Pillow_SIMD-9.5.0.post2+computecanada-cp311-cp311-linux_x86_64.whl (from torchvision>=0.15->-r requirements-cluster.txt (line 14))
Processing /cvmfs/soft.computecanada.ca/custom/python/wheelhouse/gentoo2023/generic/contourpy-1.3.3+computecanada-cp311-cp311-linux_x86_64.whl (from matplotlib>=3.7->-r requirements-cluster.txt (line 16))
Processing /cvmfs/soft.computecanada.ca/custom/python/wheelhouse/generic/cycler-0.12.1+computecanada-py3-none-any.whl (from matplotlib>=3.7->-r requirements-cluster.txt (line 16))
Processing /cvmfs/soft.computecanada.ca/custom/python/wheelhouse/generic/fonttools-4.64.0+computecanada-cp311-cp311-linux_x86_64.whl (from matplotlib>=3.7->-r requirements-cluster.txt (line 16))
Processing /cvmfs/soft.computecanada.ca/custom/python/wheelhouse/generic/kiwisolver-1.4.9+computecanada-cp311-cp311-linux_x86_64.whl (from matplotlib>=3.7->-r requirements-cluster.txt (line 16))
Processing /cvmfs/soft.computecanada.ca/custom/python/wheelhouse/generic/packaging-26.3+computecanada-py3-none-any.whl (from matplotlib>=3.7->-r requirements-cluster.txt (line 16))
Processing /cvmfs/soft.computecanada.ca/custom/python/wheelhouse/gentoo2023/x86-64-v3/pillow-12.1.0+computecanada-cp311-cp311-linux_x86_64.whl (from matplotlib>=3.7->-r requirements-cluster.txt (line 16))
Processing /cvmfs/soft.computecanada.ca/custom/python/wheelhouse/generic/pyparsing-3.3.2+computecanada-py3-none-any.whl (from matplotlib>=3.7->-r requirements-cluster.txt (line 16))
Processing /cvmfs/soft.computecanada.ca/custom/python/wheelhouse/generic/python_dateutil-2.9.0.post0+computecanada-py2.py3-none-any.whl (from matplotlib>=3.7->-r requirements-cluster.txt (line 16))
Processing /cvmfs/soft.computecanada.ca/custom/python/wheelhouse/generic/six-1.17.0+computecanada-py2.py3-none-any.whl (from python-dateutil>=2.7->matplotlib>=3.7->-r requirements-cluster.txt (line 16))
Processing /cvmfs/soft.computecanada.ca/custom/python/wheelhouse/generic/mpmath-1.3.0+computecanada-py3-none-any.whl (from sympy>=1.13.3->torch>=2.0->-r requirements-cluster.txt (line 13))
Processing /cvmfs/soft.computecanada.ca/custom/python/wheelhouse/generic/markupsafe-3.0.3+computecanada-cp311-cp311-linux_x86_64.whl (from jinja2->torch>=2.0->-r requirements-cluster.txt (line 13))
Installing collected packages: mpmath, typing-extensions, sympy, six, pyparsing, pillow-simd, pillow, packaging, numpy, networkx, MarkupSafe, kiwisolver, fsspec, fonttools, filelock, cycler, python-dateutil, jinja2, contourpy, torch, matplotlib, torchvision

Successfully installed MarkupSafe-3.0.3+computecanada contourpy-1.3.3+computecanada cycler-0.12.1+computecanada filelock-3.31.1+computecanada fonttools-4.64.0+computecanada fsspec-2026.7.0+computecanada jinja2-3.1.6+computecanada kiwisolver-1.4.9+computecanada matplotlib-3.11.1+computecanada mpmath-1.3.0+computecanada networkx-3.6.1+computecanada numpy-2.4.2+computecanada packaging-26.3+computecanada pillow-12.1.0+computecanada pillow-simd-9.5.0.post2+computecanada pyparsing-3.3.2+computecanada python-dateutil-2.9.0.post0+computecanada six-1.17.0+computecanada sympy-1.14.0+computecanada torch-2.14.0+computecanada torchvision-0.29.0+computecanada typing-extensions-4.16.0+computecanada
/localscratch/blgr.20857560.0/env/lib/python3.11/site-packages/torchvision/datasets/cifar.py:83: VisibleDeprecationWarning: dtype(): align should be passed as Python or NumPy boolean but got `align=0`. Did you mean to pass a tuple to create a subarray type? (Deprecated NumPy 2.4)
  entry = pickle.load(f, encoding="latin1")
model=vit_small_cifar arms=['tekfac'] device=cuda hparams=HParams(lr=0.001, baseline_lr=0.0001, weight_decay=0.01, lam=0.003, beta=0.9, gammas=(0.92, 0.008), tcov=100, t_inv=100, t_eig=100, t_re=1, minmax=True, conv_sua=False, fisher_batch_samples=None, decoupled_wd=True)
[tekfac] budget=987.8s max_epochs=150 device=cuda
sys:1: UserWarning: Full backward hook is firing when gradients are computed with respect to module outputs since no inputs require gradients. See https://docs.pytorch.org/docs/main/generated/torch.nn.Module.html#torch.nn.Module.register_full_backward_hook for more details.
  epoch   0 | steps    351 |     22.4s | train 2.1056 | val_acc 24.42% | lr 9.99e-04
  epoch   1 | steps    702 |     44.2s | train 1.9245 | val_acc 30.96% | lr 9.96e-04
  epoch   2 | steps   1053 |     65.6s | train 1.7871 | val_acc 36.26% | lr 9.91e-04
  epoch   3 | steps   1404 |     87.4s | train 1.7173 | val_acc 38.12% | lr 9.84e-04
  epoch   4 | steps   1755 |    108.8s | train 1.6531 | val_acc 41.94% | lr 9.76e-04
  epoch   5 | steps   2106 |    130.6s | train 1.5936 | val_acc 41.36% | lr 9.65e-04
  epoch   6 | steps   2457 |    152.1s | train 1.5545 | val_acc 46.64% | lr 9.52e-04
  epoch   7 | steps   2808 |    173.9s | train 1.5105 | val_acc 45.00% | lr 9.38e-04
  epoch   8 | steps   3159 |    195.4s | train 1.4781 | val_acc 47.04% | lr 9.22e-04
  epoch   9 | steps   3510 |    217.2s | train 1.4544 | val_acc 48.28% | lr 9.05e-04
  epoch  10 | steps   3861 |    238.6s | train 1.4204 | val_acc 49.64% | lr 8.85e-04
  epoch  11 | steps   4212 |    260.4s | train 1.3947 | val_acc 51.40% | lr 8.64e-04
  epoch  12 | steps   4563 |    281.9s | train 1.3680 | val_acc 51.92% | lr 8.42e-04
  epoch  13 | steps   4914 |    303.7s | train 1.3459 | val_acc 53.24% | lr 8.19e-04
  epoch  14 | steps   5265 |    325.2s | train 1.3294 | val_acc 53.62% | lr 7.94e-04
  epoch  15 | steps   5616 |    347.1s | train 1.3071 | val_acc 54.56% | lr 7.68e-04
  epoch  16 | steps   5967 |    368.5s | train 1.2930 | val_acc 54.74% | lr 7.41e-04
  epoch  17 | steps   6318 |    390.3s | train 1.2743 | val_acc 55.26% | lr 7.13e-04
  epoch  18 | steps   6669 |    411.9s | train 1.2581 | val_acc 57.42% | lr 6.84e-04
  epoch  19 | steps   7020 |    434.0s | train 1.2389 | val_acc 56.12% | lr 6.55e-04
  epoch  20 | steps   7371 |    455.7s | train 1.2288 | val_acc 58.66% | lr 6.24e-04
  epoch  21 | steps   7722 |    477.8s | train 1.2142 | val_acc 58.32% | lr 5.94e-04
  epoch  22 | steps   8073 |    499.2s | train 1.1946 | val_acc 60.28% | lr 5.63e-04
  epoch  23 | steps   8424 |    521.0s | train 1.1801 | val_acc 60.32% | lr 5.31e-04
  epoch  24 | steps   8775 |    542.5s | train 1.1742 | val_acc 60.26% | lr 5.00e-04
  epoch  25 | steps   9126 |    564.3s | train 1.1602 | val_acc 59.78% | lr 4.69e-04
  epoch  26 | steps   9477 |    585.7s | train 1.1492 | val_acc 60.02% | lr 4.37e-04
  epoch  27 | steps   9828 |    607.6s | train 1.1304 | val_acc 62.40% | lr 4.06e-04
  epoch  28 | steps  10179 |    629.0s | train 1.1121 | val_acc 60.50% | lr 3.76e-04
  epoch  29 | steps  10530 |    650.8s | train 1.1082 | val_acc 63.04% | lr 3.45e-04
  epoch  30 | steps  10881 |    672.3s | train 1.1052 | val_acc 63.68% | lr 3.16e-04
  epoch  31 | steps  11232 |    694.1s | train 1.0930 | val_acc 63.82% | lr 2.87e-04
  epoch  32 | steps  11583 |    715.6s | train 1.0707 | val_acc 63.06% | lr 2.59e-04
  epoch  33 | steps  11934 |    737.4s | train 1.0618 | val_acc 63.18% | lr 2.32e-04
  epoch  34 | steps  12285 |    758.8s | train 1.0545 | val_acc 64.44% | lr 2.06e-04
  epoch  35 | steps  12636 |    780.6s | train 1.0409 | val_acc 63.74% | lr 1.81e-04
  epoch  36 | steps  12987 |    802.1s | train 1.0361 | val_acc 64.08% | lr 1.58e-04
  epoch  37 | steps  13338 |    823.8s | train 1.0321 | val_acc 65.52% | lr 1.36e-04
  epoch  38 | steps  13689 |    845.3s | train 1.0134 | val_acc 65.08% | lr 1.15e-04
  epoch  39 | steps  14040 |    867.1s | train 1.0146 | val_acc 65.14% | lr 9.55e-05
  epoch  40 | steps  14391 |    889.4s | train 1.0030 | val_acc 66.38% | lr 7.78e-05
  epoch  41 | steps  14742 |    911.2s | train 1.0010 | val_acc 66.62% | lr 6.18e-05
  epoch  42 | steps  15093 |    932.7s | train 0.9867 | val_acc 65.92% | lr 4.76e-05
  epoch  43 | steps  15444 |    954.5s | train 0.9785 | val_acc 66.98% | lr 3.51e-05
  epoch  44 | steps  15795 |    975.9s | train 0.9757 | val_acc 66.46% | lr 2.45e-05
  epoch  45 | steps  15987 |    987.9s | train 0.9780 | val_acc 67.02% | lr 2.45e-05
[tekfac] done: 15987 steps, 46 epochs, test_acc=66.23%, peak VRAM=1.17 GiB

| arm | steps | epochs | final train loss | best val acc | test acc | median fwd+bwd | median step | step/fwd+bwd | total wall-clock | peak VRAM |
|---|---|---|---|---|---|---|---|---|---|---|
| tekfac | 15987 | 46 | 0.9582 | 67.02% | 66.23% | 51.21 ms | 5.91 ms | 0.12x | 987.8s | 1.17 GiB |

plots written to /home/blgr/new_adafisher/benchmarks/outputs/vit_small_cifar/tekfac
