Les modules suivants n'ont pas été elevés de votre environnement :
  (Utilisez "module --force purge" pour tous les enlever):

  1) CCconfig        6)  ucx/1.14.1         11) flexiblas/3.3.1
  2) gentoo/2023     7)  libfabric/1.18.0   12) aocl-blas/5.1
  3) gcccore/.12.3   8)  pmix/4.2.4         13) aocl-lapack/5.1
  4) gcc/12.3        9)  ucc/1.2.0          14) StdEnv/2023
  5) hwloc/2.9.1     10) openmpi/4.1.5

Dû à un changement dans la variable MODULEPATH, les modules suivants ont été rechargés :
  1) aocl-blas/5.1     2) aocl-lapack/5.1

Les modules suivants ont été rechargés avec un changement de version :
  1) flexiblas/3.3.1 => flexiblas/3.4.4       6) openmpi/4.1.5 => openmpi/5.0.3
  2) gcc/12.3 => gcc/13.3                     7) pmix/4.2.4 => pmix/5.0.2
  3) gcccore/.12.3 => gcccore/.13.3           8) ucc/1.2.0 => ucc/1.3.0
  4) hwloc/2.9.1 => hwloc/2.10.0              9) ucx/1.14.1 => ucx/1.16.0
  5) libfabric/1.18.0 => libfabric/1.21.0

created virtual environment CPython3.11.5.final.0-64 in 618ms
  creator CPython3Posix(dest=/localscratch/blgr.20676198.0/env, clear=False, no_vcs_ignore=False, global=False)
  seeder FromAppData(download=False, pip=bundle, setuptools=bundle, wheel=bundle, via=copy, app_data_dir=/home/blgr/.local/share/virtualenv)
    added seed packages: pip==26.1.2+computecanada, setuptools==83.0.0+computecanada, wheel==0.46.3+computecanada
  activators BashActivator,CShellActivator,FishActivator,NushellActivator,PowerShellActivator,PythonActivator
Looking in links: /cvmfs/soft.computecanada.ca/custom/python/wheelhouse/gentoo2023/x86-64-v4, /cvmfs/soft.computecanada.ca/custom/python/wheelhouse/gentoo2023/x86-64-v3, /cvmfs/soft.computecanada.ca/custom/python/wheelhouse/gentoo2023/generic, /cvmfs/soft.computecanada.ca/custom/python/wheelhouse/generic
Requirement already satisfied: pip in /localscratch/blgr.20676198.0/env/lib/python3.11/site-packages (26.1.2+computecanada)
Looking in links: /cvmfs/soft.computecanada.ca/custom/python/wheelhouse/gentoo2023/x86-64-v4, /cvmfs/soft.computecanada.ca/custom/python/wheelhouse/gentoo2023/x86-64-v3, /cvmfs/soft.computecanada.ca/custom/python/wheelhouse/gentoo2023/generic, /cvmfs/soft.computecanada.ca/custom/python/wheelhouse/generic
Processing /cvmfs/soft.computecanada.ca/custom/python/wheelhouse/gentoo2023/x86-64-v3/torch-2.14.0+computecanada-cp311-cp311-linux_x86_64.whl (from -r requirements-cluster.txt (line 13))
Processing /cvmfs/soft.computecanada.ca/custom/python/wheelhouse/gentoo2023/generic/torchvision-0.29.0+computecanada-cp311-cp311-linux_x86_64.whl (from -r requirements-cluster.txt (line 14))
Processing /cvmfs/soft.computecanada.ca/custom/python/wheelhouse/gentoo2023/generic/numpy-2.4.2+computecanada-cp311-cp311-linux_x86_64.whl (from -r requirements-cluster.txt (line 15))
Processing /cvmfs/soft.computecanada.ca/custom/python/wheelhouse/gentoo2023/x86-64-v3/matplotlib-3.11.1+computecanada-cp311-cp311-linux_x86_64.whl (from -r requirements-cluster.txt (line 16))
Processing /cvmfs/soft.computecanada.ca/custom/python/wheelhouse/generic/filelock-3.31.1+computecanada-py3-none-any.whl (from torch>=2.0->-r requirements-cluster.txt (line 13))
Processing /cvmfs/soft.computecanada.ca/custom/python/wheelhouse/generic/typing_extensions-4.16.0+computecanada-py3-none-any.whl (from torch>=2.0->-r requirements-cluster.txt (line 13))
Requirement already satisfied: setuptools>=77.0.3 in /localscratch/blgr.20676198.0/env/lib/python3.11/site-packages (from torch>=2.0->-r requirements-cluster.txt (line 13)) (83.0.0+computecanada)
Processing /cvmfs/soft.computecanada.ca/custom/python/wheelhouse/generic/sympy-1.14.0+computecanada-py3-none-any.whl (from torch>=2.0->-r requirements-cluster.txt (line 13))
Processing /cvmfs/soft.computecanada.ca/custom/python/wheelhouse/generic/networkx-3.6.1+computecanada-py3-none-any.whl (from torch>=2.0->-r requirements-cluster.txt (line 13))
Processing /cvmfs/soft.computecanada.ca/custom/python/wheelhouse/generic/jinja2-3.1.6+computecanada-py3-none-any.whl (from torch>=2.0->-r requirements-cluster.txt (line 13))
Processing /cvmfs/soft.computecanada.ca/custom/python/wheelhouse/generic/fsspec-2026.7.0+computecanada-py3-none-any.whl (from torch>=2.0->-r requirements-cluster.txt (line 13))
Processing /cvmfs/soft.computecanada.ca/custom/python/wheelhouse/gentoo2023/x86-64-v3/Pillow_SIMD-9.5.0.post2+computecanada-cp311-cp311-linux_x86_64.whl (from torchvision>=0.15->-r requirements-cluster.txt (line 14))
Processing /cvmfs/soft.computecanada.ca/custom/python/wheelhouse/gentoo2023/generic/contourpy-1.3.3+computecanada-cp311-cp311-linux_x86_64.whl (from matplotlib>=3.7->-r requirements-cluster.txt (line 16))
Processing /cvmfs/soft.computecanada.ca/custom/python/wheelhouse/generic/cycler-0.12.1+computecanada-py3-none-any.whl (from matplotlib>=3.7->-r requirements-cluster.txt (line 16))
Processing /cvmfs/soft.computecanada.ca/custom/python/wheelhouse/generic/fonttools-4.64.0+computecanada-cp311-cp311-linux_x86_64.whl (from matplotlib>=3.7->-r requirements-cluster.txt (line 16))
Processing /cvmfs/soft.computecanada.ca/custom/python/wheelhouse/generic/kiwisolver-1.4.9+computecanada-cp311-cp311-linux_x86_64.whl (from matplotlib>=3.7->-r requirements-cluster.txt (line 16))
Processing /cvmfs/soft.computecanada.ca/custom/python/wheelhouse/generic/packaging-26.3+computecanada-py3-none-any.whl (from matplotlib>=3.7->-r requirements-cluster.txt (line 16))
Processing /cvmfs/soft.computecanada.ca/custom/python/wheelhouse/gentoo2023/x86-64-v3/pillow-12.1.0+computecanada-cp311-cp311-linux_x86_64.whl (from matplotlib>=3.7->-r requirements-cluster.txt (line 16))
Processing /cvmfs/soft.computecanada.ca/custom/python/wheelhouse/generic/pyparsing-3.3.2+computecanada-py3-none-any.whl (from matplotlib>=3.7->-r requirements-cluster.txt (line 16))
Processing /cvmfs/soft.computecanada.ca/custom/python/wheelhouse/generic/python_dateutil-2.9.0.post0+computecanada-py2.py3-none-any.whl (from matplotlib>=3.7->-r requirements-cluster.txt (line 16))
Processing /cvmfs/soft.computecanada.ca/custom/python/wheelhouse/generic/six-1.17.0+computecanada-py2.py3-none-any.whl (from python-dateutil>=2.7->matplotlib>=3.7->-r requirements-cluster.txt (line 16))
Processing /cvmfs/soft.computecanada.ca/custom/python/wheelhouse/generic/mpmath-1.3.0+computecanada-py3-none-any.whl (from sympy>=1.13.3->torch>=2.0->-r requirements-cluster.txt (line 13))
Processing /cvmfs/soft.computecanada.ca/custom/python/wheelhouse/generic/markupsafe-3.0.3+computecanada-cp311-cp311-linux_x86_64.whl (from jinja2->torch>=2.0->-r requirements-cluster.txt (line 13))
Installing collected packages: mpmath, typing-extensions, sympy, six, pyparsing, pillow-simd, pillow, packaging, numpy, networkx, MarkupSafe, kiwisolver, fsspec, fonttools, filelock, cycler, python-dateutil, jinja2, contourpy, torch, matplotlib, torchvision

Successfully installed MarkupSafe-3.0.3+computecanada contourpy-1.3.3+computecanada cycler-0.12.1+computecanada filelock-3.31.1+computecanada fonttools-4.64.0+computecanada fsspec-2026.7.0+computecanada jinja2-3.1.6+computecanada kiwisolver-1.4.9+computecanada matplotlib-3.11.1+computecanada mpmath-1.3.0+computecanada networkx-3.6.1+computecanada numpy-2.4.2+computecanada packaging-26.3+computecanada pillow-12.1.0+computecanada pillow-simd-9.5.0.post2+computecanada pyparsing-3.3.2+computecanada python-dateutil-2.9.0.post0+computecanada six-1.17.0+computecanada sympy-1.14.0+computecanada torch-2.14.0+computecanada torchvision-0.29.0+computecanada typing-extensions-4.16.0+computecanada
/localscratch/blgr.20676198.0/env/lib/python3.11/site-packages/torchvision/datasets/cifar.py:83: VisibleDeprecationWarning: dtype(): align should be passed as Python or NumPy boolean but got `align=0`. Did you mean to pass a tuple to create a subarray type? (Deprecated NumPy 2.4)
  entry = pickle.load(f, encoding="latin1")
model=vit_small arms=['kfac'] device=cuda lr=0.001 baseline_lr=0.0001 wd=0.01 decoupled_wd=True conv_sua=False fisher_batch_samples=None
[kfac] budget=988.4s max_epochs=150 device=cuda
sys:1: UserWarning: Full backward hook is firing when gradients are computed with respect to module outputs since no inputs require gradients. See https://docs.pytorch.org/docs/main/generated/torch.nn.Module.html#torch.nn.Module.register_full_backward_hook for more details.
  epoch   0 | steps    351 |     21.7s | train 1.9979 | val_acc 28.12% | lr 9.99e-04
  epoch   1 | steps    702 |     42.0s | train 1.8683 | val_acc 34.60% | lr 9.96e-04
  epoch   2 | steps   1053 |     62.0s | train 1.7469 | val_acc 38.26% | lr 9.91e-04
  epoch   3 | steps   1404 |     82.3s | train 1.6675 | val_acc 42.04% | lr 9.84e-04
  epoch   4 | steps   1755 |    102.4s | train 1.6095 | val_acc 43.82% | lr 9.76e-04
  epoch   5 | steps   2106 |    122.6s | train 1.5645 | val_acc 42.38% | lr 9.65e-04
  epoch   6 | steps   2457 |    142.8s | train 1.5270 | val_acc 49.36% | lr 9.52e-04
  epoch   7 | steps   2808 |    163.0s | train 1.4816 | val_acc 47.24% | lr 9.38e-04
  epoch   8 | steps   3159 |    183.1s | train 1.4464 | val_acc 49.30% | lr 9.22e-04
  epoch   9 | steps   3510 |    203.3s | train 1.4241 | val_acc 48.02% | lr 9.05e-04
  epoch  10 | steps   3861 |    223.4s | train 1.3970 | val_acc 51.22% | lr 8.85e-04
  epoch  11 | steps   4212 |    243.6s | train 1.3696 | val_acc 53.30% | lr 8.64e-04
  epoch  12 | steps   4563 |    263.7s | train 1.3431 | val_acc 53.64% | lr 8.42e-04
  epoch  13 | steps   4914 |    283.9s | train 1.3250 | val_acc 55.04% | lr 8.19e-04
  epoch  14 | steps   5265 |    304.0s | train 1.3087 | val_acc 54.84% | lr 7.94e-04
  epoch  15 | steps   5616 |    324.2s | train 1.2806 | val_acc 56.12% | lr 7.68e-04
  epoch  16 | steps   5967 |    344.2s | train 1.2742 | val_acc 56.80% | lr 7.41e-04
  epoch  17 | steps   6318 |    364.4s | train 1.2514 | val_acc 55.32% | lr 7.13e-04
  epoch  18 | steps   6669 |    384.5s | train 1.2359 | val_acc 57.76% | lr 6.84e-04
  epoch  19 | steps   7020 |    404.7s | train 1.2187 | val_acc 58.08% | lr 6.55e-04
  epoch  20 | steps   7371 |    424.9s | train 1.2035 | val_acc 59.92% | lr 6.24e-04
  epoch  21 | steps   7722 |    446.0s | train 1.1956 | val_acc 58.74% | lr 5.94e-04
  epoch  22 | steps   8073 |    466.3s | train 1.1708 | val_acc 60.84% | lr 5.63e-04
  epoch  23 | steps   8424 |    486.7s | train 1.1580 | val_acc 59.84% | lr 5.31e-04
  epoch  24 | steps   8775 |    506.9s | train 1.1529 | val_acc 60.60% | lr 5.00e-04
  epoch  25 | steps   9126 |    527.2s | train 1.1335 | val_acc 61.54% | lr 4.69e-04
  epoch  26 | steps   9477 |    547.4s | train 1.1229 | val_acc 62.26% | lr 4.37e-04
  epoch  27 | steps   9828 |    567.8s | train 1.1115 | val_acc 62.74% | lr 4.06e-04
  epoch  28 | steps  10179 |    588.0s | train 1.0946 | val_acc 62.32% | lr 3.76e-04
  epoch  29 | steps  10530 |    608.4s | train 1.0873 | val_acc 64.20% | lr 3.45e-04
  epoch  30 | steps  10881 |    628.6s | train 1.0793 | val_acc 64.52% | lr 3.16e-04
  epoch  31 | steps  11232 |    649.0s | train 1.0692 | val_acc 64.38% | lr 2.87e-04
  epoch  32 | steps  11583 |    669.2s | train 1.0518 | val_acc 64.14% | lr 2.59e-04
  epoch  33 | steps  11934 |    689.6s | train 1.0410 | val_acc 64.22% | lr 2.32e-04
  epoch  34 | steps  12285 |    709.8s | train 1.0337 | val_acc 64.68% | lr 2.06e-04
  epoch  35 | steps  12636 |    730.1s | train 1.0211 | val_acc 64.84% | lr 1.81e-04
  epoch  36 | steps  12987 |    750.3s | train 1.0105 | val_acc 64.48% | lr 1.58e-04
  epoch  37 | steps  13338 |    770.7s | train 1.0090 | val_acc 66.60% | lr 1.36e-04
  epoch  38 | steps  13689 |    791.0s | train 0.9958 | val_acc 66.08% | lr 1.15e-04
  epoch  39 | steps  14040 |    811.4s | train 0.9928 | val_acc 65.96% | lr 9.55e-05
  epoch  40 | steps  14391 |    831.6s | train 0.9782 | val_acc 66.94% | lr 7.78e-05
  epoch  41 | steps  14742 |    852.0s | train 0.9764 | val_acc 66.52% | lr 6.18e-05
  epoch  42 | steps  15093 |    872.2s | train 0.9635 | val_acc 66.80% | lr 4.76e-05
  epoch  43 | steps  15444 |    892.6s | train 0.9562 | val_acc 67.32% | lr 3.51e-05
  epoch  44 | steps  15795 |    912.8s | train 0.9528 | val_acc 67.06% | lr 2.45e-05
  epoch  45 | steps  16146 |    933.2s | train 0.9502 | val_acc 66.92% | lr 1.57e-05
  epoch  46 | steps  16497 |    953.4s | train 0.9431 | val_acc 67.30% | lr 8.86e-06
  epoch  47 | steps  16848 |    973.7s | train 0.9425 | val_acc 67.46% | lr 3.94e-06
  epoch  48 | steps  17104 |    988.5s | train 0.9455 | val_acc 67.46% | lr 3.94e-06
[kfac] done: 17104 steps, 49 epochs, test_acc=67.08%

| arm | steps | epochs | final train loss | best val acc | test acc | median fwd+bwd | median step | step/fwd+bwd | total wall-clock |
|---|---|---|---|---|---|---|---|---|---|
| kfac | 17104 | 49 | 0.9320 | 67.46% | 67.08% | 51.20 ms | 4.38 ms | 0.09x | 988.5s |

plots written to /home/blgr/new_adafisher/benchmarks/outputs/lot8_cifar10/vit_small/kfac
